outputs/pricing/split_003/frac_0p5/synthetic_d2_train.csv
date,article_id,offer_price,demand,P001,P002,P003,P004,P005,P006,P007,P008,P009,P010,P011,P012,P013,P014,P015,P016,P017,P018,P019,P020,P021,P022,P023,P024,P025,P026,P027,P028,P029,P030,P031,P032,P033,P034,P035,P036,P037,P038,P039,P040,P041,P042,P043,P044,P045,P046,P047,P048,P049,P050,observed_demand,ground_truth_purchase_prob
2018-10-03,399136011,44.99,1,0.1,0.02,0.06,0.003,0.01,0.08,0.03,0.003,0.01,0.08,0.03,0.02,0.04,0.03,0.05,0.001,0.005,0.05,0.02,0.002,0.03,0.02,0.01,0.005,0.01,0.05,0.002,0.03,0.01,0.04,0.005,0.002,0.01,0.002,0.002,0.003,0.03,0.04,0.001,0.01,0.003,0.005,0.04,0.005,0.005,0.003,0.005,0.01,0.005,0.002,1,0.004782687267347598
2018-10-16,399136011,39.99,5,0.15,0.04,0.12,0.01,0.03,0.12,0.05,0.01,0.03,0.12,0.06,0.05,0.06,0.06,0.1,0.003,0.008,0.1,0.04,0.005,0.06,0.04,0.02,0.02,0.03,0.1,0.005,0.06,0.02,0.08,0.02,0.005,0.03,0.01,0.005,0.01,0.06,0.07,0.003,0.03,0.01,0.02,0.1,0.01,0.02,0.01,0.01,0.02,0.01,0.004,4,0.005572167660439708
2018-10-20,399136011,49.99,2,0.06,0.01,0.03,0.002,0.005,0.06,0.02,0.001,0.005,0.06,0.02,0.01,0.02,0.02,0.03,0.001,0.003,0.03,0.01,0.001,0.02,0.01,0.005,0.003,0.005,0.03,0.001,0.02,0.005,0.02,0.002,0.001,0.005,0.001,0.001,0.001,0.02,0.03,0.001,0.005,0.002,0.003,0.02,0.002,0.002,0.002,0.003,0.005,0.003,0.001,7,0.00418198175212597
2018-10-31,399136011,49.99,1,0.06,0.01,0.03,0.002,0.005,0.06,0.02,0.001,0.005,0.06,0.02,0.01,0.02,0.02,0.03,0.001,0.003,0.03,0.01,0.001,0.02,0.01,0.005,0.003,0.005,0.03,0.001,0.02,0.005,0.02,0.002,0.001,0.005,0.001,0.001,0.001,0.02,0.03,0.001,0.005,0.002,0.003,0.02,0.002,0.002,0.002,0.003,0.005,0.003,0.001,1,0.00418198175212597
2018-11-12,399136011,44.99,0,0.1,0.02,0.06,0.003,0.01,0.08,0.03,0.003,0.01,0.08,0.03,0.02,0.04,0.03,0.05,0.001,0.005,0.05,0.02,0.002,0.03,0.02,0.01,0.005,0.01,0.05,0.002,0.03,0.01,0.04,0.005,0.002,0.01,0.002,0.002,0.003,0.03,0.04,0.001,0.01,0.003,0.005,0.04,0.005,0.005,0.003,0.005,0.01,0.005,0.002,1,0.004782687267347598
2018-11-15,399136011,34.99,3,0.3,0.06,0.25,0.02,0.07,0.2,0.08,0.03,0.06,0.22,0.1,0.1,0.12,0.12,0.18,0.005,0.01,0.18,0.06,0.01,0.12,0.06,0.04,0.04,0.05,0.18,0.02,0.12,0.03,0.18,0.04,0.01,0.05,0.02,0.01,0.02,0.12,0.12,0.005,0.08,0.02,0.03,0.18,0.02,0.03,0.03,0.02,0.03,0.02,0.007,4,0.006180858853026783
2018-11-16,399136011,34.99,1,0.3,0.06,0.25,0.02,0.07,0.2,0.08,0.03,0.06,0.22,0.1,0.1,0.12,0.12,0.18,0.005,0.01,0.18,0.06,0.01,0.12,0.06,0.04,0.04,0.05,0.18,0.02,0.12,0.03,0.18,0.04,0.01,0.05,0.02,0.01,0.02,0.12,0.12,0.005,0.08,0.02,0.03,0.18,0.02,0.03,0.03,0.02,0.03,0.02,0.007,8,0.006180858853026783
2018-11-26,399136011,44.99,1,0.1,0.02,0.06,0.003,0.01,0.08,0.03,0.003,0.01,0.08,0.03,0.02,0.04,0.03,0.05,0.001,0.005,0.05,0.02,0.002,0.03,0.02,0.01,0.005,0.01,0.05,0.002,0.03,0.01,0.04,0.005,0.002,0.01,0.002,0.002,0.003,0.03,0.04,0.001,0.01,0.003,0.005,0.04,0.005,0.005,0.003,0.005,0.01,0.005,0.002,1,0.004782687267347598
2018-12-12,399136011,42.49,4,0.12,0.03,0.08,0.005,0.02,0.1,0.04,0.005,0.02,0.1,0.04,0.03,0.05,0.04,0.07,0.002,0.006,0.07,0.03,0.003,0.04,0.03,0.015,0.01,0.02,0.07,0.003,0.04,0.01,0.06,0.01,0.003,0.02,0.005,0.003,0.005,0.04,0.05,0.002,0.02,0.005,0.01,0.06,0.008,0.01,0.005,0.01,0.01,0.007,0.003,1,0.005232889376573683
2018-12-13,399136011,49.99,1,0.06,0.01,0.03,0.002,0.005,0.06,0.02,0.001,0.005,0.06,0.02,0.01,0.02,0.02,0.03,0.001,0.003,0.03,0.01,0.001,0.02,0.01,0.005,0.003,0.005,0.03,0.001,0.02,0.005,0.02,0.002,0.001,0.005,0.001,0.001,0.001,0.02,0.03,0.001,0.005,0.002,0.003,0.02,0.002,0.002,0.002,0.003,0.005,0.003,0.001,2,0.00418198175212597
2018-12-30,399136011,49.99,1,0.06,0.01,0.03,0.002,0.005,0.06,0.02,0.001,0.005,0.06,0.02,0.01,0.02,0.02,0.03,0.001,0.003,0.03,0.01,0.001,0.02,0.01,0.005,0.003,0.005,0.03,0.001,0.02,0.005,0.02,0.002,0.001,0.005,0.001,0.001,0.001,0.02,0.03,0.001,0.005,0.002,0.003,0.02,0.002,0.002,0.002,0.003,0.005,0.003,0.001,3,0.00418198175212597
2019-01-09,399136011,42.49,2,0.12,0.03,0.08,0.005,0.02,0.1,0.04,0.005,0.02,0.1,0.04,0.03,0.05,0.04,0.07,0.002,0.006,0.07,0.03,0.003,0.04,0.03,0.015,0.01,0.02,0.07,0.003,0.04,0.01,0.06,0.01,0.003,0.02,0.005,0.003,0.005,0.04,0.05,0.002,0.02,0.005,0.01,0.06,0.008,0.01,0.005,0.01,0.01,0.007,0.003,1,0.005232889376573683
2019-01-14,399136011,44.99,1,0.1,0.02,0.06,0.003,0.01,0.08,0.03,0.003,0.01,0.08,0.03,0.02,0.04,0.03,0.05,0.001,0.005,0.05,0.02,0.002,0.03,0.02,0.01,0.005,0.01,0.05,0.002,0.03,0.01,0.04,0.005,0.002,0.01,0.002,0.002,0.003,0.03,0.04,0.001,0.01,0.003,0.005,0.04,0.005,0.005,0.003,0.005,0.01,0.005,0.002,2,0.004782687267347598
2019-01-30,399136011,42.49,2,0.12,0.03,0.08,0.005,0.02,0.1,0.04,0.005,0.02,0.1,0.04,0.03,0.05,0.04,0.07,0.002,0.006,0.07,0.03,0.003,0.04,0.03,0.015,0.01,0.02,0.07,0.003,0.04,0.01,0.06,0.01,0.003,0.02,0.005,0.003,0.005,0.04,0.05,0.002,0.02,0.005,0.01,0.06,0.008,0.01,0.005,0.01,0.01,0.007,0.003,1,0.005232889376573683
2019-02-05,399136011,49.99,1,0.06,0.01,0.03,0.002,0.005,0.06,0.02,0.001,0.005,0.06,0.02,0.01,0.02,0.02,0.03,0.001,0.003,0.03,0.01,0.001,0.02,0.01,0.005,0.003,0.005,0.03,0.001,0.02,0.005,0.02,0.002,0.001,0.005,0.001,0.001,0.001,0.02,0.03,0.001,0.005,0.002,0.003,0.02,0.002,0.002,0.002,0.003,0.005,0.003,0.001,3,0.00418198175212597
2019-02-21,399136011,42.49,2,0.12,0.03,0.08,0.005,0.02,0.1,0.04,0.005,0.02,0.1,0.04,0.03,0.05,0.04,0.07,0.002,0.006,0.07,0.03,0.003,0.04,0.03,0.015,0.01,0.02,0.07,0.003,0.04,0.01,0.06,0.01,0.003,0.02,0.005,0.003,0.005,0.04,0.05,0.002,0.02,0.005,0.01,0.06,0.008,0.01,0.005,0.01,0.01,0.007,0.003,4,0.005232889376573683
2019-03-04,399136011,49.99,0,0.06,0.01,0.03,0.002,0.005,0.06,0.02,0.001,0.005,0.06,0.02,0.01,0.02,0.02,0.03,0.001,0.003,0.03,0.01,0.001,0.02,0.01,0.005,0.003,0.005,0.03,0.001,0.02,0.005,0.02,0.002,0.001,0.005,0.001,0.001,0.001,0.02,0.03,0.001,0.005,0.002,0.003,0.02,0.002,0.002,0.002,0.003,0.005,0.003,0.001,1,0.00418198175212597
2019-03-08,399136011,49.99,4,0.06,0.01,0.03,0.002,0.005,0.06,0.02,0.001,0.005,0.06,0.02,0.01,0.02,0.02,0.03,0.001,0.003,0.03,0.01,0.001,0.02,0.01,0.005,0.003,0.005,0.03,0.001,0.02,0.005,0.02,0.002,0.001,0.005,0.001,0.001,0.001,0.02,0.03,0.001,0.005,0.002,0.003,0.02,0.002,0.002,0.002,0.003,0.005,0.003,0.001,4,0.00418198175212597
2019-03-12,399136011,49.99,2,0.06,0.01,0.03,0.002,0.005,0.06,0.02,0.001,0.005,0.06,0.02,0.01,0.02,0.02,0.03,0.001,0.003,0.03,0.01,0.001,0.02,0.01,0.005,0.003,0.005,0.03,0.001,0.02,0.005,0.02,0.002,0.001,0.005,0.001,0.001,0.001,0.02,0.03,0.001,0.005,0.002,0.003,0.02,0.002,0.002,0.002,0.003,0.005,0.003,0.001,1,0.00418198175212597
2019-03-14,399136011,49.99,1,0.06,0.01,0.03,0.002,0.005,0.06,0.02,0.001,0.005,0.06,0.02,0.01,0.02,0.02,0.03,0.001,0.003,0.03,0.01,0.001,0.02,0.01,0.005,0.003,0.005,0.03,0.001,0.02,0.005,0.02,0.002,0.001,0.005,0.001,0.001,0.001,0.02,0.03,0.001,0.005,0.002,0.003,0.02,0.002,0.002,0.002,0.003,0.005,0.003,0.001,1,0.00418198175212597
2019-03-17,399136011,49.99,1,0.06,0.01,0.03,0.002,0.005,0.06,0.02,0.001,0.005,0.06,0.02,0.01,0.02,0.02,0.03,0.001,0.003,0.03,0.01,0.001,0.02,0.01,0.005,0.003,0.005,0.03,0.001,0.02,0.005,0.02,0.002,0.001,0.005,0.001,0.001,0.001,0.02,0.03,0.001,0.005,0.002,0.003,0.02,0.002,0.002,0.002,0.003,0.005,0.003,0.001,1,0.00418198175212597
2019-03-19,399136011,49.99,0,0.06,0.01,0.03,0.002,0.005,0.06,0.02,0.001,0.005,0.06,0.02,0.01,0.02,0.02,0.03,0.001,0.003,0.03,0.01,0.001,0.02,0.01,0.005,0.003,0.005,0.03,0.001,0.02,0.005,0.02,0.002,0.001,0.005,0.001,0.001,0.001,0.02,0.03,0.001,0.005,0.002,0.003,0.02,0.002,0.002,0.002,0.003,0.005,0.003,0.001,1,0.00418198175212597
2019-03-27,399136011,49.99,1,0.06,0.01,0.03,0.002,0.005,0.06,0.02,0.001,0.005,0.06,0.02,0.01,0.02,0.02,0.03,0.001,0.003,0.03,0.01,0.001,0.02,0.01,0.005,0.003,0.005,0.03,0.001,0.02,0.005,0.02,0.002,0.001,0.005,0.001,0.001,0.001,0.02,0.03,0.001,0.005,0.002,0.003,0.02,0.002,0.002,0.002,0.003,0.005,0.003,0.001,5,0.00418198175212597
2019-04-22,399136011,49.99,2,0.06,0.01,0.03,0.002,0.005,0.06,0.02,0.001,0.005,0.06,0.02,0.01,0.02,0.02,0.03,0.001,0.003,0.03,0.01,0.001,0.02,0.01,0.005,0.003,0.005,0.03,0.001,0.02,0.005,0.02,0.002,0.001,0.005,0.001,0.001,0.001,0.02,0.03,0.001,0.005,0.002,0.003,0.02,0.002,0.002,0.002,0.003,0.005,0.003,0.001,1,0.00418198175212597
2019-04-25,399136011,49.99,0,0.06,0.01,0.03,0.002,0.005,0.06,0.02,0.001,0.005,0.06,0.02,0.01,0.02,0.02,0.03,0.001,0.003,0.03,0.01,0.001,0.02,0.01,0.005,0.003,0.005,0.03,0.001,0.02,0.005,0.02,0.002,0.001,0.005,0.001,0.001,0.001,0.02,0.03,0.001,0.005,0.002,0.003,0.02,0.002,0.002,0.002,0.003,0.005,0.003,0.001,2,0.00418198175212597
2019-04-28,399136011,44.99,1,0.1,0.02,0.06,0.003,0.01,0.08,0.03,0.003,0.01,0.08,0.03,0.02,0.04,0.03,0.05,0.001,0.005,0.05,0.02,0.002,0.03,0.02,0.01,0.005,0.01,0.05,0.002,0.03,0.01,0.04,0.005,0.002,0.01,0.002,0.002,0.003,0.03,0.04,0.001,0.01,0.003,0.005,0.04,0.005,0.005,0.003,0.005,0.01,0.005,0.002,1,0.004782687267347598
2019-05-09,399136011,49.99,4,0.06,0.01,0.03,0.002,0.005,0.06,0.02,0.001,0.005,0.06,0.02,0.01,0.02,0.02,0.03,0.001,0.003,0.03,0.01,0.001,0.02,0.01,0.005,0.003,0.005,0.03,0.001,0.02,0.005,0.02,0.002,0.001,0.005,0.001,0.001,0.001,0.02,0.03,0.001,0.005,0.002,0.003,0.02,0.002,0.002,0.002,0.003,0.005,0.003,0.001,1,0.00418198175212597
2019-05-11,399136011,49.99,0,0.06,0.01,0.03,0.002,0.005,0.06,0.02,0.001,0.005,0.06,0.02,0.01,0.02,0.02,0.03,0.001,0.003,0.03,0.01,0.001,0.02,0.01,0.005,0.003,0.005,0.03,0.001,0.02,0.005,0.02,0.002,0.001,0.005,0.001,0.001,0.001,0.02,0.03,0.001,0.005,0.002,0.003,0.02,0.002,0.002,0.002,0.003,0.005,0.003,0.001,1,0.00418198175212597
2019-05-22,399136011,49.99,1,0.06,0.01,0.03,0.002,0.005,0.06,0.02,0.001,0.005,0.06,0.02,0.01,0.02,0.02,0.03,0.001,0.003,0.03,0.01,0.001,0.02,0.01,0.005,0.003,0.005,0.03,0.001,0.02,0.005,0.02,0.002,0.001,0.005,0.001,0.001,0.001,0.02,0.03,0.001,0.005,0.002,0.003,0.02,0.002,0.002,0.002,0.003,0.005,0.003,0.001,4,0.00418198175212597
2019-06-03,399136011,44.99,0,0.1,0.02,0.06,0.003,0.01,0.08,0.03,0.003,0.01,0.08,0.03,0.02,0.04,0.03,0.05,0.001,0.005,0.05,0.02,0.002,0.03,0.02,0.01,0.005,0.01,0.05,0.002,0.03,0.01,0.04,0.005,0.002,0.01,0.002,0.002,0.003,0.03,0.04,0.001,0.01,0.003,0.005,0.04,0.005,0.005,0.003,0.005,0.01,0.005,0.002,1,0.004782687267347598
2019-06-14,399136011,49.99,1,0.06,0.01,0.03,0.002,0.005,0.06,0.02,0.001,0.005,0.06,0.02,0.01,0.02,0.02,0.03,0.001,0.003,0.03,0.01,0.001,0.02,0.01,0.005,0.003,0.005,0.03,0.001,0.02,0.005,0.02,0.002,0.001,0.005,0.001,0.001,0.001,0.02,0.03,0.001,0.005,0.002,0.003,0.02,0.002,0.002,0.002,0.003,0.005,0.003,0.001,3,0.00418198175212597
2019-06-29,399136011,49.99,1,0.06,0.01,0.03,0.002,0.005,0.06,0.02,0.001,0.005,0.06,0.02,0.01,0.02,0.02,0.03,0.001,0.003,0.03,0.01,0.001,0.02,0.01,0.005,0.003,0.005,0.03,0.001,0.02,0.005,0.02,0.002,0.001,0.005,0.001,0.001,0.001,0.02,0.03,0.001,0.005,0.002,0.003,0.02,0.002,0.002,0.002,0.003,0.005,0.003,0.001,1,0.00418198175212597
2019-07-30,399136011,22.99,3,0.72,0.22,0.75,0.08,0.2,0.66,0.4,0.12,0.15,0.75,0.28,0.24,0.55,0.55,0.5,0.02,0.03,0.55,0.2,0.03,0.48,0.24,0.12,0.13,0.3,0.7,0.07,0.45,0.06,0.65,0.12,0.04,0.12,0.08,0.04,0.06,0.45,0.3,0.02,0.58,0.06,0.07,0.68,0.07,0.12,0.12,0.05,0.06,0.04,0.02,1,0.008796729414181203
2019-08-01,399136011,49.99,2,0.06,0.01,0.03,0.002,0.005,0.06,0.02,0.001,0.005,0.06,0.02,0.01,0.02,0.02,0.03,0.001,0.003,0.03,0.01,0.001,0.02,0.01,0.005,0.003,0.005,0.03,0.001,0.02,0.005,0.02,0.002,0.001,0.005,0.001,0.001,0.001,0.02,0.03,0.001,0.005,0.002,0.003,0.02,0.002,0.002,0.002,0.003,0.005,0.003,0.001,1,0.00418198175212597
2019-08-08,399136011,49.99,0,0.06,0.01,0.03,0.002,0.005,0.06,0.02,0.001,0.005,0.06,0.02,0.01,0.02,0.02,0.03,0.001,0.003,0.03,0.01,0.001,0.02,0.01,0.005,0.003,0.005,0.03,0.001,0.02,0.005,0.02,0.002,0.001,0.005,0.001,0.001,0.001,0.02,0.03,0.001,0.005,0.002,0.003,0.02,0.002,0.002,0.002,0.003,0.005,0.003,0.001,1,0.00418198175212597
2019-08-13,399136011,49.99,1,0.06,0.01,0.03,0.002,0.005,0.06,0.02,0.001,0.005,0.06,0.02,0.01,0.02,0.02,0.03,0.001,0.003,0.03,0.01,0.001,0.02,0.01,0.005,0.003,0.005,0.03,0.001,0.02,0.005,0.02,0.002,0.001,0.005,0.001,0.001,0.001,0.02,0.03,0.001,0.005,0.002,0.003,0.02,0.002,0.002,0.002,0.003,0.005,0.003,0.001,1,0.00418198175212597
2019-08-18,399136011,13.8,3,0.82,0.76,0.56,0.4,0.68,0.56,0.23,0.75,0.45,0.56,0.4,0.24,0.38,0.22,0.65,0.08,0.1,0.65,0.11,0.1,0.24,0.11,0.6,0.68,0.4,0.48,0.45,0.36,0.25,0.5,0.68,0.3,0.55,0.6,0.22,0.3,0.85,0.25,0.1,0.48,0.3,0.22,0.5,0.3,0.6,0.78,0.18,0.3,0.11,0.09,1,0.007838581300568363
2019-08-21,399136011,49.99,2,0.06,0.01,0.03,0.002,0.005,0.06,0.02,0.001,0.005,0.06,0.02,0.01,0.02,0.02,0.03,0.001,0.003,0.03,0.01,0.001,0.02,0.01,0.005,0.003,0.005,0.03,0.001,0.02,0.005,0.02,0.002,0.001,0.005,0.001,0.001,0.001,0.02,0.03,0.001,0.005,0.002,0.003,0.02,0.002,0.002,0.002,0.003,0.005,0.003,0.001,1,0.00418198175212597
2019-08-25,399136011,22.99,1,0.72,0.22,0.75,0.08,0.2,0.66,0.4,0.12,0.15,0.75,0.28,0.24,0.55,0.55,0.5,0.02,0.03,0.55,0.2,0.03,0.48,0.24,0.12,0.13,0.3,0.7,0.07,0.45,0.06,0.65,0.12,0.04,0.12,0.08,0.04,0.06,0.45,0.3,0.02,0.58,0.06,0.07,0.68,0.07,0.12,0.12,0.05,0.06,0.04,0.02,1,0.008796729414181203
2019-09-08,399136011,49.99,0,0.06,0.01,0.03,0.002,0.005,0.06,0.02,0.001,0.005,0.06,0.02,0.01,0.02,0.02,0.03,0.001,0.003,0.03,0.01,0.001,0.02,0.01,0.005,0.003,0.005,0.03,0.001,0.02,0.005,0.02,0.002,0.001,0.005,0.001,0.001,0.001,0.02,0.03,0.001,0.005,0.002,0.003,0.02,0.002,0.002,0.002,0.003,0.005,0.003,0.001,1,0.00418198175212597
2018-10-01,399201023,49.99,0,0.01,0.002,0.01,0.006,0.005,0.02,0.01,0.01,0.005,0.03,0.01,0.01,0.02,0.04,0.05,0.003,0.01,0.02,0.005,0.008,0.01,0.02,0.002,0.01,0.005,0.002,0.01,0.01,0.005,0.01,0.02,0.003,0.005,0.01,0.03,0.002,0.01,0.02,0.005,0.005,0.005,0.01,0.02,0.004,0.01,0.005,0.005,0.004,0.003,0.001,1,0.003926393414917951
2018-10-11,399201023,39.99,2,0.05,0.02,0.06,0.03,0.03,0.05,0.05,0.04,0.02,0.12,0.03,0.05,0.09,0.22,0.15,0.01,0.03,0.1,0.03,0.02,0.03,0.05,0.01,0.03,0.02,0.02,0.06,0.04,0.03,0.04,0.05,0.015,0.03,0.04,0.1,0.015,0.02,0.05,0.03,0.03,0.02,0.04,0.08,0.02,0.04,0.025,0.015,0.015,0.01,0.008,5,0.005363767987436245
2018-10-12,399201023,39.99,3,0.05,0.02,0.06,0.03,0.03,0.05,0.05,0.04,0.02,0.12,0.03,0.05,0.09,0.22,0.15,0.01,0.03,0.1,0.03,0.02,0.03,0.05,0.01,0.03,0.02,0.02,0.06,0.04,0.03,0.04,0.05,0.015,0.03,0.04,0.1,0.015,0.02,0.05,0.03,0.03,0.02,0.04,0.08,0.02,0.04,0.025,0.015,0.015,0.01,0.008,6,0.005363767987436245
2018-10-14,399201023,39.99,4,0.05,0.02,0.06,0.03,0.03,0.05,0.05,0.04,0.02,0.12,0.03,0.05,0.09,0.22,0.15,0.01,0.03,0.1,0.03,0.02,0.03,0.05,0.01,0.03,0.02,0.02,0.06,0.04,0.03,0.04,0.05,0.015,0.03,0.04,0.1,0.015,0.02,0.05,0.03,0.03,0.02,0.04,0.08,0.02,0.04,0.025,0.015,0.015,0.01,0.008,2,0.005363767987436245
2018-10-22,399201023,49.99,2,0.01,0.002,0.01,0.006,0.005,0.02,0.01,0.01,0.005,0.03,0.01,0.01,0.02,0.04,0.05,0.003,0.01,0.02,0.005,0.008,0.01,0.02,0.002,0.01,0.005,0.002,0.01,0.01,0.005,0.01,0.02,0.003,0.005,0.01,0.03,0.002,0.01,0.02,0.005,0.005,0.005,0.01,0.02,0.004,0.01,0.005,0.005,0.004,0.003,0.001,2,0.003926393414917951
2018-11-08,399201023,49.99,1,0.01,0.002,0.01,0.006,0.005,0.02,0.01,0.01,0.005,0.03,0.01,0.01,0.02,0.04,0.05,0.003,0.01,0.02,0.005,0.008,0.01,0.02,0.002,0.01,0.005,0.002,0.01,0.01,0.005,0.01,0.02,0.003,0.005,0.01,0.03,0.002,0.01,0.02,0.005,0.005,0.005,0.01,0.02,0.004,0.01,0.005,0.005,0.004,0.003,0.001,4,0.003926393414917951
2018-11-12,399201023,44.99,2,0.03,0.005,0.03,0.015,0.015,0.03,0.02,0.02,0.01,0.06,0.02,0.03,0.04,0.1,0.1,0.005,0.02,0.04,0.015,0.012,0.02,0.03,0.005,0.02,0.01,0.005,0.03,0.02,0.015,0.02,0.03,0.008,0.015,0.02,0.06,0.008,0.02,0.03,0.015,0.015,0.01,0.02,0.04,0.007,0.02,0.01,0.008,0.008,0.005,0.003,2,0.004638231022746816
2018-11-13,399201023,44.99,3,0.03,0.005,0.03,0.015,0.015,0.03,0.02,0.02,0.01,0.06,0.02,0.03,0.04,0.1,0.1,0.005,0.02,0.04,0.015,0.012,0.02,0.03,0.005,0.02,0.01,0.005,0.03,0.02,0.015,0.02,0.03,0.008,0.015,0.02,0.06,0.008,0.02,0.03,0.015,0.015,0.01,0.02,0.04,0.007,0.02,0.01,0.008,0.008,0.005,0.003,1,0.004638231022746816
2018-11-19,399201023,29.99,2,0.2,0.09,0.25,0.08,0.1,0.18,0.18,0.12,0.08,0.4,0.12,0.22,0.28,0.6,0.45,0.05,0.08,0.45,0.12,0.06,0.12,0.12,0.05,0.1,0.07,0.12,0.22,0.2,0.12,0.18,0.12,0.06,0.07,0.12,0.22,0.05,0.14,0.12,0.07,0.12,0.07,0.1,0.28,0.07,0.12,0.08,0.05,0.05,0.07,0.04,2,0.007094768880834968
2018-11-29,399201023,49.99,0,0.01,0.002,0.01,0.006,0.005,0.02,0.01,0.01,0.005,0.03,0.01,0.01,0.02,0.04,0.05,0.003,0.01,0.02,0.005,0.008,0.01,0.02,0.002,0.01,0.005,0.002,0.01,0.01,0.005,0.01,0.02,0.003,0.005,0.01,0.03,0.002,0.01,0.02,0.005,0.005,0.005,0.01,0.02,0.004,0.01,0.005,0.005,0.004,0.003,0.001,1,0.003926393414917951
2018-12-06,399201023,39.99,0,0.05,0.02,0.06,0.03,0.03,0.05,0.05,0.04,0.02,0.12,0.03,0.05,0.09,0.22,0.15,0.01,0.03,0.1,0.03,0.02,0.03,0.05,0.01,0.03,0.02,0.02,0.06,0.04,0.03,0.04,0.05,0.015,0.03,0.04,0.1,0.015,0.02,0.05,0.03,0.03,0.02,0.04,0.08,0.02,0.04,0.025,0.015,0.015,0.01,0.008,1,0.005363767987436245
2018-12-12,399201023,49.99,0,0.01,0.002,0.01,0.006,0.005,0.02,0.01,0.01,0.005,0.03,0.01,0.01,0.02,0.04,0.05,0.003,0.01,0.02,0.005,0.008,0.01,0.02,0.002,0.01,0.005,0.002,0.01,0.01,0.005,0.01,0.02,0.003,0.005,0.01,0.03,0.002,0.01,0.02,0.005,0.005,0.005,0.01,0.02,0.004,0.01,0.005,0.005,0.004,0.003,0.001,1,0.003926393414917951
2018-12-20,399201023,49.99,0,0.01,0.002,0.01,0.006,0.005,0.02,0.01,0.01,0.005,0.03,0.01,0.01,0.02,0.04,0.05,0.003,0.01,0.02,0.005,0.008,0.01,0.02,0.002,0.01,0.005,0.002,0.01,0.01,0.005,0.01,0.02,0.003,0.005,0.01,0.03,0.002,0.01,0.02,0.005,0.005,0.005,0.01,0.02,0.004,0.01,0.005,0.005,0.004,0.003,0.001,1,0.003926393414917951
2018-12-26,399201023,49.99,3,0.01,0.002,0.01,0.006,0.005,0.02,0.01,0.01,0.005,0.03,0.01,0.01,0.02,0.04,0.05,0.003,0.01,0.02,0.005,0.008,0.01,0.02,0.002,0.01,0.005,0.002,0.01,0.01,0.005,0.01,0.02,0.003,0.005,0.01,0.03,0.002,0.01,0.02,0.005,0.005,0.005,0.01,0.02,0.004,0.01,0.005,0.005,0.004,0.003,0.001,2,0.003926393414917951
