outputs/pricing/split_003/frac_0p5/synthetic_d2_train.csv
date,article_id,offer_price,demand,P001,P002,P003,P004,P005,P006,P007,P008,P009,P010,P011,P012,P013,P014,P015,P016,P017,P018,P019,P020,P021,P022,P023,P024,P025,P026,P027,P028,P029,P030,P031,P032,P033,P034,P035,P036,P037,P038,P039,P040,P041,P042,P043,P044,P045,P046,P047,P048,P049,P050,observed_demand,ground_truth_purchase_prob
2019-01-04,399201023,49.99,1,0.01,0.002,0.01,0.006,0.005,0.02,0.01,0.01,0.005,0.03,0.01,0.01,0.02,0.04,0.05,0.003,0.01,0.02,0.005,0.008,0.01,0.02,0.002,0.01,0.005,0.002,0.01,0.01,0.005,0.01,0.02,0.003,0.005,0.01,0.03,0.002,0.01,0.02,0.005,0.005,0.005,0.01,0.02,0.004,0.01,0.005,0.005,0.004,0.003,0.001,1,0.003926393414917951
2019-01-05,399201023,49.99,2,0.01,0.002,0.01,0.006,0.005,0.02,0.01,0.01,0.005,0.03,0.01,0.01,0.02,0.04,0.05,0.003,0.01,0.02,0.005,0.008,0.01,0.02,0.002,0.01,0.005,0.002,0.01,0.01,0.005,0.01,0.02,0.003,0.005,0.01,0.03,0.002,0.01,0.02,0.005,0.005,0.005,0.01,0.02,0.004,0.01,0.005,0.005,0.004,0.003,0.001,2,0.003926393414917951
2019-01-13,399201023,49.99,1,0.01,0.002,0.01,0.006,0.005,0.02,0.01,0.01,0.005,0.03,0.01,0.01,0.02,0.04,0.05,0.003,0.01,0.02,0.005,0.008,0.01,0.02,0.002,0.01,0.005,0.002,0.01,0.01,0.005,0.01,0.02,0.003,0.005,0.01,0.03,0.002,0.01,0.02,0.005,0.005,0.005,0.01,0.02,0.004,0.01,0.005,0.005,0.004,0.003,0.001,1,0.003926393414917951
2019-01-17,399201023,44.99,2,0.03,0.005,0.03,0.015,0.015,0.03,0.02,0.02,0.01,0.06,0.02,0.03,0.04,0.1,0.1,0.005,0.02,0.04,0.015,0.012,0.02,0.03,0.005,0.02,0.01,0.005,0.03,0.02,0.015,0.02,0.03,0.008,0.015,0.02,0.06,0.008,0.02,0.03,0.015,0.015,0.01,0.02,0.04,0.007,0.02,0.01,0.008,0.008,0.005,0.003,1,0.004638231022746816
2019-01-18,399201023,49.99,0,0.01,0.002,0.01,0.006,0.005,0.02,0.01,0.01,0.005,0.03,0.01,0.01,0.02,0.04,0.05,0.003,0.01,0.02,0.005,0.008,0.01,0.02,0.002,0.01,0.005,0.002,0.01,0.01,0.005,0.01,0.02,0.003,0.005,0.01,0.03,0.002,0.01,0.02,0.005,0.005,0.005,0.01,0.02,0.004,0.01,0.005,0.005,0.004,0.003,0.001,1,0.003926393414917951
2019-01-19,399201023,49.99,0,0.01,0.002,0.01,0.006,0.005,0.02,0.01,0.01,0.005,0.03,0.01,0.01,0.02,0.04,0.05,0.003,0.01,0.02,0.005,0.008,0.01,0.02,0.002,0.01,0.005,0.002,0.01,0.01,0.005,0.01,0.02,0.003,0.005,0.01,0.03,0.002,0.01,0.02,0.005,0.005,0.005,0.01,0.02,0.004,0.01,0.005,0.005,0.004,0.003,0.001,1,0.003926393414917951
2019-01-21,399201023,49.99,1,0.01,0.002,0.01,0.006,0.005,0.02,0.01,0.01,0.005,0.03,0.01,0.01,0.02,0.04,0.05,0.003,0.01,0.02,0.005,0.008,0.01,0.02,0.002,0.01,0.005,0.002,0.01,0.01,0.005,0.01,0.02,0.003,0.005,0.01,0.03,0.002,0.01,0.02,0.005,0.005,0.005,0.01,0.02,0.004,0.01,0.005,0.005,0.004,0.003,0.001,1,0.003926393414917951
2019-01-23,399201023,44.99,0,0.03,0.005,0.03,0.015,0.015,0.03,0.02,0.02,0.01,0.06,0.02,0.03,0.04,0.1,0.1,0.005,0.02,0.04,0.015,0.012,0.02,0.03,0.005,0.02,0.01,0.005,0.03,0.02,0.015,0.02,0.03,0.008,0.015,0.02,0.06,0.008,0.02,0.03,0.015,0.015,0.01,0.02,0.04,0.007,0.02,0.01,0.008,0.008,0.005,0.003,1,0.004638231022746816
2019-01-24,399201023,44.99,2,0.03,0.005,0.03,0.015,0.015,0.03,0.02,0.02,0.01,0.06,0.02,0.03,0.04,0.1,0.1,0.005,0.02,0.04,0.015,0.012,0.02,0.03,0.005,0.02,0.01,0.005,0.03,0.02,0.015,0.02,0.03,0.008,0.015,0.02,0.06,0.008,0.02,0.03,0.015,0.015,0.01,0.02,0.04,0.007,0.02,0.01,0.008,0.008,0.005,0.003,1,0.004638231022746816
2019-01-30,399201023,44.99,2,0.03,0.005,0.03,0.015,0.015,0.03,0.02,0.02,0.01,0.06,0.02,0.03,0.04,0.1,0.1,0.005,0.02,0.04,0.015,0.012,0.02,0.03,0.005,0.02,0.01,0.005,0.03,0.02,0.015,0.02,0.03,0.008,0.015,0.02,0.06,0.008,0.02,0.03,0.015,0.015,0.01,0.02,0.04,0.007,0.02,0.01,0.008,0.008,0.005,0.003,1,0.004638231022746816
2019-02-02,399201023,49.99,2,0.01,0.002,0.01,0.006,0.005,0.02,0.01,0.01,0.005,0.03,0.01,0.01,0.02,0.04,0.05,0.003,0.01,0.02,0.005,0.008,0.01,0.02,0.002,0.01,0.005,0.002,0.01,0.01,0.005,0.01,0.02,0.003,0.005,0.01,0.03,0.002,0.01,0.02,0.005,0.005,0.005,0.01,0.02,0.004,0.01,0.005,0.005,0.004,0.003,0.001,3,0.003926393414917951
2019-02-06,399201023,49.99,1,0.01,0.002,0.01,0.006,0.005,0.02,0.01,0.01,0.005,0.03,0.01,0.01,0.02,0.04,0.05,0.003,0.01,0.02,0.005,0.008,0.01,0.02,0.002,0.01,0.005,0.002,0.01,0.01,0.005,0.01,0.02,0.003,0.005,0.01,0.03,0.002,0.01,0.02,0.005,0.005,0.005,0.01,0.02,0.004,0.01,0.005,0.005,0.004,0.003,0.001,2,0.003926393414917951
2019-02-08,399201023,42.49,4,0.04,0.01,0.04,0.02,0.02,0.04,0.03,0.03,0.015,0.08,0.02,0.04,0.06,0.15,0.12,0.007,0.025,0.06,0.02,0.015,0.02,0.04,0.008,0.02,0.015,0.01,0.04,0.03,0.02,0.03,0.04,0.01,0.02,0.03,0.08,0.01,0.02,0.04,0.02,0.02,0.015,0.03,0.05,0.01,0.03,0.015,0.01,0.01,0.008,0.005,5,0.004969297567759085
2019-02-09,399201023,42.49,4,0.04,0.01,0.04,0.02,0.02,0.04,0.03,0.03,0.015,0.08,0.02,0.04,0.06,0.15,0.12,0.007,0.025,0.06,0.02,0.015,0.02,0.04,0.008,0.02,0.015,0.01,0.04,0.03,0.02,0.03,0.04,0.01,0.02,0.03,0.08,0.01,0.02,0.04,0.02,0.02,0.015,0.03,0.05,0.01,0.03,0.015,0.01,0.01,0.008,0.005,3,0.004969297567759085
2019-02-12,399201023,42.49,1,0.04,0.01,0.04,0.02,0.02,0.04,0.03,0.03,0.015,0.08,0.02,0.04,0.06,0.15,0.12,0.007,0.025,0.06,0.02,0.015,0.02,0.04,0.008,0.02,0.015,0.01,0.04,0.03,0.02,0.03,0.04,0.01,0.02,0.03,0.08,0.01,0.02,0.04,0.02,0.02,0.015,0.03,0.05,0.01,0.03,0.015,0.01,0.01,0.008,0.005,1,0.004969297567759085
2019-02-21,399201023,42.49,1,0.04,0.01,0.04,0.02,0.02,0.04,0.03,0.03,0.015,0.08,0.02,0.04,0.06,0.15,0.12,0.007,0.025,0.06,0.02,0.015,0.02,0.04,0.008,0.02,0.015,0.01,0.04,0.03,0.02,0.03,0.04,0.01,0.02,0.03,0.08,0.01,0.02,0.04,0.02,0.02,0.015,0.03,0.05,0.01,0.03,0.015,0.01,0.01,0.008,0.005,4,0.004969297567759085
2019-02-26,399201023,44.99,0,0.03,0.005,0.03,0.015,0.015,0.03,0.02,0.02,0.01,0.06,0.02,0.03,0.04,0.1,0.1,0.005,0.02,0.04,0.015,0.012,0.02,0.03,0.005,0.02,0.01,0.005,0.03,0.02,0.015,0.02,0.03,0.008,0.015,0.02,0.06,0.008,0.02,0.03,0.015,0.015,0.01,0.02,0.04,0.007,0.02,0.01,0.008,0.008,0.005,0.003,1,0.004638231022746816
2019-03-06,399201023,49.99,0,0.01,0.002,0.01,0.006,0.005,0.02,0.01,0.01,0.005,0.03,0.01,0.01,0.02,0.04,0.05,0.003,0.01,0.02,0.005,0.008,0.01,0.02,0.002,0.01,0.005,0.002,0.01,0.01,0.005,0.01,0.02,0.003,0.005,0.01,0.03,0.002,0.01,0.02,0.005,0.005,0.005,0.01,0.02,0.004,0.01,0.005,0.005,0.004,0.003,0.001,2,0.003926393414917951
2019-03-07,399201023,49.99,1,0.01,0.002,0.01,0.006,0.005,0.02,0.01,0.01,0.005,0.03,0.01,0.01,0.02,0.04,0.05,0.003,0.01,0.02,0.005,0.008,0.01,0.02,0.002,0.01,0.005,0.002,0.01,0.01,0.005,0.01,0.02,0.003,0.005,0.01,0.03,0.002,0.01,0.02,0.005,0.005,0.005,0.01,0.02,0.004,0.01,0.005,0.005,0.004,0.003,0.001,2,0.003926393414917951
2019-03-10,399201023,49.99,3,0.01,0.002,0.01,0.006,0.005,0.02,0.01,0.01,0.005,0.03,0.01,0.01,0.02,0.04,0.05,0.003,0.01,0.02,0.005,0.008,0.01,0.02,0.002,0.01,0.005,0.002,0.01,0.01,0.005,0.01,0.02,0.003,0.005,0.01,0.03,0.002,0.01,0.02,0.005,0.005,0.005,0.01,0.02,0.004,0.01,0.005,0.005,0.004,0.003,0.001,2,0.003926393414917951
2019-03-13,399201023,49.99,2,0.01,0.002,0.01,0.006,0.005,0.02,0.01,0.01,0.005,0.03,0.01,0.01,0.02,0.04,0.05,0.003,0.01,0.02,0.005,0.008,0.01,0.02,0.002,0.01,0.005,0.002,0.01,0.01,0.005,0.01,0.02,0.003,0.005,0.01,0.03,0.002,0.01,0.02,0.005,0.005,0.005,0.01,0.02,0.004,0.01,0.005,0.005,0.004,0.003,0.001,3,0.003926393414917951
2019-03-25,399201023,49.99,0,0.01,0.002,0.01,0.006,0.005,0.02,0.01,0.01,0.005,0.03,0.01,0.01,0.02,0.04,0.05,0.003,0.01,0.02,0.005,0.008,0.01,0.02,0.002,0.01,0.005,0.002,0.01,0.01,0.005,0.01,0.02,0.003,0.005,0.01,0.03,0.002,0.01,0.02,0.005,0.005,0.005,0.01,0.02,0.004,0.01,0.005,0.005,0.004,0.003,0.001,1,0.003926393414917951
2019-03-27,399201023,49.99,0,0.01,0.002,0.01,0.006,0.005,0.02,0.01,0.01,0.005,0.03,0.01,0.01,0.02,0.04,0.05,0.003,0.01,0.02,0.005,0.008,0.01,0.02,0.002,0.01,0.005,0.002,0.01,0.01,0.005,0.01,0.02,0.003,0.005,0.01,0.03,0.002,0.01,0.02,0.005,0.005,0.005,0.01,0.02,0.004,0.01,0.005,0.005,0.004,0.003,0.001,4,0.003926393414917951
2019-03-31,399201023,49.99,1,0.01,0.002,0.01,0.006,0.005,0.02,0.01,0.01,0.005,0.03,0.01,0.01,0.02,0.04,0.05,0.003,0.01,0.02,0.005,0.008,0.01,0.02,0.002,0.01,0.005,0.002,0.01,0.01,0.005,0.01,0.02,0.003,0.005,0.01,0.03,0.002,0.01,0.02,0.005,0.005,0.005,0.01,0.02,0.004,0.01,0.005,0.005,0.004,0.003,0.001,2,0.003926393414917951
2019-04-01,399201023,37.49,0,0.06,0.03,0.08,0.04,0.04,0.07,0.07,0.05,0.03,0.16,0.04,0.07,0.12,0.3,0.2,0.02,0.04,0.14,0.04,0.03,0.03,0.065,0.02,0.04,0.03,0.03,0.08,0.06,0.04,0.06,0.06,0.02,0.04,0.05,0.12,0.02,0.03,0.06,0.04,0.04,0.03,0.05,0.1,0.03,0.05,0.03,0.02,0.02,0.02,0.01,1,0.005737185629092276
2019-04-02,399201023,44.99,0,0.03,0.005,0.03,0.015,0.015,0.03,0.02,0.02,0.01,0.06,0.02,0.03,0.04,0.1,0.1,0.005,0.02,0.04,0.015,0.012,0.02,0.03,0.005,0.02,0.01,0.005,0.03,0.02,0.015,0.02,0.03,0.008,0.015,0.02,0.06,0.008,0.02,0.03,0.015,0.015,0.01,0.02,0.04,0.007,0.02,0.01,0.008,0.008,0.005,0.003,1,0.004638231022746816
2019-04-04,399201023,44.99,2,0.03,0.005,0.03,0.015,0.015,0.03,0.02,0.02,0.01,0.06,0.02,0.03,0.04,0.1,0.1,0.005,0.02,0.04,0.015,0.012,0.02,0.03,0.005,0.02,0.01,0.005,0.03,0.02,0.015,0.02,0.03,0.008,0.015,0.02,0.06,0.008,0.02,0.03,0.015,0.015,0.01,0.02,0.04,0.007,0.02,0.01,0.008,0.008,0.005,0.003,1,0.004638231022746816
2019-04-05,399201023,49.99,1,0.01,0.002,0.01,0.006,0.005,0.02,0.01,0.01,0.005,0.03,0.01,0.01,0.02,0.04,0.05,0.003,0.01,0.02,0.005,0.008,0.01,0.02,0.002,0.01,0.005,0.002,0.01,0.01,0.005,0.01,0.02,0.003,0.005,0.01,0.03,0.002,0.01,0.02,0.005,0.005,0.005,0.01,0.02,0.004,0.01,0.005,0.005,0.004,0.003,0.001,1,0.003926393414917951
2019-04-08,399201023,49.99,3,0.01,0.002,0.01,0.006,0.005,0.02,0.01,0.01,0.005,0.03,0.01,0.01,0.02,0.04,0.05,0.003,0.01,0.02,0.005,0.008,0.01,0.02,0.002,0.01,0.005,0.002,0.01,0.01,0.005,0.01,0.02,0.003,0.005,0.01,0.03,0.002,0.01,0.02,0.005,0.005,0.005,0.01,0.02,0.004,0.01,0.005,0.005,0.004,0.003,0.001,2,0.003926393414917951
2019-04-09,399201023,49.99,1,0.01,0.002,0.01,0.006,0.005,0.02,0.01,0.01,0.005,0.03,0.01,0.01,0.02,0.04,0.05,0.003,0.01,0.02,0.005,0.008,0.01,0.02,0.002,0.01,0.005,0.002,0.01,0.01,0.005,0.01,0.02,0.003,0.005,0.01,0.03,0.002,0.01,0.02,0.005,0.005,0.005,0.01,0.02,0.004,0.01,0.005,0.005,0.004,0.003,0.001,1,0.003926393414917951
2019-04-15,399201023,44.99,1,0.03,0.005,0.03,0.015,0.015,0.03,0.02,0.02,0.01,0.06,0.02,0.03,0.04,0.1,0.1,0.005,0.02,0.04,0.015,0.012,0.02,0.03,0.005,0.02,0.01,0.005,0.03,0.02,0.015,0.02,0.03,0.008,0.015,0.02,0.06,0.008,0.02,0.03,0.015,0.015,0.01,0.02,0.04,0.007,0.02,0.01,0.008,0.008,0.005,0.003,1,0.004638231022746816
2019-04-25,399201023,44.99,2,0.03,0.005,0.03,0.015,0.015,0.03,0.02,0.02,0.01,0.06,0.02,0.03,0.04,0.1,0.1,0.005,0.02,0.04,0.015,0.012,0.02,0.03,0.005,0.02,0.01,0.005,0.03,0.02,0.015,0.02,0.03,0.008,0.015,0.02,0.06,0.008,0.02,0.03,0.015,0.015,0.01,0.02,0.04,0.007,0.02,0.01,0.008,0.008,0.005,0.003,1,0.004638231022746816
2019-05-08,399201023,49.99,4,0.01,0.002,0.01,0.006,0.005,0.02,0.01,0.01,0.005,0.03,0.01,0.01,0.02,0.04,0.05,0.003,0.01,0.02,0.005,0.008,0.01,0.02,0.002,0.01,0.005,0.002,0.01,0.01,0.005,0.01,0.02,0.003,0.005,0.01,0.03,0.002,0.01,0.02,0.005,0.005,0.005,0.01,0.02,0.004,0.01,0.005,0.005,0.004,0.003,0.001,1,0.003926393414917951
2019-05-19,399201023,44.99,1,0.03,0.005,0.03,0.015,0.015,0.03,0.02,0.02,0.01,0.06,0.02,0.03,0.04,0.1,0.1,0.005,0.02,0.04,0.015,0.012,0.02,0.03,0.005,0.02,0.01,0.005,0.03,0.02,0.015,0.02,0.03,0.008,0.015,0.02,0.06,0.008,0.02,0.03,0.015,0.015,0.01,0.02,0.04,0.007,0.02,0.01,0.008,0.008,0.005,0.003,1,0.004638231022746816
2019-06-01,399201023,49.99,1,0.01,0.002,0.01,0.006,0.005,0.02,0.01,0.01,0.005,0.03,0.01,0.01,0.02,0.04,0.05,0.003,0.01,0.02,0.005,0.008,0.01,0.02,0.002,0.01,0.005,0.002,0.01,0.01,0.005,0.01,0.02,0.003,0.005,0.01,0.03,0.002,0.01,0.02,0.005,0.005,0.005,0.01,0.02,0.004,0.01,0.005,0.005,0.004,0.003,0.001,1,0.003926393414917951
2019-06-03,399201023,49.99,0,0.01,0.002,0.01,0.006,0.005,0.02,0.01,0.01,0.005,0.03,0.01,0.01,0.02,0.04,0.05,0.003,0.01,0.02,0.005,0.008,0.01,0.02,0.002,0.01,0.005,0.002,0.01,0.01,0.005,0.01,0.02,0.003,0.005,0.01,0.03,0.002,0.01,0.02,0.005,0.005,0.005,0.01,0.02,0.004,0.01,0.005,0.005,0.004,0.003,0.001,2,0.003926393414917951
2019-06-05,399201023,49.99,3,0.01,0.002,0.01,0.006,0.005,0.02,0.01,0.01,0.005,0.03,0.01,0.01,0.02,0.04,0.05,0.003,0.01,0.02,0.005,0.008,0.01,0.02,0.002,0.01,0.005,0.002,0.01,0.01,0.005,0.01,0.02,0.003,0.005,0.01,0.03,0.002,0.01,0.02,0.005,0.005,0.005,0.01,0.02,0.004,0.01,0.005,0.005,0.004,0.003,0.001,1,0.003926393414917951
2019-06-27,399201023,49.99,1,0.01,0.002,0.01,0.006,0.005,0.02,0.01,0.01,0.005,0.03,0.01,0.01,0.02,0.04,0.05,0.003,0.01,0.02,0.005,0.008,0.01,0.02,0.002,0.01,0.005,0.002,0.01,0.01,0.005,0.01,0.02,0.003,0.005,0.01,0.03,0.002,0.01,0.02,0.005,0.005,0.005,0.01,0.02,0.004,0.01,0.005,0.005,0.004,0.003,0.001,2,0.003926393414917951
2019-07-08,399201023,45.99,1,0.02,0.003,0.02,0.01,0.01,0.03,0.015,0.02,0.008,0.05,0.02,0.02,0.03,0.08,0.08,0.004,0.015,0.03,0.01,0.01,0.01,0.025,0.004,0.01,0.009,0.003,0.02,0.015,0.01,0.02,0.03,0.005,0.01,0.02,0.05,0.005,0.01,0.03,0.01,0.01,0.009,0.015,0.03,0.006,0.02,0.008,0.007,0.006,0.004,0.002,1,0.004383473789828284
2019-08-17,399201023,49.99,0,0.01,0.002,0.01,0.006,0.005,0.02,0.01,0.01,0.005,0.03,0.01,0.01,0.02,0.04,0.05,0.003,0.01,0.02,0.005,0.008,0.01,0.02,0.002,0.01,0.005,0.002,0.01,0.01,0.005,0.01,0.02,0.003,0.005,0.01,0.03,0.002,0.01,0.02,0.005,0.005,0.005,0.01,0.02,0.004,0.01,0.005,0.005,0.004,0.003,0.001,1,0.003926393414917951
2019-08-24,399201023,45.99,1,0.02,0.003,0.02,0.01,0.01,0.03,0.015,0.02,0.008,0.05,0.02,0.02,0.03,0.08,0.08,0.004,0.015,0.03,0.01,0.01,0.01,0.025,0.004,0.01,0.009,0.003,0.02,0.015,0.01,0.02,0.03,0.005,0.01,0.02,0.05,0.005,0.01,0.03,0.01,0.01,0.009,0.015,0.03,0.006,0.02,0.008,0.007,0.006,0.004,0.002,1,0.004383473789828284
2019-08-26,399201023,49.99,1,0.01,0.002,0.01,0.006,0.005,0.02,0.01,0.01,0.005,0.03,0.01,0.01,0.02,0.04,0.05,0.003,0.01,0.02,0.005,0.008,0.01,0.02,0.002,0.01,0.005,0.002,0.01,0.01,0.005,0.01,0.02,0.003,0.005,0.01,0.03,0.002,0.01,0.02,0.005,0.005,0.005,0.01,0.02,0.004,0.01,0.005,0.005,0.004,0.003,0.001,1,0.003926393414917951
2019-08-31,399201023,49.99,1,0.01,0.002,0.01,0.006,0.005,0.02,0.01,0.01,0.005,0.03,0.01,0.01,0.02,0.04,0.05,0.003,0.01,0.02,0.005,0.008,0.01,0.02,0.002,0.01,0.005,0.002,0.01,0.01,0.005,0.01,0.02,0.003,0.005,0.01,0.03,0.002,0.01,0.02,0.005,0.005,0.005,0.01,0.02,0.004,0.01,0.005,0.005,0.004,0.003,0.001,1,0.003926393414917951
2019-09-03,399201023,49.99,3,0.01,0.002,0.01,0.006,0.005,0.02,0.01,0.01,0.005,0.03,0.01,0.01,0.02,0.04,0.05,0.003,0.01,0.02,0.005,0.008,0.01,0.02,0.002,0.01,0.005,0.002,0.01,0.01,0.005,0.01,0.02,0.003,0.005,0.01,0.03,0.002,0.01,0.02,0.005,0.005,0.005,0.01,0.02,0.004,0.01,0.005,0.005,0.004,0.003,0.001,1,0.003926393414917951
2019-09-12,399201023,49.99,2,0.01,0.002,0.01,0.006,0.005,0.02,0.01,0.01,0.005,0.03,0.01,0.01,0.02,0.04,0.05,0.003,0.01,0.02,0.005,0.008,0.01,0.02,0.002,0.01,0.005,0.002,0.01,0.01,0.005,0.01,0.02,0.003,0.005,0.01,0.03,0.002,0.01,0.02,0.005,0.005,0.005,0.01,0.02,0.004,0.01,0.005,0.005,0.004,0.003,0.001,1,0.003926393414917951
