outputs/pricing/split_003/frac_0p5/synthetic_d2_train.csv
date,article_id,offer_price,demand,P001,P002,P003,P004,P005,P006,P007,P008,P009,P010,P011,P012,P013,P014,P015,P016,P017,P018,P019,P020,P021,P022,P023,P024,P025,P026,P027,P028,P029,P030,P031,P032,P033,P034,P035,P036,P037,P038,P039,P040,P041,P042,P043,P044,P045,P046,P047,P048,P049,P050,observed_demand,ground_truth_purchase_prob
2018-09-22,399223028,19.99,3,0.68,0.3,0.18,0.25,0.4,0.5,0.35,0.2,0.15,0.65,0.4,0.22,0.35,0.6,0.18,0.02,0.02,0.45,0.28,0.01,0.6,0.08,0.07,0.2,0.2,0.9,0.2,0.22,0.12,0.38,0.35,0.03,0.12,0.18,0.02,0.08,0.74,0.12,0.03,0.65,0.2,0.08,0.6,0.12,0.15,0.15,0.06,0.2,0.08,0.03,8,0.008397683878353962
2018-10-17,399223028,19.99,2,0.68,0.3,0.18,0.25,0.4,0.5,0.35,0.2,0.15,0.65,0.4,0.22,0.35,0.6,0.18,0.02,0.02,0.45,0.28,0.01,0.6,0.08,0.07,0.2,0.2,0.9,0.2,0.22,0.12,0.38,0.35,0.03,0.12,0.18,0.02,0.08,0.74,0.12,0.03,0.65,0.2,0.08,0.6,0.12,0.15,0.15,0.06,0.2,0.08,0.03,3,0.008397683878353962
2018-11-09,399223028,19.99,1,0.68,0.3,0.18,0.25,0.4,0.5,0.35,0.2,0.15,0.65,0.4,0.22,0.35,0.6,0.18,0.02,0.02,0.45,0.28,0.01,0.6,0.08,0.07,0.2,0.2,0.9,0.2,0.22,0.12,0.38,0.35,0.03,0.12,0.18,0.02,0.08,0.74,0.12,0.03,0.65,0.2,0.08,0.6,0.12,0.15,0.15,0.06,0.2,0.08,0.03,8,0.008397683878353962
2018-11-18,399223028,19.99,3,0.68,0.3,0.18,0.25,0.4,0.5,0.35,0.2,0.15,0.65,0.4,0.22,0.35,0.6,0.18,0.02,0.02,0.45,0.28,0.01,0.6,0.08,0.07,0.2,0.2,0.9,0.2,0.22,0.12,0.38,0.35,0.03,0.12,0.18,0.02,0.08,0.74,0.12,0.03,0.65,0.2,0.08,0.6,0.12,0.15,0.15,0.06,0.2,0.08,0.03,2,0.008397683878353962
2018-11-23,399223028,15.99,1,0.7,0.78,0.22,0.55,0.78,0.55,0.28,0.85,0.35,0.55,0.25,0.15,0.3,0.4,0.25,0.04,0.05,0.5,0.3,0.02,0.55,0.09,0.18,0.78,0.35,0.75,0.35,0.28,0.38,0.3,0.8,0.06,0.35,0.4,0.04,0.28,0.78,0.15,0.08,0.4,0.5,0.18,0.45,0.65,0.55,0.55,0.12,0.4,0.2,0.08,17,0.008529232863481333
2018-11-26,399223028,19.99,2,0.68,0.3,0.18,0.25,0.4,0.5,0.35,0.2,0.15,0.65,0.4,0.22,0.35,0.6,0.18,0.02,0.02,0.45,0.28,0.01,0.6,0.08,0.07,0.2,0.2,0.9,0.2,0.22,0.12,0.38,0.35,0.03,0.12,0.18,0.02,0.08,0.74,0.12,0.03,0.65,0.2,0.08,0.6,0.12,0.15,0.15,0.06,0.2,0.08,0.03,3,0.008397683878353962
2018-12-13,399223028,19.99,3,0.68,0.3,0.18,0.25,0.4,0.5,0.35,0.2,0.15,0.65,0.4,0.22,0.35,0.6,0.18,0.02,0.02,0.45,0.28,0.01,0.6,0.08,0.07,0.2,0.2,0.9,0.2,0.22,0.12,0.38,0.35,0.03,0.12,0.18,0.02,0.08,0.74,0.12,0.03,0.65,0.2,0.08,0.6,0.12,0.15,0.15,0.06,0.2,0.08,0.03,2,0.008397683878353962
2018-12-14,399223028,19.99,0,0.68,0.3,0.18,0.25,0.4,0.5,0.35,0.2,0.15,0.65,0.4,0.22,0.35,0.6,0.18,0.02,0.02,0.45,0.28,0.01,0.6,0.08,0.07,0.2,0.2,0.9,0.2,0.22,0.12,0.38,0.35,0.03,0.12,0.18,0.02,0.08,0.74,0.12,0.03,0.65,0.2,0.08,0.6,0.12,0.15,0.15,0.06,0.2,0.08,0.03,5,0.008397683878353962
2018-12-15,399223028,19.99,2,0.68,0.3,0.18,0.25,0.4,0.5,0.35,0.2,0.15,0.65,0.4,0.22,0.35,0.6,0.18,0.02,0.02,0.45,0.28,0.01,0.6,0.08,0.07,0.2,0.2,0.9,0.2,0.22,0.12,0.38,0.35,0.03,0.12,0.18,0.02,0.08,0.74,0.12,0.03,0.65,0.2,0.08,0.6,0.12,0.15,0.15,0.06,0.2,0.08,0.03,1,0.008397683878353962
2018-12-23,399223028,12.99,0,0.73,0.7,0.3,0.45,0.65,0.65,0.22,0.75,0.5,0.45,0.35,0.12,0.22,0.45,0.38,0.1,0.12,0.55,0.38,0.05,0.48,0.1,0.22,0.72,0.5,0.55,0.88,0.42,0.45,0.22,0.7,0.12,0.45,0.48,0.08,0.2,0.82,0.25,0.1,0.45,0.6,0.22,0.55,0.45,0.4,0.6,0.18,0.7,0.4,0.15,6,0.008907460931354104
2018-12-31,399223028,12.99,0,0.73,0.7,0.3,0.45,0.65,0.65,0.22,0.75,0.5,0.45,0.35,0.12,0.22,0.45,0.38,0.1,0.12,0.55,0.38,0.05,0.48,0.1,0.22,0.72,0.5,0.55,0.88,0.42,0.45,0.22,0.7,0.12,0.45,0.48,0.08,0.2,0.82,0.25,0.1,0.45,0.6,0.22,0.55,0.45,0.4,0.6,0.18,0.7,0.4,0.15,10,0.008907460931354104
2019-01-05,399223028,12.99,2,0.73,0.7,0.3,0.45,0.65,0.65,0.22,0.75,0.5,0.45,0.35,0.12,0.22,0.45,0.38,0.1,0.12,0.55,0.38,0.05,0.48,0.1,0.22,0.72,0.5,0.55,0.88,0.42,0.45,0.22,0.7,0.12,0.45,0.48,0.08,0.2,0.82,0.25,0.1,0.45,0.6,0.22,0.55,0.45,0.4,0.6,0.18,0.7,0.4,0.15,9,0.008907460931354104
2019-01-06,399223028,12.99,2,0.73,0.7,0.3,0.45,0.65,0.65,0.22,0.75,0.5,0.45,0.35,0.12,0.22,0.45,0.38,0.1,0.12,0.55,0.38,0.05,0.48,0.1,0.22,0.72,0.5,0.55,0.88,0.42,0.45,0.22,0.7,0.12,0.45,0.48,0.08,0.2,0.82,0.25,0.1,0.45,0.6,0.22,0.55,0.45,0.4,0.6,0.18,0.7,0.4,0.15,4,0.008907460931354104
2019-01-13,399223028,9.99,2,0.78,0.75,0.4,0.5,0.7,0.7,0.18,0.62,0.6,0.35,0.45,0.1,0.15,0.55,0.5,0.22,0.25,0.6,0.45,0.1,0.4,0.12,0.3,0.65,0.65,0.35,0.92,0.56,0.55,0.15,0.6,0.2,0.55,0.55,0.12,0.11,0.86,0.35,0.15,0.5,0.7,0.3,0.65,0.2,0.5,0.7,0.22,0.8,0.55,0.3,2,0.009314402409319529
2019-01-18,399223028,9.99,2,0.78,0.75,0.4,0.5,0.7,0.7,0.18,0.62,0.6,0.35,0.45,0.1,0.15,0.55,0.5,0.22,0.25,0.6,0.45,0.1,0.4,0.12,0.3,0.65,0.65,0.35,0.92,0.56,0.55,0.15,0.6,0.2,0.55,0.55,0.12,0.11,0.86,0.35,0.15,0.5,0.7,0.3,0.65,0.2,0.5,0.7,0.22,0.8,0.55,0.3,6,0.009314402409319529
2019-02-08,399223028,5.99,2,0.85,0.88,0.55,0.6,0.82,0.75,0.1,0.48,0.68,0.22,0.55,0.06,0.1,0.68,0.72,0.3,0.45,0.65,0.55,0.15,0.3,0.2,0.42,0.82,0.8,0.15,0.8,0.72,0.72,0.09,0.42,0.2,0.68,0.68,0.17,0.12,0.92,0.5,0.25,0.55,0.78,0.5,0.8,0.22,0.58,0.8,0.3,0.68,0.45,0.3,1,0.009964526830973156
2019-02-10,399223028,5.99,3,0.85,0.88,0.55,0.6,0.82,0.75,0.1,0.48,0.68,0.22,0.55,0.06,0.1,0.68,0.72,0.3,0.45,0.65,0.55,0.15,0.3,0.2,0.42,0.82,0.8,0.15,0.8,0.72,0.72,0.09,0.42,0.2,0.68,0.68,0.17,0.12,0.92,0.5,0.25,0.55,0.78,0.5,0.8,0.22,0.58,0.8,0.3,0.68,0.45,0.3,2,0.009964526830973156
2019-02-13,399223028,5.99,4,0.85,0.88,0.55,0.6,0.82,0.75,0.1,0.48,0.68,0.22,0.55,0.06,0.1,0.68,0.72,0.3,0.45,0.65,0.55,0.15,0.3,0.2,0.42,0.82,0.8,0.15,0.8,0.72,0.72,0.09,0.42,0.2,0.68,0.68,0.17,0.12,0.92,0.5,0.25,0.55,0.78,0.5,0.8,0.22,0.58,0.8,0.3,0.68,0.45,0.3,2,0.009964526830973156
2019-02-15,399223028,5.99,1,0.85,0.88,0.55,0.6,0.82,0.75,0.1,0.48,0.68,0.22,0.55,0.06,0.1,0.68,0.72,0.3,0.45,0.65,0.55,0.15,0.3,0.2,0.42,0.82,0.8,0.15,0.8,0.72,0.72,0.09,0.42,0.2,0.68,0.68,0.17,0.12,0.92,0.5,0.25,0.55,0.78,0.5,0.8,0.22,0.58,0.8,0.3,0.68,0.45,0.3,1,0.009964526830973156
2019-02-16,399223028,5.99,4,0.85,0.88,0.55,0.6,0.82,0.75,0.1,0.48,0.68,0.22,0.55,0.06,0.1,0.68,0.72,0.3,0.45,0.65,0.55,0.15,0.3,0.2,0.42,0.82,0.8,0.15,0.8,0.72,0.72,0.09,0.42,0.2,0.68,0.68,0.17,0.12,0.92,0.5,0.25,0.55,0.78,0.5,0.8,0.22,0.58,0.8,0.3,0.68,0.45,0.3,2,0.009964526830973156
2019-02-21,399223028,5.09,4,0.9,0.9,0.6,0.65,0.85,0.78,0.08,0.5,0.72,0.18,0.6,0.05,0.08,0.72,0.78,0.38,0.55,0.66,0.6,0.18,0.28,0.25,0.47,0.88,0.85,0.12,0.75,0.78,0.78,0.08,0.44,0.25,0.72,0.72,0.2,0.14,0.94,0.55,0.3,0.6,0.8,0.48,0.85,0.26,0.6,0.85,0.33,0.65,0.4,0.38,2,0.010356855468288165
2019-02-22,399223028,5.09,4,0.9,0.9,0.6,0.65,0.85,0.78,0.08,0.5,0.72,0.18,0.6,0.05,0.08,0.72,0.78,0.38,0.55,0.66,0.6,0.18,0.28,0.25,0.47,0.88,0.85,0.12,0.75,0.78,0.78,0.08,0.44,0.25,0.72,0.72,0.2,0.14,0.94,0.55,0.3,0.6,0.8,0.48,0.85,0.26,0.6,0.85,0.33,0.65,0.4,0.38,2,0.010356855468288165
2019-02-23,399223028,5.09,2,0.9,0.9,0.6,0.65,0.85,0.78,0.08,0.5,0.72,0.18,0.6,0.05,0.08,0.72,0.78,0.38,0.55,0.66,0.6,0.18,0.28,0.25,0.47,0.88,0.85,0.12,0.75,0.78,0.78,0.08,0.44,0.25,0.72,0.72,0.2,0.14,0.94,0.55,0.3,0.6,0.8,0.48,0.85,0.26,0.6,0.85,0.33,0.65,0.4,0.38,2,0.010356855468288165
2019-02-25,399223028,5.99,1,0.85,0.88,0.55,0.6,0.82,0.75,0.1,0.48,0.68,0.22,0.55,0.06,0.1,0.68,0.72,0.3,0.45,0.65,0.55,0.15,0.3,0.2,0.42,0.82,0.8,0.15,0.8,0.72,0.72,0.09,0.42,0.2,0.68,0.68,0.17,0.12,0.92,0.5,0.25,0.55,0.78,0.5,0.8,0.22,0.58,0.8,0.3,0.68,0.45,0.3,1,0.009964526830973156
2019-02-27,399223028,5.99,2,0.85,0.88,0.55,0.6,0.82,0.75,0.1,0.48,0.68,0.22,0.55,0.06,0.1,0.68,0.72,0.3,0.45,0.65,0.55,0.15,0.3,0.2,0.42,0.82,0.8,0.15,0.8,0.72,0.72,0.09,0.42,0.2,0.68,0.68,0.17,0.12,0.92,0.5,0.25,0.55,0.78,0.5,0.8,0.22,0.58,0.8,0.3,0.68,0.45,0.3,1,0.009964526830973156
2019-02-28,399223028,5.99,4,0.85,0.88,0.55,0.6,0.82,0.75,0.1,0.48,0.68,0.22,0.55,0.06,0.1,0.68,0.72,0.3,0.45,0.65,0.55,0.15,0.3,0.2,0.42,0.82,0.8,0.15,0.8,0.72,0.72,0.09,0.42,0.2,0.68,0.68,0.17,0.12,0.92,0.5,0.25,0.55,0.78,0.5,0.8,0.22,0.58,0.8,0.3,0.68,0.45,0.3,1,0.009964526830973156
2019-03-13,399223028,5.99,1,0.85,0.88,0.55,0.6,0.82,0.75,0.1,0.48,0.68,0.22,0.55,0.06,0.1,0.68,0.72,0.3,0.45,0.65,0.55,0.15,0.3,0.2,0.42,0.82,0.8,0.15,0.8,0.72,0.72,0.09,0.42,0.2,0.68,0.68,0.17,0.12,0.92,0.5,0.25,0.55,0.78,0.5,0.8,0.22,0.58,0.8,0.3,0.68,0.45,0.3,2,0.009964526830973156
2019-03-15,399223028,5.99,1,0.85,0.88,0.55,0.6,0.82,0.75,0.1,0.48,0.68,0.22,0.55,0.06,0.1,0.68,0.72,0.3,0.45,0.65,0.55,0.15,0.3,0.2,0.42,0.82,0.8,0.15,0.8,0.72,0.72,0.09,0.42,0.2,0.68,0.68,0.17,0.12,0.92,0.5,0.25,0.55,0.78,0.5,0.8,0.22,0.58,0.8,0.3,0.68,0.45,0.3,1,0.009964526830973156
2019-03-26,399223028,5.99,1,0.85,0.88,0.55,0.6,0.82,0.75,0.1,0.48,0.68,0.22,0.55,0.06,0.1,0.68,0.72,0.3,0.45,0.65,0.55,0.15,0.3,0.2,0.42,0.82,0.8,0.15,0.8,0.72,0.72,0.09,0.42,0.2,0.68,0.68,0.17,0.12,0.92,0.5,0.25,0.55,0.78,0.5,0.8,0.22,0.58,0.8,0.3,0.68,0.45,0.3,1,0.009964526830973156
2019-04-12,399223028,5.99,2,0.85,0.88,0.55,0.6,0.82,0.75,0.1,0.48,0.68,0.22,0.55,0.06,0.1,0.68,0.72,0.3,0.45,0.65,0.55,0.15,0.3,0.2,0.42,0.82,0.8,0.15,0.8,0.72,0.72,0.09,0.42,0.2,0.68,0.68,0.17,0.12,0.92,0.5,0.25,0.55,0.78,0.5,0.8,0.22,0.58,0.8,0.3,0.68,0.45,0.3,1,0.009964526830973156
2019-04-20,399223028,5.99,2,0.85,0.88,0.55,0.6,0.82,0.75,0.1,0.48,0.68,0.22,0.55,0.06,0.1,0.68,0.72,0.3,0.45,0.65,0.55,0.15,0.3,0.2,0.42,0.82,0.8,0.15,0.8,0.72,0.72,0.09,0.42,0.2,0.68,0.68,0.17,0.12,0.92,0.5,0.25,0.55,0.78,0.5,0.8,0.22,0.58,0.8,0.3,0.68,0.45,0.3,1,0.009964526830973156
2019-05-22,399223028,1.99,1,0.99,0.98,0.75,0.8,0.95,0.85,0.05,0.55,0.85,0.1,0.75,0.03,0.05,0.85,0.92,0.65,0.75,0.72,0.7,0.3,0.25,0.4,0.6,0.98,0.95,0.05,0.5,0.94,0.92,0.05,0.5,0.45,0.9,0.9,0.3,0.25,0.99,0.8,0.45,0.75,0.9,0.4,0.95,0.35,0.75,0.95,0.45,0.6,0.3,0.55,1,0.011572320241606798
2019-05-25,399223028,2.39,3,0.98,0.97,0.72,0.78,0.93,0.83,0.06,0.54,0.83,0.12,0.73,0.03,0.05,0.83,0.9,0.62,0.72,0.7,0.68,0.28,0.24,0.38,0.58,0.97,0.93,0.06,0.55,0.92,0.9,0.06,0.48,0.42,0.88,0.88,0.28,0.22,0.98,0.78,0.4,0.73,0.88,0.42,0.94,0.34,0.72,0.94,0.42,0.58,0.28,0.52,1,0.0112877026828272
2019-06-29,399223028,3.99,1,0.95,0.95,0.65,0.73,0.9,0.8,0.07,0.52,0.78,0.15,0.65,0.04,0.06,0.78,0.86,0.5,0.65,0.68,0.65,0.22,0.26,0.3,0.52,0.92,0.9,0.08,0.65,0.85,0.86,0.07,0.46,0.33,0.8,0.8,0.24,0.18,0.96,0.65,0.35,0.68,0.85,0.45,0.9,0.3,0.65,0.9,0.38,0.62,0.35,0.48,1,0.010851766280945805
2019-07-23,399223028,3.99,5,0.95,0.95,0.65,0.73,0.9,0.8,0.07,0.52,0.78,0.15,0.65,0.04,0.06,0.78,0.86,0.5,0.65,0.68,0.65,0.22,0.26,0.3,0.52,0.92,0.9,0.08,0.65,0.85,0.86,0.07,0.46,0.33,0.8,0.8,0.24,0.18,0.96,0.65,0.35,0.68,0.85,0.45,0.9,0.3,0.65,0.9,0.38,0.62,0.35,0.48,1,0.010851766280945805
