outputs/pricing/split_003/frac_0p5/synthetic_d2_train.csv
date,article_id,offer_price,demand,P001,P002,P003,P004,P005,P006,P007,P008,P009,P010,P011,P012,P013,P014,P015,P016,P017,P018,P019,P020,P021,P022,P023,P024,P025,P026,P027,P028,P029,P030,P031,P032,P033,P034,P035,P036,P037,P038,P039,P040,P041,P042,P043,P044,P045,P046,P047,P048,P049,P050,observed_demand,ground_truth_purchase_prob
2018-10-07,399256002,9.99,2,0.65,0.65,0.58,0.42,0.65,0.7,0.48,0.82,0.06,0.55,0.25,0.04,0.38,0.7,0.6,0.12,0.25,0.48,0.08,0.08,0.55,0.05,0.58,0.15,0.2,0.6,0.7,0.3,0.12,0.6,0.55,0.18,0.25,0.45,0.2,0.12,0.75,0.18,0.08,0.75,0.22,0.08,0.55,0.3,0.52,0.65,0.04,0.55,0.35,0.1,3,0.00755532570971291
2018-10-08,399256002,9.99,2,0.65,0.65,0.58,0.42,0.65,0.7,0.48,0.82,0.06,0.55,0.25,0.04,0.38,0.7,0.6,0.12,0.25,0.48,0.08,0.08,0.55,0.05,0.58,0.15,0.2,0.6,0.7,0.3,0.12,0.6,0.55,0.18,0.25,0.45,0.2,0.12,0.75,0.18,0.08,0.75,0.22,0.08,0.55,0.3,0.52,0.65,0.04,0.55,0.35,0.1,3,0.00755532570971291
2018-10-09,399256002,9.99,2,0.65,0.65,0.58,0.42,0.65,0.7,0.48,0.82,0.06,0.55,0.25,0.04,0.38,0.7,0.6,0.12,0.25,0.48,0.08,0.08,0.55,0.05,0.58,0.15,0.2,0.6,0.7,0.3,0.12,0.6,0.55,0.18,0.25,0.45,0.2,0.12,0.75,0.18,0.08,0.75,0.22,0.08,0.55,0.3,0.52,0.65,0.04,0.55,0.35,0.1,7,0.00755532570971291
2018-10-18,399256002,9.99,2,0.65,0.65,0.58,0.42,0.65,0.7,0.48,0.82,0.06,0.55,0.25,0.04,0.38,0.7,0.6,0.12,0.25,0.48,0.08,0.08,0.55,0.05,0.58,0.15,0.2,0.6,0.7,0.3,0.12,0.6,0.55,0.18,0.25,0.45,0.2,0.12,0.75,0.18,0.08,0.75,0.22,0.08,0.55,0.3,0.52,0.65,0.04,0.55,0.35,0.1,6,0.00755532570971291
2018-10-21,399256002,8.99,2,0.7,0.78,0.63,0.55,0.68,0.75,0.52,0.86,0.1,0.58,0.28,0.05,0.42,0.75,0.68,0.15,0.3,0.53,0.1,0.12,0.62,0.07,0.62,0.22,0.25,0.65,0.75,0.37,0.2,0.66,0.58,0.22,0.35,0.5,0.3,0.15,0.8,0.22,0.1,0.8,0.3,0.1,0.62,0.36,0.58,0.72,0.05,0.66,0.38,0.13,3,0.007956826664588513
2018-11-07,399256002,9.99,1,0.65,0.65,0.58,0.42,0.65,0.7,0.48,0.82,0.06,0.55,0.25,0.04,0.38,0.7,0.6,0.12,0.25,0.48,0.08,0.08,0.55,0.05,0.58,0.15,0.2,0.6,0.7,0.3,0.12,0.6,0.55,0.18,0.25,0.45,0.2,0.12,0.75,0.18,0.08,0.75,0.22,0.08,0.55,0.3,0.52,0.65,0.04,0.55,0.35,0.1,6,0.00755532570971291
2018-11-12,399256002,9.99,1,0.65,0.65,0.58,0.42,0.65,0.7,0.48,0.82,0.06,0.55,0.25,0.04,0.38,0.7,0.6,0.12,0.25,0.48,0.08,0.08,0.55,0.05,0.58,0.15,0.2,0.6,0.7,0.3,0.12,0.6,0.55,0.18,0.25,0.45,0.2,0.12,0.75,0.18,0.08,0.75,0.22,0.08,0.55,0.3,0.52,0.65,0.04,0.55,0.35,0.1,3,0.00755532570971291
2018-11-13,399256002,9.99,2,0.65,0.65,0.58,0.42,0.65,0.7,0.48,0.82,0.06,0.55,0.25,0.04,0.38,0.7,0.6,0.12,0.25,0.48,0.08,0.08,0.55,0.05,0.58,0.15,0.2,0.6,0.7,0.3,0.12,0.6,0.55,0.18,0.25,0.45,0.2,0.12,0.75,0.18,0.08,0.75,0.22,0.08,0.55,0.3,0.52,0.65,0.04,0.55,0.35,0.1,2,0.00755532570971291
2018-11-14,399256002,9.99,1,0.65,0.65,0.58,0.42,0.65,0.7,0.48,0.82,0.06,0.55,0.25,0.04,0.38,0.7,0.6,0.12,0.25,0.48,0.08,0.08,0.55,0.05,0.58,0.15,0.2,0.6,0.7,0.3,0.12,0.6,0.55,0.18,0.25,0.45,0.2,0.12,0.75,0.18,0.08,0.75,0.22,0.08,0.55,0.3,0.52,0.65,0.04,0.55,0.35,0.1,3,0.00755532570971291
2018-11-29,399256002,9.99,3,0.65,0.65,0.58,0.42,0.65,0.7,0.48,0.82,0.06,0.55,0.25,0.04,0.38,0.7,0.6,0.12,0.25,0.48,0.08,0.08,0.55,0.05,0.58,0.15,0.2,0.6,0.7,0.3,0.12,0.6,0.55,0.18,0.25,0.45,0.2,0.12,0.75,0.18,0.08,0.75,0.22,0.08,0.55,0.3,0.52,0.65,0.04,0.55,0.35,0.1,4,0.00755532570971291
2018-12-09,399256002,9.99,0,0.65,0.65,0.58,0.42,0.65,0.7,0.48,0.82,0.06,0.55,0.25,0.04,0.38,0.7,0.6,0.12,0.25,0.48,0.08,0.08,0.55,0.05,0.58,0.15,0.2,0.6,0.7,0.3,0.12,0.6,0.55,0.18,0.25,0.45,0.2,0.12,0.75,0.18,0.08,0.75,0.22,0.08,0.55,0.3,0.52,0.65,0.04,0.55,0.35,0.1,1,0.00755532570971291
2018-12-24,399256002,9.99,1,0.65,0.65,0.58,0.42,0.65,0.7,0.48,0.82,0.06,0.55,0.25,0.04,0.38,0.7,0.6,0.12,0.25,0.48,0.08,0.08,0.55,0.05,0.58,0.15,0.2,0.6,0.7,0.3,0.12,0.6,0.55,0.18,0.25,0.45,0.2,0.12,0.75,0.18,0.08,0.75,0.22,0.08,0.55,0.3,0.52,0.65,0.04,0.55,0.35,0.1,1,0.00755532570971291
2018-12-29,399256002,9.99,4,0.65,0.65,0.58,0.42,0.65,0.7,0.48,0.82,0.06,0.55,0.25,0.04,0.38,0.7,0.6,0.12,0.25,0.48,0.08,0.08,0.55,0.05,0.58,0.15,0.2,0.6,0.7,0.3,0.12,0.6,0.55,0.18,0.25,0.45,0.2,0.12,0.75,0.18,0.08,0.75,0.22,0.08,0.55,0.3,0.52,0.65,0.04,0.55,0.35,0.1,2,0.00755532570971291
2019-01-15,399256002,9.99,2,0.65,0.65,0.58,0.42,0.65,0.7,0.48,0.82,0.06,0.55,0.25,0.04,0.38,0.7,0.6,0.12,0.25,0.48,0.08,0.08,0.55,0.05,0.58,0.15,0.2,0.6,0.7,0.3,0.12,0.6,0.55,0.18,0.25,0.45,0.2,0.12,0.75,0.18,0.08,0.75,0.22,0.08,0.55,0.3,0.52,0.65,0.04,0.55,0.35,0.1,1,0.00755532570971291
2019-01-17,399256002,9.99,1,0.65,0.65,0.58,0.42,0.65,0.7,0.48,0.82,0.06,0.55,0.25,0.04,0.38,0.7,0.6,0.12,0.25,0.48,0.08,0.08,0.55,0.05,0.58,0.15,0.2,0.6,0.7,0.3,0.12,0.6,0.55,0.18,0.25,0.45,0.2,0.12,0.75,0.18,0.08,0.75,0.22,0.08,0.55,0.3,0.52,0.65,0.04,0.55,0.35,0.1,1,0.00755532570971291
2019-01-28,399256002,9.99,2,0.65,0.65,0.58,0.42,0.65,0.7,0.48,0.82,0.06,0.55,0.25,0.04,0.38,0.7,0.6,0.12,0.25,0.48,0.08,0.08,0.55,0.05,0.58,0.15,0.2,0.6,0.7,0.3,0.12,0.6,0.55,0.18,0.25,0.45,0.2,0.12,0.75,0.18,0.08,0.75,0.22,0.08,0.55,0.3,0.52,0.65,0.04,0.55,0.35,0.1,3,0.00755532570971291
2019-02-04,399256002,9.99,0,0.65,0.65,0.58,0.42,0.65,0.7,0.48,0.82,0.06,0.55,0.25,0.04,0.38,0.7,0.6,0.12,0.25,0.48,0.08,0.08,0.55,0.05,0.58,0.15,0.2,0.6,0.7,0.3,0.12,0.6,0.55,0.18,0.25,0.45,0.2,0.12,0.75,0.18,0.08,0.75,0.22,0.08,0.55,0.3,0.52,0.65,0.04,0.55,0.35,0.1,1,0.00755532570971291
2019-02-05,399256002,9.99,1,0.65,0.65,0.58,0.42,0.65,0.7,0.48,0.82,0.06,0.55,0.25,0.04,0.38,0.7,0.6,0.12,0.25,0.48,0.08,0.08,0.55,0.05,0.58,0.15,0.2,0.6,0.7,0.3,0.12,0.6,0.55,0.18,0.25,0.45,0.2,0.12,0.75,0.18,0.08,0.75,0.22,0.08,0.55,0.3,0.52,0.65,0.04,0.55,0.35,0.1,1,0.00755532570971291
2019-02-23,399256002,8.49,3,0.75,0.85,0.65,0.6,0.7,0.8,0.55,0.88,0.12,0.6,0.3,0.06,0.45,0.78,0.72,0.18,0.35,0.56,0.12,0.18,0.65,0.1,0.65,0.3,0.28,0.7,0.78,0.43,0.25,0.7,0.6,0.2,0.4,0.55,0.35,0.18,0.82,0.25,0.12,0.82,0.35,0.12,0.65,0.4,0.62,0.75,0.06,0.72,0.4,0.14,9,0.008295735138473946
2019-02-24,399256002,9.99,2,0.65,0.65,0.58,0.42,0.65,0.7,0.48,0.82,0.06,0.55,0.25,0.04,0.38,0.7,0.6,0.12,0.25,0.48,0.08,0.08,0.55,0.05,0.58,0.15,0.2,0.6,0.7,0.3,0.12,0.6,0.55,0.18,0.25,0.45,0.2,0.12,0.75,0.18,0.08,0.75,0.22,0.08,0.55,0.3,0.52,0.65,0.04,0.55,0.35,0.1,1,0.00755532570971291
2019-02-25,399256002,9.99,2,0.65,0.65,0.58,0.42,0.65,0.7,0.48,0.82,0.06,0.55,0.25,0.04,0.38,0.7,0.6,0.12,0.25,0.48,0.08,0.08,0.55,0.05,0.58,0.15,0.2,0.6,0.7,0.3,0.12,0.6,0.55,0.18,0.25,0.45,0.2,0.12,0.75,0.18,0.08,0.75,0.22,0.08,0.55,0.3,0.52,0.65,0.04,0.55,0.35,0.1,1,0.00755532570971291
2019-02-28,399256002,9.99,3,0.65,0.65,0.58,0.42,0.65,0.7,0.48,0.82,0.06,0.55,0.25,0.04,0.38,0.7,0.6,0.12,0.25,0.48,0.08,0.08,0.55,0.05,0.58,0.15,0.2,0.6,0.7,0.3,0.12,0.6,0.55,0.18,0.25,0.45,0.2,0.12,0.75,0.18,0.08,0.75,0.22,0.08,0.55,0.3,0.52,0.65,0.04,0.55,0.35,0.1,1,0.00755532570971291
2019-03-15,399256002,8.99,0,0.7,0.78,0.63,0.55,0.68,0.75,0.52,0.86,0.1,0.58,0.28,0.05,0.42,0.75,0.68,0.15,0.3,0.53,0.1,0.12,0.62,0.07,0.62,0.22,0.25,0.65,0.75,0.37,0.2,0.66,0.58,0.22,0.35,0.5,0.3,0.15,0.8,0.22,0.1,0.8,0.3,0.1,0.62,0.36,0.58,0.72,0.05,0.66,0.38,0.13,1,0.007956826664588513
2019-03-19,399256002,9.99,1,0.65,0.65,0.58,0.42,0.65,0.7,0.48,0.82,0.06,0.55,0.25,0.04,0.38,0.7,0.6,0.12,0.25,0.48,0.08,0.08,0.55,0.05,0.58,0.15,0.2,0.6,0.7,0.3,0.12,0.6,0.55,0.18,0.25,0.45,0.2,0.12,0.75,0.18,0.08,0.75,0.22,0.08,0.55,0.3,0.52,0.65,0.04,0.55,0.35,0.1,1,0.00755532570971291
2019-03-24,399256002,9.99,1,0.65,0.65,0.58,0.42,0.65,0.7,0.48,0.82,0.06,0.55,0.25,0.04,0.38,0.7,0.6,0.12,0.25,0.48,0.08,0.08,0.55,0.05,0.58,0.15,0.2,0.6,0.7,0.3,0.12,0.6,0.55,0.18,0.25,0.45,0.2,0.12,0.75,0.18,0.08,0.75,0.22,0.08,0.55,0.3,0.52,0.65,0.04,0.55,0.35,0.1,3,0.00755532570971291
2019-03-26,399256002,9.99,1,0.65,0.65,0.58,0.42,0.65,0.7,0.48,0.82,0.06,0.55,0.25,0.04,0.38,0.7,0.6,0.12,0.25,0.48,0.08,0.08,0.55,0.05,0.58,0.15,0.2,0.6,0.7,0.3,0.12,0.6,0.55,0.18,0.25,0.45,0.2,0.12,0.75,0.18,0.08,0.75,0.22,0.08,0.55,0.3,0.52,0.65,0.04,0.55,0.35,0.1,1,0.00755532570971291
2019-03-30,399256002,9.99,1,0.65,0.65,0.58,0.42,0.65,0.7,0.48,0.82,0.06,0.55,0.25,0.04,0.38,0.7,0.6,0.12,0.25,0.48,0.08,0.08,0.55,0.05,0.58,0.15,0.2,0.6,0.7,0.3,0.12,0.6,0.55,0.18,0.25,0.45,0.2,0.12,0.75,0.18,0.08,0.75,0.22,0.08,0.55,0.3,0.52,0.65,0.04,0.55,0.35,0.1,3,0.00755532570971291
2019-03-31,399256002,9.99,0,0.65,0.65,0.58,0.42,0.65,0.7,0.48,0.82,0.06,0.55,0.25,0.04,0.38,0.7,0.6,0.12,0.25,0.48,0.08,0.08,0.55,0.05,0.58,0.15,0.2,0.6,0.7,0.3,0.12,0.6,0.55,0.18,0.25,0.45,0.2,0.12,0.75,0.18,0.08,0.75,0.22,0.08,0.55,0.3,0.52,0.65,0.04,0.55,0.35,0.1,1,0.00755532570971291
2019-04-01,399256002,6.99,2,0.82,0.92,0.72,0.72,0.77,0.88,0.62,0.92,0.18,0.68,0.42,0.09,0.54,0.85,0.8,0.35,0.45,0.63,0.2,0.28,0.72,0.14,0.7,0.45,0.35,0.78,0.86,0.5,0.4,0.78,0.68,0.12,0.55,0.62,0.5,0.25,0.88,0.33,0.2,0.88,0.5,0.16,0.75,0.5,0.68,0.82,0.09,0.8,0.44,0.18,1,0.009089243086713095
2019-04-05,399256002,9.99,1,0.65,0.65,0.58,0.42,0.65,0.7,0.48,0.82,0.06,0.55,0.25,0.04,0.38,0.7,0.6,0.12,0.25,0.48,0.08,0.08,0.55,0.05,0.58,0.15,0.2,0.6,0.7,0.3,0.12,0.6,0.55,0.18,0.25,0.45,0.2,0.12,0.75,0.18,0.08,0.75,0.22,0.08,0.55,0.3,0.52,0.65,0.04,0.55,0.35,0.1,3,0.00755532570971291
2019-04-15,399256002,9.99,3,0.65,0.65,0.58,0.42,0.65,0.7,0.48,0.82,0.06,0.55,0.25,0.04,0.38,0.7,0.6,0.12,0.25,0.48,0.08,0.08,0.55,0.05,0.58,0.15,0.2,0.6,0.7,0.3,0.12,0.6,0.55,0.18,0.25,0.45,0.2,0.12,0.75,0.18,0.08,0.75,0.22,0.08,0.55,0.3,0.52,0.65,0.04,0.55,0.35,0.1,1,0.00755532570971291
2019-04-17,399256002,9.99,3,0.65,0.65,0.58,0.42,0.65,0.7,0.48,0.82,0.06,0.55,0.25,0.04,0.38,0.7,0.6,0.12,0.25,0.48,0.08,0.08,0.55,0.05,0.58,0.15,0.2,0.6,0.7,0.3,0.12,0.6,0.55,0.18,0.25,0.45,0.2,0.12,0.75,0.18,0.08,0.75,0.22,0.08,0.55,0.3,0.52,0.65,0.04,0.55,0.35,0.1,1,0.00755532570971291
2019-04-20,399256002,9.99,1,0.65,0.65,0.58,0.42,0.65,0.7,0.48,0.82,0.06,0.55,0.25,0.04,0.38,0.7,0.6,0.12,0.25,0.48,0.08,0.08,0.55,0.05,0.58,0.15,0.2,0.6,0.7,0.3,0.12,0.6,0.55,0.18,0.25,0.45,0.2,0.12,0.75,0.18,0.08,0.75,0.22,0.08,0.55,0.3,0.52,0.65,0.04,0.55,0.35,0.1,1,0.00755532570971291
2019-04-22,399256002,6.99,3,0.82,0.92,0.72,0.72,0.77,0.88,0.62,0.92,0.18,0.68,0.42,0.09,0.54,0.85,0.8,0.35,0.45,0.63,0.2,0.28,0.72,0.14,0.7,0.45,0.35,0.78,0.86,0.5,0.4,0.78,0.68,0.12,0.55,0.62,0.5,0.25,0.88,0.33,0.2,0.88,0.5,0.16,0.75,0.5,0.68,0.82,0.09,0.8,0.44,0.18,1,0.009089243086713095
2019-04-23,399256002,3.99,3,0.95,0.98,0.88,0.85,0.92,0.97,0.76,0.98,0.35,0.78,0.55,0.22,0.68,0.92,0.94,0.7,0.65,0.74,0.36,0.55,0.86,0.24,0.88,0.65,0.6,0.88,0.94,0.83,0.65,0.9,0.8,0.06,0.78,0.74,0.75,0.4,0.97,0.55,0.45,0.96,0.75,0.3,0.9,0.68,0.85,0.92,0.16,0.92,0.58,0.4,1,0.010732171817555711
2019-04-26,399256002,3.99,3,0.95,0.98,0.88,0.85,0.92,0.97,0.76,0.98,0.35,0.78,0.55,0.22,0.68,0.92,0.94,0.7,0.65,0.74,0.36,0.55,0.86,0.24,0.88,0.65,0.6,0.88,0.94,0.83,0.65,0.9,0.8,0.06,0.78,0.74,0.75,0.4,0.97,0.55,0.45,0.96,0.75,0.3,0.9,0.68,0.85,0.92,0.16,0.92,0.58,0.4,1,0.010732171817555711
2019-04-30,399256002,9.99,1,0.65,0.65,0.58,0.42,0.65,0.7,0.48,0.82,0.06,0.55,0.25,0.04,0.38,0.7,0.6,0.12,0.25,0.48,0.08,0.08,0.55,0.05,0.58,0.15,0.2,0.6,0.7,0.3,0.12,0.6,0.55,0.18,0.25,0.45,0.2,0.12,0.75,0.18,0.08,0.75,0.22,0.08,0.55,0.3,0.52,0.65,0.04,0.55,0.35,0.1,1,0.00755532570971291
2019-05-11,399256002,8.49,4,0.75,0.85,0.65,0.6,0.7,0.8,0.55,0.88,0.12,0.6,0.3,0.06,0.45,0.78,0.72,0.18,0.35,0.56,0.12,0.18,0.65,0.1,0.65,0.3,0.28,0.7,0.78,0.43,0.25,0.7,0.6,0.2,0.4,0.55,0.35,0.18,0.82,0.25,0.12,0.82,0.35,0.12,0.65,0.4,0.62,0.75,0.06,0.72,0.4,0.14,1,0.008295735138473946
2019-06-04,399256002,8.99,1,0.7,0.78,0.63,0.55,0.68,0.75,0.52,0.86,0.1,0.58,0.28,0.05,0.42,0.75,0.68,0.15,0.3,0.53,0.1,0.12,0.62,0.07,0.62,0.22,0.25,0.65,0.75,0.37,0.2,0.66,0.58,0.22,0.35,0.5,0.3,0.15,0.8,0.22,0.1,0.8,0.3,0.1,0.62,0.36,0.58,0.72,0.05,0.66,0.38,0.13,1,0.007956826664588513
2019-06-13,399256002,9.99,1,0.65,0.65,0.58,0.42,0.65,0.7,0.48,0.82,0.06,0.55,0.25,0.04,0.38,0.7,0.6,0.12,0.25,0.48,0.08,0.08,0.55,0.05,0.58,0.15,0.2,0.6,0.7,0.3,0.12,0.6,0.55,0.18,0.25,0.45,0.2,0.12,0.75,0.18,0.08,0.75,0.22,0.08,0.55,0.3,0.52,0.65,0.04,0.55,0.35,0.1,1,0.00755532570971291
2019-06-19,399256002,6.99,2,0.82,0.92,0.72,0.72,0.77,0.88,0.62,0.92,0.18,0.68,0.42,0.09,0.54,0.85,0.8,0.35,0.45,0.63,0.2,0.28,0.72,0.14,0.7,0.45,0.35,0.78,0.86,0.5,0.4,0.78,0.68,0.12,0.55,0.62,0.5,0.25,0.88,0.33,0.2,0.88,0.5,0.16,0.75,0.5,0.68,0.82,0.09,0.8,0.44,0.18,1,0.009089243086713095
2019-06-24,399256002,6.64,3,0.85,0.94,0.75,0.74,0.8,0.9,0.65,0.93,0.22,0.7,0.44,0.1,0.56,0.86,0.82,0.4,0.48,0.65,0.24,0.3,0.74,0.16,0.72,0.5,0.38,0.8,0.88,0.57,0.44,0.8,0.7,0.11,0.58,0.64,0.55,0.28,0.9,0.36,0.22,0.9,0.55,0.18,0.78,0.52,0.72,0.85,0.1,0.82,0.46,0.2,1,0.009418996603917729
2019-06-26,399256002,6.99,0,0.82,0.92,0.72,0.72,0.77,0.88,0.62,0.92,0.18,0.68,0.42,0.09,0.54,0.85,0.8,0.35,0.45,0.63,0.2,0.28,0.72,0.14,0.7,0.45,0.35,0.78,0.86,0.5,0.4,0.78,0.68,0.12,0.55,0.62,0.5,0.25,0.88,0.33,0.2,0.88,0.5,0.16,0.75,0.5,0.68,0.82,0.09,0.8,0.44,0.18,1,0.009089243086713095
2019-07-01,399256002,6.99,4,0.82,0.92,0.72,0.72,0.77,0.88,0.62,0.92,0.18,0.68,0.42,0.09,0.54,0.85,0.8,0.35,0.45,0.63,0.2,0.28,0.72,0.14,0.7,0.45,0.35,0.78,0.86,0.5,0.4,0.78,0.68,0.12,0.55,0.62,0.5,0.25,0.88,0.33,0.2,0.88,0.5,0.16,0.75,0.5,0.68,0.82,0.09,0.8,0.44,0.18,1,0.009089243086713095
2019-07-02,399256002,6.99,2,0.82,0.92,0.72,0.72,0.77,0.88,0.62,0.92,0.18,0.68,0.42,0.09,0.54,0.85,0.8,0.35,0.45,0.63,0.2,0.28,0.72,0.14,0.7,0.45,0.35,0.78,0.86,0.5,0.4,0.78,0.68,0.12,0.55,0.62,0.5,0.25,0.88,0.33,0.2,0.88,0.5,0.16,0.75,0.5,0.68,0.82,0.09,0.8,0.44,0.18,2,0.009089243086713095
2019-07-07,399256002,6.99,2,0.82,0.92,0.72,0.72,0.77,0.88,0.62,0.92,0.18,0.68,0.42,0.09,0.54,0.85,0.8,0.35,0.45,0.63,0.2,0.28,0.72,0.14,0.7,0.45,0.35,0.78,0.86,0.5,0.4,0.78,0.68,0.12,0.55,0.62,0.5,0.25,0.88,0.33,0.2,0.88,0.5,0.16,0.75,0.5,0.68,0.82,0.09,0.8,0.44,0.18,1,0.009089243086713095
2019-07-08,399256002,6.99,3,0.82,0.92,0.72,0.72,0.77,0.88,0.62,0.92,0.18,0.68,0.42,0.09,0.54,0.85,0.8,0.35,0.45,0.63,0.2,0.28,0.72,0.14,0.7,0.45,0.35,0.78,0.86,0.5,0.4,0.78,0.68,0.12,0.55,0.62,0.5,0.25,0.88,0.33,0.2,0.88,0.5,0.16,0.75,0.5,0.68,0.82,0.09,0.8,0.44,0.18,1,0.009089243086713095
2019-07-10,399256002,6.99,2,0.82,0.92,0.72,0.72,0.77,0.88,0.62,0.92,0.18,0.68,0.42,0.09,0.54,0.85,0.8,0.35,0.45,0.63,0.2,0.28,0.72,0.14,0.7,0.45,0.35,0.78,0.86,0.5,0.4,0.78,0.68,0.12,0.55,0.62,0.5,0.25,0.88,0.33,0.2,0.88,0.5,0.16,0.75,0.5,0.68,0.82,0.09,0.8,0.44,0.18,2,0.009089243086713095
2019-07-22,399256002,3.99,1,0.95,0.98,0.88,0.85,0.92,0.97,0.76,0.98,0.35,0.78,0.55,0.22,0.68,0.92,0.94,0.7,0.65,0.74,0.36,0.55,0.86,0.24,0.88,0.65,0.6,0.88,0.94,0.83,0.65,0.9,0.8,0.06,0.78,0.74,0.75,0.4,0.97,0.55,0.45,0.96,0.75,0.3,0.9,0.68,0.85,0.92,0.16,0.92,0.58,0.4,1,0.010732171817555711
2019-08-04,399256002,5.6,2,0.92,0.97,0.83,0.8,0.88,0.95,0.72,0.96,0.3,0.75,0.5,0.14,0.62,0.9,0.9,0.55,0.55,0.7,0.3,0.4,0.8,0.2,0.8,0.58,0.48,0.86,0.92,0.77,0.55,0.86,0.75,0.08,0.68,0.7,0.65,0.35,0.95,0.45,0.3,0.94,0.65,0.25,0.85,0.6,0.8,0.9,0.13,0.88,0.53,0.26,1,0.010091437811537535
2019-08-06,399256002,9.99,0,0.65,0.65,0.58,0.42,0.65,0.7,0.48,0.82,0.06,0.55,0.25,0.04,0.38,0.7,0.6,0.12,0.25,0.48,0.08,0.08,0.55,0.05,0.58,0.15,0.2,0.6,0.7,0.3,0.12,0.6,0.55,0.18,0.25,0.45,0.2,0.12,0.75,0.18,0.08,0.75,0.22,0.08,0.55,0.3,0.52,0.65,0.04,0.55,0.35,0.1,4,0.00755532570971291
2019-08-26,399256002,9.99,1,0.65,0.65,0.58,0.42,0.65,0.7,0.48,0.82,0.06,0.55,0.25,0.04,0.38,0.7,0.6,0.12,0.25,0.48,0.08,0.08,0.55,0.05,0.58,0.15,0.2,0.6,0.7,0.3,0.12,0.6,0.55,0.18,0.25,0.45,0.2,0.12,0.75,0.18,0.08,0.75,0.22,0.08,0.55,0.3,0.52,0.65,0.04,0.55,0.35,0.1,1,0.00755532570971291
2019-08-28,399256002,9.99,1,0.65,0.65,0.58,0.42,0.65,0.7,0.48,0.82,0.06,0.55,0.25,0.04,0.38,0.7,0.6,0.12,0.25,0.48,0.08,0.08,0.55,0.05,0.58,0.15,0.2,0.6,0.7,0.3,0.12,0.6,0.55,0.18,0.25,0.45,0.2,0.12,0.75,0.18,0.08,0.75,0.22,0.08,0.55,0.3,0.52,0.65,0.04,0.55,0.35,0.1,2,0.00755532570971291
2019-09-01,399256002,9.99,5,0.65,0.65,0.58,0.42,0.65,0.7,0.48,0.82,0.06,0.55,0.25,0.04,0.38,0.7,0.6,0.12,0.25,0.48,0.08,0.08,0.55,0.05,0.58,0.15,0.2,0.6,0.7,0.3,0.12,0.6,0.55,0.18,0.25,0.45,0.2,0.12,0.75,0.18,0.08,0.75,0.22,0.08,0.55,0.3,0.52,0.65,0.04,0.55,0.35,0.1,4,0.00755532570971291
2019-09-09,399256002,9.99,1,0.65,0.65,0.58,0.42,0.65,0.7,0.48,0.82,0.06,0.55,0.25,0.04,0.38,0.7,0.6,0.12,0.25,0.48,0.08,0.08,0.55,0.05,0.58,0.15,0.2,0.6,0.7,0.3,0.12,0.6,0.55,0.18,0.25,0.45,0.2,0.12,0.75,0.18,0.08,0.75,0.22,0.08,0.55,0.3,0.52,0.65,0.04,0.55,0.35,0.1,6,0.00755532570971291
2019-09-10,399256002,9.99,2,0.65,0.65,0.58,0.42,0.65,0.7,0.48,0.82,0.06,0.55,0.25,0.04,0.38,0.7,0.6,0.12,0.25,0.48,0.08,0.08,0.55,0.05,0.58,0.15,0.2,0.6,0.7,0.3,0.12,0.6,0.55,0.18,0.25,0.45,0.2,0.12,0.75,0.18,0.08,0.75,0.22,0.08,0.55,0.3,0.52,0.65,0.04,0.55,0.35,0.1,3,0.00755532570971291
2019-09-11,399256002,9.99,2,0.65,0.65,0.58,0.42,0.65,0.7,0.48,0.82,0.06,0.55,0.25,0.04,0.38,0.7,0.6,0.12,0.25,0.48,0.08,0.08,0.55,0.05,0.58,0.15,0.2,0.6,0.7,0.3,0.12,0.6,0.55,0.18,0.25,0.45,0.2,0.12,0.75,0.18,0.08,0.75,0.22,0.08,0.55,0.3,0.52,0.65,0.04,0.55,0.35,0.1,6,0.00755532570971291
2018-09-20,400342003,29.99,0,0.12,0.04,0.2,0.03,0.05,0.08,0.1,0.03,0.03,0.35,0.07,0.12,0.12,0.45,0.4,0.02,0.02,0.48,0.18,0.01,0.15,0.08,0.04,0.1,0.06,0.35,0.05,0.18,0.04,0.25,0.02,0.04,0.05,0.02,0.02,0.03,0.15,0.06,0.03,0.18,0.02,0.02,0.4,0.02,0.03,0.03,0.02,0.03,0.02,0.01,2,0.007168426969156766
2018-09-24,400342003,29.99,2,0.12,0.04,0.2,0.03,0.05,0.08,0.1,0.03,0.03,0.35,0.07,0.12,0.12,0.45,0.4,0.02,0.02,0.48,0.18,0.01,0.15,0.08,0.04,0.1,0.06,0.35,0.05,0.18,0.04,0.25,0.02,0.04,0.05,0.02,0.02,0.03,0.15,0.06,0.03,0.18,0.02,0.02,0.4,0.02,0.03,0.03,0.02,0.03,0.02,0.01,1,0.007168426969156766
2018-09-26,400342003,26.99,1,0.3,0.08,0.35,0.06,0.1,0.22,0.3,0.06,0.06,0.42,0.12,0.18,0.25,0.55,0.6,0.03,0.03,0.55,0.2,0.02,0.3,0.1,0.09,0.18,0.09,0.6,0.08,0.28,0.07,0.45,0.04,0.07,0.08,0.06,0.04,0.06,0.35,0.12,0.05,0.45,0.04,0.03,0.6,0.04,0.08,0.06,0.03,0.06,0.03,0.02,1,0.007853462036867707
