outputs/pricing/split_003/frac_0p5/synthetic_d2_train.csv
date,article_id,offer_price,demand,P001,P002,P003,P004,P005,P006,P007,P008,P009,P010,P011,P012,P013,P014,P015,P016,P017,P018,P019,P020,P021,P022,P023,P024,P025,P026,P027,P028,P029,P030,P031,P032,P033,P034,P035,P036,P037,P038,P039,P040,P041,P042,P043,P044,P045,P046,P047,P048,P049,P050,observed_demand,ground_truth_purchase_prob
2018-10-05,400342003,26.99,2,0.3,0.08,0.35,0.06,0.1,0.22,0.3,0.06,0.06,0.42,0.12,0.18,0.25,0.55,0.6,0.03,0.03,0.55,0.2,0.02,0.3,0.1,0.09,0.18,0.09,0.6,0.08,0.28,0.07,0.45,0.04,0.07,0.08,0.06,0.04,0.06,0.35,0.12,0.05,0.45,0.04,0.03,0.6,0.04,0.08,0.06,0.03,0.06,0.03,0.02,2,0.007853462036867707
2018-10-06,400342003,29.99,4,0.12,0.04,0.2,0.03,0.05,0.08,0.1,0.03,0.03,0.35,0.07,0.12,0.12,0.45,0.4,0.02,0.02,0.48,0.18,0.01,0.15,0.08,0.04,0.1,0.06,0.35,0.05,0.18,0.04,0.25,0.02,0.04,0.05,0.02,0.02,0.03,0.15,0.06,0.03,0.18,0.02,0.02,0.4,0.02,0.03,0.03,0.02,0.03,0.02,0.01,3,0.007168426969156766
2018-10-20,400342003,29.99,2,0.12,0.04,0.2,0.03,0.05,0.08,0.1,0.03,0.03,0.35,0.07,0.12,0.12,0.45,0.4,0.02,0.02,0.48,0.18,0.01,0.15,0.08,0.04,0.1,0.06,0.35,0.05,0.18,0.04,0.25,0.02,0.04,0.05,0.02,0.02,0.03,0.15,0.06,0.03,0.18,0.02,0.02,0.4,0.02,0.03,0.03,0.02,0.03,0.02,0.01,1,0.007168426969156766
2018-10-23,400342003,29.99,2,0.12,0.04,0.2,0.03,0.05,0.08,0.1,0.03,0.03,0.35,0.07,0.12,0.12,0.45,0.4,0.02,0.02,0.48,0.18,0.01,0.15,0.08,0.04,0.1,0.06,0.35,0.05,0.18,0.04,0.25,0.02,0.04,0.05,0.02,0.02,0.03,0.15,0.06,0.03,0.18,0.02,0.02,0.4,0.02,0.03,0.03,0.02,0.03,0.02,0.01,3,0.007168426969156766
2018-10-29,400342003,29.99,4,0.12,0.04,0.2,0.03,0.05,0.08,0.1,0.03,0.03,0.35,0.07,0.12,0.12,0.45,0.4,0.02,0.02,0.48,0.18,0.01,0.15,0.08,0.04,0.1,0.06,0.35,0.05,0.18,0.04,0.25,0.02,0.04,0.05,0.02,0.02,0.03,0.15,0.06,0.03,0.18,0.02,0.02,0.4,0.02,0.03,0.03,0.02,0.03,0.02,0.01,2,0.007168426969156766
2018-10-30,400342003,29.99,0,0.12,0.04,0.2,0.03,0.05,0.08,0.1,0.03,0.03,0.35,0.07,0.12,0.12,0.45,0.4,0.02,0.02,0.48,0.18,0.01,0.15,0.08,0.04,0.1,0.06,0.35,0.05,0.18,0.04,0.25,0.02,0.04,0.05,0.02,0.02,0.03,0.15,0.06,0.03,0.18,0.02,0.02,0.4,0.02,0.03,0.03,0.02,0.03,0.02,0.01,4,0.007168426969156766
2018-11-05,400342003,29.99,1,0.12,0.04,0.2,0.03,0.05,0.08,0.1,0.03,0.03,0.35,0.07,0.12,0.12,0.45,0.4,0.02,0.02,0.48,0.18,0.01,0.15,0.08,0.04,0.1,0.06,0.35,0.05,0.18,0.04,0.25,0.02,0.04,0.05,0.02,0.02,0.03,0.15,0.06,0.03,0.18,0.02,0.02,0.4,0.02,0.03,0.03,0.02,0.03,0.02,0.01,1,0.007168426969156766
2018-11-06,400342003,29.99,2,0.12,0.04,0.2,0.03,0.05,0.08,0.1,0.03,0.03,0.35,0.07,0.12,0.12,0.45,0.4,0.02,0.02,0.48,0.18,0.01,0.15,0.08,0.04,0.1,0.06,0.35,0.05,0.18,0.04,0.25,0.02,0.04,0.05,0.02,0.02,0.03,0.15,0.06,0.03,0.18,0.02,0.02,0.4,0.02,0.03,0.03,0.02,0.03,0.02,0.01,5,0.007168426969156766
2018-11-09,400342003,29.99,1,0.12,0.04,0.2,0.03,0.05,0.08,0.1,0.03,0.03,0.35,0.07,0.12,0.12,0.45,0.4,0.02,0.02,0.48,0.18,0.01,0.15,0.08,0.04,0.1,0.06,0.35,0.05,0.18,0.04,0.25,0.02,0.04,0.05,0.02,0.02,0.03,0.15,0.06,0.03,0.18,0.02,0.02,0.4,0.02,0.03,0.03,0.02,0.03,0.02,0.01,2,0.007168426969156766
2018-11-13,400342003,29.99,0,0.12,0.04,0.2,0.03,0.05,0.08,0.1,0.03,0.03,0.35,0.07,0.12,0.12,0.45,0.4,0.02,0.02,0.48,0.18,0.01,0.15,0.08,0.04,0.1,0.06,0.35,0.05,0.18,0.04,0.25,0.02,0.04,0.05,0.02,0.02,0.03,0.15,0.06,0.03,0.18,0.02,0.02,0.4,0.02,0.03,0.03,0.02,0.03,0.02,0.01,2,0.007168426969156766
2018-11-14,400342003,29.99,1,0.12,0.04,0.2,0.03,0.05,0.08,0.1,0.03,0.03,0.35,0.07,0.12,0.12,0.45,0.4,0.02,0.02,0.48,0.18,0.01,0.15,0.08,0.04,0.1,0.06,0.35,0.05,0.18,0.04,0.25,0.02,0.04,0.05,0.02,0.02,0.03,0.15,0.06,0.03,0.18,0.02,0.02,0.4,0.02,0.03,0.03,0.02,0.03,0.02,0.01,3,0.007168426969156766
2018-11-19,400342003,17.99,3,0.78,0.65,0.65,0.35,0.68,0.78,0.55,0.5,0.4,0.65,0.38,0.38,0.45,0.63,0.58,0.16,0.14,0.82,0.35,0.08,0.6,0.12,0.47,0.75,0.26,0.87,0.27,0.48,0.32,0.55,0.35,0.25,0.45,0.3,0.13,0.3,0.83,0.24,0.22,0.92,0.16,0.1,0.9,0.32,0.55,0.55,0.14,0.3,0.15,0.1,1,0.009270247681255684
2018-11-20,400342003,17.99,3,0.78,0.65,0.65,0.35,0.68,0.78,0.55,0.5,0.4,0.65,0.38,0.38,0.45,0.63,0.58,0.16,0.14,0.82,0.35,0.08,0.6,0.12,0.47,0.75,0.26,0.87,0.27,0.48,0.32,0.55,0.35,0.25,0.45,0.3,0.13,0.3,0.83,0.24,0.22,0.92,0.16,0.1,0.9,0.32,0.55,0.55,0.14,0.3,0.15,0.1,2,0.009270247681255684
2018-11-25,400342003,29.99,2,0.12,0.04,0.2,0.03,0.05,0.08,0.1,0.03,0.03,0.35,0.07,0.12,0.12,0.45,0.4,0.02,0.02,0.48,0.18,0.01,0.15,0.08,0.04,0.1,0.06,0.35,0.05,0.18,0.04,0.25,0.02,0.04,0.05,0.02,0.02,0.03,0.15,0.06,0.03,0.18,0.02,0.02,0.4,0.02,0.03,0.03,0.02,0.03,0.02,0.01,2,0.007168426969156766
2018-12-04,400342003,26.99,2,0.3,0.08,0.35,0.06,0.1,0.22,0.3,0.06,0.06,0.42,0.12,0.18,0.25,0.55,0.6,0.03,0.03,0.55,0.2,0.02,0.3,0.1,0.09,0.18,0.09,0.6,0.08,0.28,0.07,0.45,0.04,0.07,0.08,0.06,0.04,0.06,0.35,0.12,0.05,0.45,0.04,0.03,0.6,0.04,0.08,0.06,0.03,0.06,0.03,0.02,1,0.007853462036867707
2018-12-05,400342003,29.99,0,0.12,0.04,0.2,0.03,0.05,0.08,0.1,0.03,0.03,0.35,0.07,0.12,0.12,0.45,0.4,0.02,0.02,0.48,0.18,0.01,0.15,0.08,0.04,0.1,0.06,0.35,0.05,0.18,0.04,0.25,0.02,0.04,0.05,0.02,0.02,0.03,0.15,0.06,0.03,0.18,0.02,0.02,0.4,0.02,0.03,0.03,0.02,0.03,0.02,0.01,1,0.007168426969156766
2018-12-11,400342003,29.99,0,0.12,0.04,0.2,0.03,0.05,0.08,0.1,0.03,0.03,0.35,0.07,0.12,0.12,0.45,0.4,0.02,0.02,0.48,0.18,0.01,0.15,0.08,0.04,0.1,0.06,0.35,0.05,0.18,0.04,0.25,0.02,0.04,0.05,0.02,0.02,0.03,0.15,0.06,0.03,0.18,0.02,0.02,0.4,0.02,0.03,0.03,0.02,0.03,0.02,0.01,1,0.007168426969156766
2018-12-13,400342003,19.99,1,0.88,0.35,0.75,0.2,0.4,0.8,0.7,0.28,0.25,0.6,0.3,0.32,0.65,0.72,0.85,0.1,0.1,0.75,0.32,0.05,0.7,0.18,0.33,0.54,0.22,0.95,0.2,0.5,0.2,0.75,0.15,0.18,0.25,0.18,0.1,0.18,0.88,0.4,0.14,0.94,0.11,0.06,0.92,0.18,0.3,0.3,0.09,0.2,0.1,0.06,1,0.00960818159289915
2018-12-30,400342003,19.99,3,0.88,0.35,0.75,0.2,0.4,0.8,0.7,0.28,0.25,0.6,0.3,0.32,0.65,0.72,0.85,0.1,0.1,0.75,0.32,0.05,0.7,0.18,0.33,0.54,0.22,0.95,0.2,0.5,0.2,0.75,0.15,0.18,0.25,0.18,0.1,0.18,0.88,0.4,0.14,0.94,0.11,0.06,0.92,0.18,0.3,0.3,0.09,0.2,0.1,0.06,3,0.00960818159289915
2019-01-02,400342003,19.99,1,0.88,0.35,0.75,0.2,0.4,0.8,0.7,0.28,0.25,0.6,0.3,0.32,0.65,0.72,0.85,0.1,0.1,0.75,0.32,0.05,0.7,0.18,0.33,0.54,0.22,0.95,0.2,0.5,0.2,0.75,0.15,0.18,0.25,0.18,0.1,0.18,0.88,0.4,0.14,0.94,0.11,0.06,0.92,0.18,0.3,0.3,0.09,0.2,0.1,0.06,4,0.00960818159289915
2019-01-04,400342003,19.99,2,0.88,0.35,0.75,0.2,0.4,0.8,0.7,0.28,0.25,0.6,0.3,0.32,0.65,0.72,0.85,0.1,0.1,0.75,0.32,0.05,0.7,0.18,0.33,0.54,0.22,0.95,0.2,0.5,0.2,0.75,0.15,0.18,0.25,0.18,0.1,0.18,0.88,0.4,0.14,0.94,0.11,0.06,0.92,0.18,0.3,0.3,0.09,0.2,0.1,0.06,3,0.00960818159289915
2019-01-06,400342003,19.99,1,0.88,0.35,0.75,0.2,0.4,0.8,0.7,0.28,0.25,0.6,0.3,0.32,0.65,0.72,0.85,0.1,0.1,0.75,0.32,0.05,0.7,0.18,0.33,0.54,0.22,0.95,0.2,0.5,0.2,0.75,0.15,0.18,0.25,0.18,0.1,0.18,0.88,0.4,0.14,0.94,0.11,0.06,0.92,0.18,0.3,0.3,0.09,0.2,0.1,0.06,2,0.00960818159289915
2019-01-10,400342003,19.99,2,0.88,0.35,0.75,0.2,0.4,0.8,0.7,0.28,0.25,0.6,0.3,0.32,0.65,0.72,0.85,0.1,0.1,0.75,0.32,0.05,0.7,0.18,0.33,0.54,0.22,0.95,0.2,0.5,0.2,0.75,0.15,0.18,0.25,0.18,0.1,0.18,0.88,0.4,0.14,0.94,0.11,0.06,0.92,0.18,0.3,0.3,0.09,0.2,0.1,0.06,1,0.00960818159289915
2019-01-16,400342003,17.99,2,0.78,0.65,0.65,0.35,0.68,0.78,0.55,0.5,0.4,0.65,0.38,0.38,0.45,0.63,0.58,0.16,0.14,0.82,0.35,0.08,0.6,0.12,0.47,0.75,0.26,0.87,0.27,0.48,0.32,0.55,0.35,0.25,0.45,0.3,0.13,0.3,0.83,0.24,0.22,0.92,0.16,0.1,0.9,0.32,0.55,0.55,0.14,0.3,0.15,0.1,2,0.009270247681255684
2019-01-18,400342003,19.99,2,0.88,0.35,0.75,0.2,0.4,0.8,0.7,0.28,0.25,0.6,0.3,0.32,0.65,0.72,0.85,0.1,0.1,0.75,0.32,0.05,0.7,0.18,0.33,0.54,0.22,0.95,0.2,0.5,0.2,0.75,0.15,0.18,0.25,0.18,0.1,0.18,0.88,0.4,0.14,0.94,0.11,0.06,0.92,0.18,0.3,0.3,0.09,0.2,0.1,0.06,3,0.00960818159289915
2019-02-14,400342003,19.99,5,0.88,0.35,0.75,0.2,0.4,0.8,0.7,0.28,0.25,0.6,0.3,0.32,0.65,0.72,0.85,0.1,0.1,0.75,0.32,0.05,0.7,0.18,0.33,0.54,0.22,0.95,0.2,0.5,0.2,0.75,0.15,0.18,0.25,0.18,0.1,0.18,0.88,0.4,0.14,0.94,0.11,0.06,0.92,0.18,0.3,0.3,0.09,0.2,0.1,0.06,1,0.00960818159289915
2019-02-18,400342003,19.99,1,0.88,0.35,0.75,0.2,0.4,0.8,0.7,0.28,0.25,0.6,0.3,0.32,0.65,0.72,0.85,0.1,0.1,0.75,0.32,0.05,0.7,0.18,0.33,0.54,0.22,0.95,0.2,0.5,0.2,0.75,0.15,0.18,0.25,0.18,0.1,0.18,0.88,0.4,0.14,0.94,0.11,0.06,0.92,0.18,0.3,0.3,0.09,0.2,0.1,0.06,2,0.00960818159289915
2019-02-22,400342003,16.99,3,0.8,0.8,0.6,0.45,0.82,0.82,0.58,0.65,0.48,0.68,0.42,0.42,0.35,0.58,0.5,0.19,0.16,0.84,0.38,0.1,0.55,0.11,0.55,0.88,0.28,0.84,0.3,0.43,0.36,0.5,0.45,0.28,0.55,0.35,0.15,0.38,0.8,0.2,0.28,0.88,0.2,0.15,0.88,0.45,0.75,0.7,0.18,0.34,0.2,0.12,4,0.009368705022319018
2019-02-25,400342003,19.99,3,0.88,0.35,0.75,0.2,0.4,0.8,0.7,0.28,0.25,0.6,0.3,0.32,0.65,0.72,0.85,0.1,0.1,0.75,0.32,0.05,0.7,0.18,0.33,0.54,0.22,0.95,0.2,0.5,0.2,0.75,0.15,0.18,0.25,0.18,0.1,0.18,0.88,0.4,0.14,0.94,0.11,0.06,0.92,0.18,0.3,0.3,0.09,0.2,0.1,0.06,1,0.00960818159289915
2019-03-03,400342003,19.99,3,0.88,0.35,0.75,0.2,0.4,0.8,0.7,0.28,0.25,0.6,0.3,0.32,0.65,0.72,0.85,0.1,0.1,0.75,0.32,0.05,0.7,0.18,0.33,0.54,0.22,0.95,0.2,0.5,0.2,0.75,0.15,0.18,0.25,0.18,0.1,0.18,0.88,0.4,0.14,0.94,0.11,0.06,0.92,0.18,0.3,0.3,0.09,0.2,0.1,0.06,2,0.00960818159289915
2019-03-04,400342003,19.99,2,0.88,0.35,0.75,0.2,0.4,0.8,0.7,0.28,0.25,0.6,0.3,0.32,0.65,0.72,0.85,0.1,0.1,0.75,0.32,0.05,0.7,0.18,0.33,0.54,0.22,0.95,0.2,0.5,0.2,0.75,0.15,0.18,0.25,0.18,0.1,0.18,0.88,0.4,0.14,0.94,0.11,0.06,0.92,0.18,0.3,0.3,0.09,0.2,0.1,0.06,1,0.00960818159289915
2019-03-05,400342003,19.99,1,0.88,0.35,0.75,0.2,0.4,0.8,0.7,0.28,0.25,0.6,0.3,0.32,0.65,0.72,0.85,0.1,0.1,0.75,0.32,0.05,0.7,0.18,0.33,0.54,0.22,0.95,0.2,0.5,0.2,0.75,0.15,0.18,0.25,0.18,0.1,0.18,0.88,0.4,0.14,0.94,0.11,0.06,0.92,0.18,0.3,0.3,0.09,0.2,0.1,0.06,1,0.00960818159289915
2019-03-10,400342003,19.99,2,0.88,0.35,0.75,0.2,0.4,0.8,0.7,0.28,0.25,0.6,0.3,0.32,0.65,0.72,0.85,0.1,0.1,0.75,0.32,0.05,0.7,0.18,0.33,0.54,0.22,0.95,0.2,0.5,0.2,0.75,0.15,0.18,0.25,0.18,0.1,0.18,0.88,0.4,0.14,0.94,0.11,0.06,0.92,0.18,0.3,0.3,0.09,0.2,0.1,0.06,2,0.00960818159289915
2019-03-12,400342003,19.99,3,0.88,0.35,0.75,0.2,0.4,0.8,0.7,0.28,0.25,0.6,0.3,0.32,0.65,0.72,0.85,0.1,0.1,0.75,0.32,0.05,0.7,0.18,0.33,0.54,0.22,0.95,0.2,0.5,0.2,0.75,0.15,0.18,0.25,0.18,0.1,0.18,0.88,0.4,0.14,0.94,0.11,0.06,0.92,0.18,0.3,0.3,0.09,0.2,0.1,0.06,2,0.00960818159289915
2019-03-17,400342003,17.99,3,0.78,0.65,0.65,0.35,0.68,0.78,0.55,0.5,0.4,0.65,0.38,0.38,0.45,0.63,0.58,0.16,0.14,0.82,0.35,0.08,0.6,0.12,0.47,0.75,0.26,0.87,0.27,0.48,0.32,0.55,0.35,0.25,0.45,0.3,0.13,0.3,0.83,0.24,0.22,0.92,0.16,0.1,0.9,0.32,0.55,0.55,0.14,0.3,0.15,0.1,1,0.009270247681255684
2019-03-23,400342003,19.99,2,0.88,0.35,0.75,0.2,0.4,0.8,0.7,0.28,0.25,0.6,0.3,0.32,0.65,0.72,0.85,0.1,0.1,0.75,0.32,0.05,0.7,0.18,0.33,0.54,0.22,0.95,0.2,0.5,0.2,0.75,0.15,0.18,0.25,0.18,0.1,0.18,0.88,0.4,0.14,0.94,0.11,0.06,0.92,0.18,0.3,0.3,0.09,0.2,0.1,0.06,3,0.00960818159289915
2019-03-25,400342003,19.99,1,0.88,0.35,0.75,0.2,0.4,0.8,0.7,0.28,0.25,0.6,0.3,0.32,0.65,0.72,0.85,0.1,0.1,0.75,0.32,0.05,0.7,0.18,0.33,0.54,0.22,0.95,0.2,0.5,0.2,0.75,0.15,0.18,0.25,0.18,0.1,0.18,0.88,0.4,0.14,0.94,0.11,0.06,0.92,0.18,0.3,0.3,0.09,0.2,0.1,0.06,2,0.00960818159289915
2019-03-29,400342003,19.99,2,0.88,0.35,0.75,0.2,0.4,0.8,0.7,0.28,0.25,0.6,0.3,0.32,0.65,0.72,0.85,0.1,0.1,0.75,0.32,0.05,0.7,0.18,0.33,0.54,0.22,0.95,0.2,0.5,0.2,0.75,0.15,0.18,0.25,0.18,0.1,0.18,0.88,0.4,0.14,0.94,0.11,0.06,0.92,0.18,0.3,0.3,0.09,0.2,0.1,0.06,3,0.00960818159289915
2019-03-30,400342003,19.99,2,0.88,0.35,0.75,0.2,0.4,0.8,0.7,0.28,0.25,0.6,0.3,0.32,0.65,0.72,0.85,0.1,0.1,0.75,0.32,0.05,0.7,0.18,0.33,0.54,0.22,0.95,0.2,0.5,0.2,0.75,0.15,0.18,0.25,0.18,0.1,0.18,0.88,0.4,0.14,0.94,0.11,0.06,0.92,0.18,0.3,0.3,0.09,0.2,0.1,0.06,3,0.00960818159289915
2019-03-31,400342003,19.99,1,0.88,0.35,0.75,0.2,0.4,0.8,0.7,0.28,0.25,0.6,0.3,0.32,0.65,0.72,0.85,0.1,0.1,0.75,0.32,0.05,0.7,0.18,0.33,0.54,0.22,0.95,0.2,0.5,0.2,0.75,0.15,0.18,0.25,0.18,0.1,0.18,0.88,0.4,0.14,0.94,0.11,0.06,0.92,0.18,0.3,0.3,0.09,0.2,0.1,0.06,2,0.00960818159289915
2019-04-02,400342003,19.99,2,0.88,0.35,0.75,0.2,0.4,0.8,0.7,0.28,0.25,0.6,0.3,0.32,0.65,0.72,0.85,0.1,0.1,0.75,0.32,0.05,0.7,0.18,0.33,0.54,0.22,0.95,0.2,0.5,0.2,0.75,0.15,0.18,0.25,0.18,0.1,0.18,0.88,0.4,0.14,0.94,0.11,0.06,0.92,0.18,0.3,0.3,0.09,0.2,0.1,0.06,1,0.00960818159289915
2019-04-05,400342003,19.99,2,0.88,0.35,0.75,0.2,0.4,0.8,0.7,0.28,0.25,0.6,0.3,0.32,0.65,0.72,0.85,0.1,0.1,0.75,0.32,0.05,0.7,0.18,0.33,0.54,0.22,0.95,0.2,0.5,0.2,0.75,0.15,0.18,0.25,0.18,0.1,0.18,0.88,0.4,0.14,0.94,0.11,0.06,0.92,0.18,0.3,0.3,0.09,0.2,0.1,0.06,1,0.00960818159289915
2019-04-10,400342003,19.99,2,0.88,0.35,0.75,0.2,0.4,0.8,0.7,0.28,0.25,0.6,0.3,0.32,0.65,0.72,0.85,0.1,0.1,0.75,0.32,0.05,0.7,0.18,0.33,0.54,0.22,0.95,0.2,0.5,0.2,0.75,0.15,0.18,0.25,0.18,0.1,0.18,0.88,0.4,0.14,0.94,0.11,0.06,0.92,0.18,0.3,0.3,0.09,0.2,0.1,0.06,2,0.00960818159289915
2019-04-14,400342003,19.99,3,0.88,0.35,0.75,0.2,0.4,0.8,0.7,0.28,0.25,0.6,0.3,0.32,0.65,0.72,0.85,0.1,0.1,0.75,0.32,0.05,0.7,0.18,0.33,0.54,0.22,0.95,0.2,0.5,0.2,0.75,0.15,0.18,0.25,0.18,0.1,0.18,0.88,0.4,0.14,0.94,0.11,0.06,0.92,0.18,0.3,0.3,0.09,0.2,0.1,0.06,1,0.00960818159289915
2019-04-23,400342003,19.99,5,0.88,0.35,0.75,0.2,0.4,0.8,0.7,0.28,0.25,0.6,0.3,0.32,0.65,0.72,0.85,0.1,0.1,0.75,0.32,0.05,0.7,0.18,0.33,0.54,0.22,0.95,0.2,0.5,0.2,0.75,0.15,0.18,0.25,0.18,0.1,0.18,0.88,0.4,0.14,0.94,0.11,0.06,0.92,0.18,0.3,0.3,0.09,0.2,0.1,0.06,2,0.00960818159289915
2019-04-26,400342003,19.99,1,0.88,0.35,0.75,0.2,0.4,0.8,0.7,0.28,0.25,0.6,0.3,0.32,0.65,0.72,0.85,0.1,0.1,0.75,0.32,0.05,0.7,0.18,0.33,0.54,0.22,0.95,0.2,0.5,0.2,0.75,0.15,0.18,0.25,0.18,0.1,0.18,0.88,0.4,0.14,0.94,0.11,0.06,0.92,0.18,0.3,0.3,0.09,0.2,0.1,0.06,2,0.00960818159289915
2019-04-29,400342003,19.99,2,0.88,0.35,0.75,0.2,0.4,0.8,0.7,0.28,0.25,0.6,0.3,0.32,0.65,0.72,0.85,0.1,0.1,0.75,0.32,0.05,0.7,0.18,0.33,0.54,0.22,0.95,0.2,0.5,0.2,0.75,0.15,0.18,0.25,0.18,0.1,0.18,0.88,0.4,0.14,0.94,0.11,0.06,0.92,0.18,0.3,0.3,0.09,0.2,0.1,0.06,2,0.00960818159289915
2019-04-30,400342003,19.99,4,0.88,0.35,0.75,0.2,0.4,0.8,0.7,0.28,0.25,0.6,0.3,0.32,0.65,0.72,0.85,0.1,0.1,0.75,0.32,0.05,0.7,0.18,0.33,0.54,0.22,0.95,0.2,0.5,0.2,0.75,0.15,0.18,0.25,0.18,0.1,0.18,0.88,0.4,0.14,0.94,0.11,0.06,0.92,0.18,0.3,0.3,0.09,0.2,0.1,0.06,1,0.00960818159289915
2019-05-10,400342003,19.99,2,0.88,0.35,0.75,0.2,0.4,0.8,0.7,0.28,0.25,0.6,0.3,0.32,0.65,0.72,0.85,0.1,0.1,0.75,0.32,0.05,0.7,0.18,0.33,0.54,0.22,0.95,0.2,0.5,0.2,0.75,0.15,0.18,0.25,0.18,0.1,0.18,0.88,0.4,0.14,0.94,0.11,0.06,0.92,0.18,0.3,0.3,0.09,0.2,0.1,0.06,1,0.00960818159289915
2019-05-22,400342003,18.85,0,0.92,0.5,0.72,0.28,0.55,0.84,0.5,0.4,0.33,0.62,0.34,0.35,0.55,0.68,0.7,0.13,0.12,0.8,0.3,0.06,0.65,0.13,0.42,0.66,0.24,0.9,0.24,0.53,0.26,0.65,0.25,0.22,0.35,0.25,0.12,0.25,0.9,0.3,0.18,0.95,0.13,0.08,0.95,0.25,0.45,0.45,0.12,0.26,0.12,0.08,1,0.009111189420537548
2019-05-28,400342003,19.99,2,0.88,0.35,0.75,0.2,0.4,0.8,0.7,0.28,0.25,0.6,0.3,0.32,0.65,0.72,0.85,0.1,0.1,0.75,0.32,0.05,0.7,0.18,0.33,0.54,0.22,0.95,0.2,0.5,0.2,0.75,0.15,0.18,0.25,0.18,0.1,0.18,0.88,0.4,0.14,0.94,0.11,0.06,0.92,0.18,0.3,0.3,0.09,0.2,0.1,0.06,1,0.00960818159289915
2019-05-30,400342003,19.99,3,0.88,0.35,0.75,0.2,0.4,0.8,0.7,0.28,0.25,0.6,0.3,0.32,0.65,0.72,0.85,0.1,0.1,0.75,0.32,0.05,0.7,0.18,0.33,0.54,0.22,0.95,0.2,0.5,0.2,0.75,0.15,0.18,0.25,0.18,0.1,0.18,0.88,0.4,0.14,0.94,0.11,0.06,0.92,0.18,0.3,0.3,0.09,0.2,0.1,0.06,3,0.00960818159289915
2019-05-31,400342003,15.99,2,0.85,0.9,0.55,0.55,0.9,0.86,0.6,0.78,0.52,0.7,0.45,0.45,0.3,0.5,0.45,0.22,0.18,0.86,0.4,0.12,0.5,0.1,0.62,0.95,0.3,0.8,0.35,0.42,0.4,0.45,0.55,0.3,0.65,0.45,0.18,0.5,0.78,0.18,0.3,0.85,0.22,0.2,0.85,0.55,0.85,0.8,0.22,0.4,0.25,0.15,1,0.00942758374257248
2019-06-02,400342003,16.99,3,0.8,0.8,0.6,0.45,0.82,0.82,0.58,0.65,0.48,0.68,0.42,0.42,0.35,0.58,0.5,0.19,0.16,0.84,0.38,0.1,0.55,0.11,0.55,0.88,0.28,0.84,0.3,0.43,0.36,0.5,0.45,0.28,0.55,0.35,0.15,0.38,0.8,0.2,0.28,0.88,0.2,0.15,0.88,0.45,0.75,0.7,0.18,0.34,0.2,0.12,1,0.009368705022319018
2019-06-03,400342003,19.99,3,0.88,0.35,0.75,0.2,0.4,0.8,0.7,0.28,0.25,0.6,0.3,0.32,0.65,0.72,0.85,0.1,0.1,0.75,0.32,0.05,0.7,0.18,0.33,0.54,0.22,0.95,0.2,0.5,0.2,0.75,0.15,0.18,0.25,0.18,0.1,0.18,0.88,0.4,0.14,0.94,0.11,0.06,0.92,0.18,0.3,0.3,0.09,0.2,0.1,0.06,1,0.00960818159289915
2019-06-21,400342003,19.99,4,0.88,0.35,0.75,0.2,0.4,0.8,0.7,0.28,0.25,0.6,0.3,0.32,0.65,0.72,0.85,0.1,0.1,0.75,0.32,0.05,0.7,0.18,0.33,0.54,0.22,0.95,0.2,0.5,0.2,0.75,0.15,0.18,0.25,0.18,0.1,0.18,0.88,0.4,0.14,0.94,0.11,0.06,0.92,0.18,0.3,0.3,0.09,0.2,0.1,0.06,1,0.00960818159289915
2019-06-23,400342003,19.99,0,0.88,0.35,0.75,0.2,0.4,0.8,0.7,0.28,0.25,0.6,0.3,0.32,0.65,0.72,0.85,0.1,0.1,0.75,0.32,0.05,0.7,0.18,0.33,0.54,0.22,0.95,0.2,0.5,0.2,0.75,0.15,0.18,0.25,0.18,0.1,0.18,0.88,0.4,0.14,0.94,0.11,0.06,0.92,0.18,0.3,0.3,0.09,0.2,0.1,0.06,1,0.00960818159289915
2019-06-25,400342003,19.99,4,0.88,0.35,0.75,0.2,0.4,0.8,0.7,0.28,0.25,0.6,0.3,0.32,0.65,0.72,0.85,0.1,0.1,0.75,0.32,0.05,0.7,0.18,0.33,0.54,0.22,0.95,0.2,0.5,0.2,0.75,0.15,0.18,0.25,0.18,0.1,0.18,0.88,0.4,0.14,0.94,0.11,0.06,0.92,0.18,0.3,0.3,0.09,0.2,0.1,0.06,1,0.00960818159289915
2019-07-01,400342003,19.99,2,0.88,0.35,0.75,0.2,0.4,0.8,0.7,0.28,0.25,0.6,0.3,0.32,0.65,0.72,0.85,0.1,0.1,0.75,0.32,0.05,0.7,0.18,0.33,0.54,0.22,0.95,0.2,0.5,0.2,0.75,0.15,0.18,0.25,0.18,0.1,0.18,0.88,0.4,0.14,0.94,0.11,0.06,0.92,0.18,0.3,0.3,0.09,0.2,0.1,0.06,1,0.00960818159289915
2019-07-03,400342003,17.99,3,0.78,0.65,0.65,0.35,0.68,0.78,0.55,0.5,0.4,0.65,0.38,0.38,0.45,0.63,0.58,0.16,0.14,0.82,0.35,0.08,0.6,0.12,0.47,0.75,0.26,0.87,0.27,0.48,0.32,0.55,0.35,0.25,0.45,0.3,0.13,0.3,0.83,0.24,0.22,0.92,0.16,0.1,0.9,0.32,0.55,0.55,0.14,0.3,0.15,0.1,1,0.009270247681255684
2019-07-06,400342003,9.89,1,0.88,0.75,0.4,0.85,0.75,0.93,0.8,0.9,0.38,0.8,0.55,0.65,0.1,0.4,0.2,0.45,0.45,0.92,0.55,0.45,0.35,0.08,0.76,0.8,0.45,0.65,0.75,0.39,0.28,0.35,0.65,0.55,0.4,0.6,0.4,0.4,0.9,0.08,0.15,0.65,0.14,0.3,0.75,0.8,0.65,0.6,0.45,0.78,0.65,0.45,1,0.010371980078839415
2019-07-07,400342003,16.99,0,0.8,0.8,0.6,0.45,0.82,0.82,0.58,0.65,0.48,0.68,0.42,0.42,0.35,0.58,0.5,0.19,0.16,0.84,0.38,0.1,0.55,0.11,0.55,0.88,0.28,0.84,0.3,0.43,0.36,0.5,0.45,0.28,0.55,0.35,0.15,0.38,0.8,0.2,0.28,0.88,0.2,0.15,0.88,0.45,0.75,0.7,0.18,0.34,0.2,0.12,1,0.009368705022319018
2019-07-22,400342003,19.99,4,0.88,0.35,0.75,0.2,0.4,0.8,0.7,0.28,0.25,0.6,0.3,0.32,0.65,0.72,0.85,0.1,0.1,0.75,0.32,0.05,0.7,0.18,0.33,0.54,0.22,0.95,0.2,0.5,0.2,0.75,0.15,0.18,0.25,0.18,0.1,0.18,0.88,0.4,0.14,0.94,0.11,0.06,0.92,0.18,0.3,0.3,0.09,0.2,0.1,0.06,1,0.00960818159289915
2019-09-05,400342003,19.99,0,0.88,0.35,0.75,0.2,0.4,0.8,0.7,0.28,0.25,0.6,0.3,0.32,0.65,0.72,0.85,0.1,0.1,0.75,0.32,0.05,0.7,0.18,0.33,0.54,0.22,0.95,0.2,0.5,0.2,0.75,0.15,0.18,0.25,0.18,0.1,0.18,0.88,0.4,0.14,0.94,0.11,0.06,0.92,0.18,0.3,0.3,0.09,0.2,0.1,0.06,1,0.00960818159289915
2019-09-14,400342003,19.99,3,0.88,0.35,0.75,0.2,0.4,0.8,0.7,0.28,0.25,0.6,0.3,0.32,0.65,0.72,0.85,0.1,0.1,0.75,0.32,0.05,0.7,0.18,0.33,0.54,0.22,0.95,0.2,0.5,0.2,0.75,0.15,0.18,0.25,0.18,0.1,0.18,0.88,0.4,0.14,0.94,0.11,0.06,0.92,0.18,0.3,0.3,0.09,0.2,0.1,0.06,1,0.00960818159289915
