outputs/pricing/split_003/frac_0p5/synthetic_d2_train.csv
date,article_id,offer_price,demand,P001,P002,P003,P004,P005,P006,P007,P008,P009,P010,P011,P012,P013,P014,P015,P016,P017,P018,P019,P020,P021,P022,P023,P024,P025,P026,P027,P028,P029,P030,P031,P032,P033,P034,P035,P036,P037,P038,P039,P040,P041,P042,P043,P044,P045,P046,P047,P048,P049,P050,observed_demand,ground_truth_purchase_prob
2018-11-17,562245054,19.99,2,0.48,0.3,0.2,0.1,0.2,0.85,0.65,0.3,0.15,0.58,0.1,0.1,0.36,0.3,0.6,0.01,0.03,0.15,0.05,0.01,0.2,0.05,0.09,0.3,0.05,0.58,0.08,0.34,0.3,0.82,0.18,0.02,0.08,0.18,0.02,0.03,0.58,0.12,0.07,0.2,0.05,0.02,0.93,0.3,0.07,0.3,0.04,0.03,0.005,0.01,2,0.007291006066650093
2018-11-21,562245054,19.99,4,0.48,0.3,0.2,0.1,0.2,0.85,0.65,0.3,0.15,0.58,0.1,0.1,0.36,0.3,0.6,0.01,0.03,0.15,0.05,0.01,0.2,0.05,0.09,0.3,0.05,0.58,0.08,0.34,0.3,0.82,0.18,0.02,0.08,0.18,0.02,0.03,0.58,0.12,0.07,0.2,0.05,0.02,0.93,0.3,0.07,0.3,0.04,0.03,0.005,0.01,1,0.007291006066650093
2018-11-25,562245054,19.99,1,0.48,0.3,0.2,0.1,0.2,0.85,0.65,0.3,0.15,0.58,0.1,0.1,0.36,0.3,0.6,0.01,0.03,0.15,0.05,0.01,0.2,0.05,0.09,0.3,0.05,0.58,0.08,0.34,0.3,0.82,0.18,0.02,0.08,0.18,0.02,0.03,0.58,0.12,0.07,0.2,0.05,0.02,0.93,0.3,0.07,0.3,0.04,0.03,0.005,0.01,1,0.007291006066650093
2018-11-28,562245054,17.99,2,0.52,0.5,0.25,0.16,0.4,0.75,0.66,0.45,0.28,0.5,0.13,0.12,0.32,0.38,0.68,0.02,0.05,0.18,0.055,0.02,0.24,0.06,0.14,0.5,0.06,0.44,0.12,0.38,0.45,0.8,0.3,0.04,0.15,0.3,0.03,0.05,0.6,0.16,0.12,0.25,0.08,0.04,0.9,0.4,0.15,0.45,0.08,0.05,0.01,0.015,1,0.007410656752198773
2018-11-29,562245054,19.99,3,0.48,0.3,0.2,0.1,0.2,0.85,0.65,0.3,0.15,0.58,0.1,0.1,0.36,0.3,0.6,0.01,0.03,0.15,0.05,0.01,0.2,0.05,0.09,0.3,0.05,0.58,0.08,0.34,0.3,0.82,0.18,0.02,0.08,0.18,0.02,0.03,0.58,0.12,0.07,0.2,0.05,0.02,0.93,0.3,0.07,0.3,0.04,0.03,0.005,0.01,1,0.007291006066650093
2018-12-03,562245054,17.99,0,0.52,0.5,0.25,0.16,0.4,0.75,0.66,0.45,0.28,0.5,0.13,0.12,0.32,0.38,0.68,0.02,0.05,0.18,0.055,0.02,0.24,0.06,0.14,0.5,0.06,0.44,0.12,0.38,0.45,0.8,0.3,0.04,0.15,0.3,0.03,0.05,0.6,0.16,0.12,0.25,0.08,0.04,0.9,0.4,0.15,0.45,0.08,0.05,0.01,0.015,1,0.007410656752198773
2018-12-06,562245054,19.99,4,0.48,0.3,0.2,0.1,0.2,0.85,0.65,0.3,0.15,0.58,0.1,0.1,0.36,0.3,0.6,0.01,0.03,0.15,0.05,0.01,0.2,0.05,0.09,0.3,0.05,0.58,0.08,0.34,0.3,0.82,0.18,0.02,0.08,0.18,0.02,0.03,0.58,0.12,0.07,0.2,0.05,0.02,0.93,0.3,0.07,0.3,0.04,0.03,0.005,0.01,3,0.007291006066650093
2018-12-09,562245054,19.99,1,0.48,0.3,0.2,0.1,0.2,0.85,0.65,0.3,0.15,0.58,0.1,0.1,0.36,0.3,0.6,0.01,0.03,0.15,0.05,0.01,0.2,0.05,0.09,0.3,0.05,0.58,0.08,0.34,0.3,0.82,0.18,0.02,0.08,0.18,0.02,0.03,0.58,0.12,0.07,0.2,0.05,0.02,0.93,0.3,0.07,0.3,0.04,0.03,0.005,0.01,2,0.007291006066650093
2018-12-12,562245054,17.99,2,0.52,0.5,0.25,0.16,0.4,0.75,0.66,0.45,0.28,0.5,0.13,0.12,0.32,0.38,0.68,0.02,0.05,0.18,0.055,0.02,0.24,0.06,0.14,0.5,0.06,0.44,0.12,0.38,0.45,0.8,0.3,0.04,0.15,0.3,0.03,0.05,0.6,0.16,0.12,0.25,0.08,0.04,0.9,0.4,0.15,0.45,0.08,0.05,0.01,0.015,1,0.007410656752198773
2018-12-16,562245054,19.99,1,0.48,0.3,0.2,0.1,0.2,0.85,0.65,0.3,0.15,0.58,0.1,0.1,0.36,0.3,0.6,0.01,0.03,0.15,0.05,0.01,0.2,0.05,0.09,0.3,0.05,0.58,0.08,0.34,0.3,0.82,0.18,0.02,0.08,0.18,0.02,0.03,0.58,0.12,0.07,0.2,0.05,0.02,0.93,0.3,0.07,0.3,0.04,0.03,0.005,0.01,1,0.007291006066650093
2018-12-18,562245054,19.99,2,0.48,0.3,0.2,0.1,0.2,0.85,0.65,0.3,0.15,0.58,0.1,0.1,0.36,0.3,0.6,0.01,0.03,0.15,0.05,0.01,0.2,0.05,0.09,0.3,0.05,0.58,0.08,0.34,0.3,0.82,0.18,0.02,0.08,0.18,0.02,0.03,0.58,0.12,0.07,0.2,0.05,0.02,0.93,0.3,0.07,0.3,0.04,0.03,0.005,0.01,2,0.007291006066650093
2018-12-20,562245054,19.99,5,0.48,0.3,0.2,0.1,0.2,0.85,0.65,0.3,0.15,0.58,0.1,0.1,0.36,0.3,0.6,0.01,0.03,0.15,0.05,0.01,0.2,0.05,0.09,0.3,0.05,0.58,0.08,0.34,0.3,0.82,0.18,0.02,0.08,0.18,0.02,0.03,0.58,0.12,0.07,0.2,0.05,0.02,0.93,0.3,0.07,0.3,0.04,0.03,0.005,0.01,1,0.007291006066650093
2018-12-21,562245054,19.99,0,0.48,0.3,0.2,0.1,0.2,0.85,0.65,0.3,0.15,0.58,0.1,0.1,0.36,0.3,0.6,0.01,0.03,0.15,0.05,0.01,0.2,0.05,0.09,0.3,0.05,0.58,0.08,0.34,0.3,0.82,0.18,0.02,0.08,0.18,0.02,0.03,0.58,0.12,0.07,0.2,0.05,0.02,0.93,0.3,0.07,0.3,0.04,0.03,0.005,0.01,1,0.007291006066650093
2018-12-22,562245054,19.99,4,0.48,0.3,0.2,0.1,0.2,0.85,0.65,0.3,0.15,0.58,0.1,0.1,0.36,0.3,0.6,0.01,0.03,0.15,0.05,0.01,0.2,0.05,0.09,0.3,0.05,0.58,0.08,0.34,0.3,0.82,0.18,0.02,0.08,0.18,0.02,0.03,0.58,0.12,0.07,0.2,0.05,0.02,0.93,0.3,0.07,0.3,0.04,0.03,0.005,0.01,3,0.007291006066650093
2018-12-23,562245054,19.99,2,0.48,0.3,0.2,0.1,0.2,0.85,0.65,0.3,0.15,0.58,0.1,0.1,0.36,0.3,0.6,0.01,0.03,0.15,0.05,0.01,0.2,0.05,0.09,0.3,0.05,0.58,0.08,0.34,0.3,0.82,0.18,0.02,0.08,0.18,0.02,0.03,0.58,0.12,0.07,0.2,0.05,0.02,0.93,0.3,0.07,0.3,0.04,0.03,0.005,0.01,1,0.007291006066650093
2018-12-31,562245054,19.99,2,0.48,0.3,0.2,0.1,0.2,0.85,0.65,0.3,0.15,0.58,0.1,0.1,0.36,0.3,0.6,0.01,0.03,0.15,0.05,0.01,0.2,0.05,0.09,0.3,0.05,0.58,0.08,0.34,0.3,0.82,0.18,0.02,0.08,0.18,0.02,0.03,0.58,0.12,0.07,0.2,0.05,0.02,0.93,0.3,0.07,0.3,0.04,0.03,0.005,0.01,1,0.007291006066650093
2019-01-03,562245054,19.99,4,0.48,0.3,0.2,0.1,0.2,0.85,0.65,0.3,0.15,0.58,0.1,0.1,0.36,0.3,0.6,0.01,0.03,0.15,0.05,0.01,0.2,0.05,0.09,0.3,0.05,0.58,0.08,0.34,0.3,0.82,0.18,0.02,0.08,0.18,0.02,0.03,0.58,0.12,0.07,0.2,0.05,0.02,0.93,0.3,0.07,0.3,0.04,0.03,0.005,0.01,1,0.007291006066650093
2019-01-04,562245054,19.99,2,0.48,0.3,0.2,0.1,0.2,0.85,0.65,0.3,0.15,0.58,0.1,0.1,0.36,0.3,0.6,0.01,0.03,0.15,0.05,0.01,0.2,0.05,0.09,0.3,0.05,0.58,0.08,0.34,0.3,0.82,0.18,0.02,0.08,0.18,0.02,0.03,0.58,0.12,0.07,0.2,0.05,0.02,0.93,0.3,0.07,0.3,0.04,0.03,0.005,0.01,2,0.007291006066650093
2019-01-09,562245054,17.99,3,0.52,0.5,0.25,0.16,0.4,0.75,0.66,0.45,0.28,0.5,0.13,0.12,0.32,0.38,0.68,0.02,0.05,0.18,0.055,0.02,0.24,0.06,0.14,0.5,0.06,0.44,0.12,0.38,0.45,0.8,0.3,0.04,0.15,0.3,0.03,0.05,0.6,0.16,0.12,0.25,0.08,0.04,0.9,0.4,0.15,0.45,0.08,0.05,0.01,0.015,1,0.007410656752198773
2019-01-11,562245054,19.99,1,0.48,0.3,0.2,0.1,0.2,0.85,0.65,0.3,0.15,0.58,0.1,0.1,0.36,0.3,0.6,0.01,0.03,0.15,0.05,0.01,0.2,0.05,0.09,0.3,0.05,0.58,0.08,0.34,0.3,0.82,0.18,0.02,0.08,0.18,0.02,0.03,0.58,0.12,0.07,0.2,0.05,0.02,0.93,0.3,0.07,0.3,0.04,0.03,0.005,0.01,2,0.007291006066650093
2019-01-14,562245054,17.99,1,0.52,0.5,0.25,0.16,0.4,0.75,0.66,0.45,0.28,0.5,0.13,0.12,0.32,0.38,0.68,0.02,0.05,0.18,0.055,0.02,0.24,0.06,0.14,0.5,0.06,0.44,0.12,0.38,0.45,0.8,0.3,0.04,0.15,0.3,0.03,0.05,0.6,0.16,0.12,0.25,0.08,0.04,0.9,0.4,0.15,0.45,0.08,0.05,0.01,0.015,1,0.007410656752198773
2019-01-22,562245054,19.99,0,0.48,0.3,0.2,0.1,0.2,0.85,0.65,0.3,0.15,0.58,0.1,0.1,0.36,0.3,0.6,0.01,0.03,0.15,0.05,0.01,0.2,0.05,0.09,0.3,0.05,0.58,0.08,0.34,0.3,0.82,0.18,0.02,0.08,0.18,0.02,0.03,0.58,0.12,0.07,0.2,0.05,0.02,0.93,0.3,0.07,0.3,0.04,0.03,0.005,0.01,1,0.007291006066650093
2019-01-24,562245054,19.99,4,0.48,0.3,0.2,0.1,0.2,0.85,0.65,0.3,0.15,0.58,0.1,0.1,0.36,0.3,0.6,0.01,0.03,0.15,0.05,0.01,0.2,0.05,0.09,0.3,0.05,0.58,0.08,0.34,0.3,0.82,0.18,0.02,0.08,0.18,0.02,0.03,0.58,0.12,0.07,0.2,0.05,0.02,0.93,0.3,0.07,0.3,0.04,0.03,0.005,0.01,1,0.007291006066650093
2019-01-27,562245054,19.99,5,0.48,0.3,0.2,0.1,0.2,0.85,0.65,0.3,0.15,0.58,0.1,0.1,0.36,0.3,0.6,0.01,0.03,0.15,0.05,0.01,0.2,0.05,0.09,0.3,0.05,0.58,0.08,0.34,0.3,0.82,0.18,0.02,0.08,0.18,0.02,0.03,0.58,0.12,0.07,0.2,0.05,0.02,0.93,0.3,0.07,0.3,0.04,0.03,0.005,0.01,2,0.007291006066650093
2019-01-30,562245054,19.99,2,0.48,0.3,0.2,0.1,0.2,0.85,0.65,0.3,0.15,0.58,0.1,0.1,0.36,0.3,0.6,0.01,0.03,0.15,0.05,0.01,0.2,0.05,0.09,0.3,0.05,0.58,0.08,0.34,0.3,0.82,0.18,0.02,0.08,0.18,0.02,0.03,0.58,0.12,0.07,0.2,0.05,0.02,0.93,0.3,0.07,0.3,0.04,0.03,0.005,0.01,2,0.007291006066650093
2019-02-01,562245054,19.99,4,0.48,0.3,0.2,0.1,0.2,0.85,0.65,0.3,0.15,0.58,0.1,0.1,0.36,0.3,0.6,0.01,0.03,0.15,0.05,0.01,0.2,0.05,0.09,0.3,0.05,0.58,0.08,0.34,0.3,0.82,0.18,0.02,0.08,0.18,0.02,0.03,0.58,0.12,0.07,0.2,0.05,0.02,0.93,0.3,0.07,0.3,0.04,0.03,0.005,0.01,3,0.007291006066650093
2019-02-02,562245054,19.99,2,0.48,0.3,0.2,0.1,0.2,0.85,0.65,0.3,0.15,0.58,0.1,0.1,0.36,0.3,0.6,0.01,0.03,0.15,0.05,0.01,0.2,0.05,0.09,0.3,0.05,0.58,0.08,0.34,0.3,0.82,0.18,0.02,0.08,0.18,0.02,0.03,0.58,0.12,0.07,0.2,0.05,0.02,0.93,0.3,0.07,0.3,0.04,0.03,0.005,0.01,1,0.007291006066650093
2019-02-13,562245054,19.99,0,0.48,0.3,0.2,0.1,0.2,0.85,0.65,0.3,0.15,0.58,0.1,0.1,0.36,0.3,0.6,0.01,0.03,0.15,0.05,0.01,0.2,0.05,0.09,0.3,0.05,0.58,0.08,0.34,0.3,0.82,0.18,0.02,0.08,0.18,0.02,0.03,0.58,0.12,0.07,0.2,0.05,0.02,0.93,0.3,0.07,0.3,0.04,0.03,0.005,0.01,1,0.007291006066650093
2019-02-14,562245054,16.99,0,0.56,0.65,0.28,0.22,0.55,0.6,0.68,0.6,0.38,0.53,0.15,0.15,0.28,0.42,0.7,0.03,0.06,0.2,0.06,0.03,0.26,0.07,0.22,0.7,0.07,0.46,0.14,0.42,0.55,0.78,0.45,0.06,0.22,0.45,0.04,0.07,0.62,0.18,0.15,0.28,0.12,0.06,0.88,0.55,0.28,0.55,0.11,0.06,0.015,0.02,1,0.007546867852719888
2019-02-21,562245054,16.99,3,0.56,0.65,0.28,0.22,0.55,0.6,0.68,0.6,0.38,0.53,0.15,0.15,0.28,0.42,0.7,0.03,0.06,0.2,0.06,0.03,0.26,0.07,0.22,0.7,0.07,0.46,0.14,0.42,0.55,0.78,0.45,0.06,0.22,0.45,0.04,0.07,0.62,0.18,0.15,0.28,0.12,0.06,0.88,0.55,0.28,0.55,0.11,0.06,0.015,0.02,2,0.007546867852719888
2019-02-22,562245054,16.99,2,0.56,0.65,0.28,0.22,0.55,0.6,0.68,0.6,0.38,0.53,0.15,0.15,0.28,0.42,0.7,0.03,0.06,0.2,0.06,0.03,0.26,0.07,0.22,0.7,0.07,0.46,0.14,0.42,0.55,0.78,0.45,0.06,0.22,0.45,0.04,0.07,0.62,0.18,0.15,0.28,0.12,0.06,0.88,0.55,0.28,0.55,0.11,0.06,0.015,0.02,3,0.007546867852719888
2019-03-01,562245054,19.99,4,0.48,0.3,0.2,0.1,0.2,0.85,0.65,0.3,0.15,0.58,0.1,0.1,0.36,0.3,0.6,0.01,0.03,0.15,0.05,0.01,0.2,0.05,0.09,0.3,0.05,0.58,0.08,0.34,0.3,0.82,0.18,0.02,0.08,0.18,0.02,0.03,0.58,0.12,0.07,0.2,0.05,0.02,0.93,0.3,0.07,0.3,0.04,0.03,0.005,0.01,2,0.007291006066650093
2019-03-02,562245054,19.99,0,0.48,0.3,0.2,0.1,0.2,0.85,0.65,0.3,0.15,0.58,0.1,0.1,0.36,0.3,0.6,0.01,0.03,0.15,0.05,0.01,0.2,0.05,0.09,0.3,0.05,0.58,0.08,0.34,0.3,0.82,0.18,0.02,0.08,0.18,0.02,0.03,0.58,0.12,0.07,0.2,0.05,0.02,0.93,0.3,0.07,0.3,0.04,0.03,0.005,0.01,1,0.007291006066650093
2019-03-13,562245054,19.99,0,0.48,0.3,0.2,0.1,0.2,0.85,0.65,0.3,0.15,0.58,0.1,0.1,0.36,0.3,0.6,0.01,0.03,0.15,0.05,0.01,0.2,0.05,0.09,0.3,0.05,0.58,0.08,0.34,0.3,0.82,0.18,0.02,0.08,0.18,0.02,0.03,0.58,0.12,0.07,0.2,0.05,0.02,0.93,0.3,0.07,0.3,0.04,0.03,0.005,0.01,1,0.007291006066650093
2019-03-15,562245054,19.99,1,0.48,0.3,0.2,0.1,0.2,0.85,0.65,0.3,0.15,0.58,0.1,0.1,0.36,0.3,0.6,0.01,0.03,0.15,0.05,0.01,0.2,0.05,0.09,0.3,0.05,0.58,0.08,0.34,0.3,0.82,0.18,0.02,0.08,0.18,0.02,0.03,0.58,0.12,0.07,0.2,0.05,0.02,0.93,0.3,0.07,0.3,0.04,0.03,0.005,0.01,1,0.007291006066650093
2019-03-18,562245054,19.99,2,0.48,0.3,0.2,0.1,0.2,0.85,0.65,0.3,0.15,0.58,0.1,0.1,0.36,0.3,0.6,0.01,0.03,0.15,0.05,0.01,0.2,0.05,0.09,0.3,0.05,0.58,0.08,0.34,0.3,0.82,0.18,0.02,0.08,0.18,0.02,0.03,0.58,0.12,0.07,0.2,0.05,0.02,0.93,0.3,0.07,0.3,0.04,0.03,0.005,0.01,2,0.007291006066650093
2019-03-19,562245054,19.99,0,0.48,0.3,0.2,0.1,0.2,0.85,0.65,0.3,0.15,0.58,0.1,0.1,0.36,0.3,0.6,0.01,0.03,0.15,0.05,0.01,0.2,0.05,0.09,0.3,0.05,0.58,0.08,0.34,0.3,0.82,0.18,0.02,0.08,0.18,0.02,0.03,0.58,0.12,0.07,0.2,0.05,0.02,0.93,0.3,0.07,0.3,0.04,0.03,0.005,0.01,1,0.007291006066650093
2019-03-21,562245054,19.99,4,0.48,0.3,0.2,0.1,0.2,0.85,0.65,0.3,0.15,0.58,0.1,0.1,0.36,0.3,0.6,0.01,0.03,0.15,0.05,0.01,0.2,0.05,0.09,0.3,0.05,0.58,0.08,0.34,0.3,0.82,0.18,0.02,0.08,0.18,0.02,0.03,0.58,0.12,0.07,0.2,0.05,0.02,0.93,0.3,0.07,0.3,0.04,0.03,0.005,0.01,2,0.007291006066650093
2019-03-24,562245054,19.99,1,0.48,0.3,0.2,0.1,0.2,0.85,0.65,0.3,0.15,0.58,0.1,0.1,0.36,0.3,0.6,0.01,0.03,0.15,0.05,0.01,0.2,0.05,0.09,0.3,0.05,0.58,0.08,0.34,0.3,0.82,0.18,0.02,0.08,0.18,0.02,0.03,0.58,0.12,0.07,0.2,0.05,0.02,0.93,0.3,0.07,0.3,0.04,0.03,0.005,0.01,1,0.007291006066650093
2019-04-06,562245054,7.99,2,0.88,0.88,0.54,0.48,0.88,0.82,0.88,0.65,0.27,0.68,0.35,0.35,0.09,0.66,0.88,0.18,0.3,0.35,0.12,0.13,0.5,0.15,0.55,0.96,0.2,0.72,0.82,0.78,0.4,0.5,0.7,0.45,0.6,0.78,0.19,0.2,0.83,0.33,0.4,0.6,0.2,0.18,0.72,0.82,0.58,0.82,0.22,0.28,0.08,0.18,1,0.008820379839618104
2019-04-12,562245054,19.99,3,0.48,0.3,0.2,0.1,0.2,0.85,0.65,0.3,0.15,0.58,0.1,0.1,0.36,0.3,0.6,0.01,0.03,0.15,0.05,0.01,0.2,0.05,0.09,0.3,0.05,0.58,0.08,0.34,0.3,0.82,0.18,0.02,0.08,0.18,0.02,0.03,0.58,0.12,0.07,0.2,0.05,0.02,0.93,0.3,0.07,0.3,0.04,0.03,0.005,0.01,1,0.007291006066650093
2019-04-26,562245054,19.99,2,0.48,0.3,0.2,0.1,0.2,0.85,0.65,0.3,0.15,0.58,0.1,0.1,0.36,0.3,0.6,0.01,0.03,0.15,0.05,0.01,0.2,0.05,0.09,0.3,0.05,0.58,0.08,0.34,0.3,0.82,0.18,0.02,0.08,0.18,0.02,0.03,0.58,0.12,0.07,0.2,0.05,0.02,0.93,0.3,0.07,0.3,0.04,0.03,0.005,0.01,1,0.007291006066650093
2019-04-29,562245054,19.99,1,0.48,0.3,0.2,0.1,0.2,0.85,0.65,0.3,0.15,0.58,0.1,0.1,0.36,0.3,0.6,0.01,0.03,0.15,0.05,0.01,0.2,0.05,0.09,0.3,0.05,0.58,0.08,0.34,0.3,0.82,0.18,0.02,0.08,0.18,0.02,0.03,0.58,0.12,0.07,0.2,0.05,0.02,0.93,0.3,0.07,0.3,0.04,0.03,0.005,0.01,1,0.007291006066650093
2019-04-30,562245054,19.99,2,0.48,0.3,0.2,0.1,0.2,0.85,0.65,0.3,0.15,0.58,0.1,0.1,0.36,0.3,0.6,0.01,0.03,0.15,0.05,0.01,0.2,0.05,0.09,0.3,0.05,0.58,0.08,0.34,0.3,0.82,0.18,0.02,0.08,0.18,0.02,0.03,0.58,0.12,0.07,0.2,0.05,0.02,0.93,0.3,0.07,0.3,0.04,0.03,0.005,0.01,1,0.007291006066650093
2019-05-03,562245054,19.99,1,0.48,0.3,0.2,0.1,0.2,0.85,0.65,0.3,0.15,0.58,0.1,0.1,0.36,0.3,0.6,0.01,0.03,0.15,0.05,0.01,0.2,0.05,0.09,0.3,0.05,0.58,0.08,0.34,0.3,0.82,0.18,0.02,0.08,0.18,0.02,0.03,0.58,0.12,0.07,0.2,0.05,0.02,0.93,0.3,0.07,0.3,0.04,0.03,0.005,0.01,1,0.007291006066650093
2019-05-08,562245054,19.99,1,0.48,0.3,0.2,0.1,0.2,0.85,0.65,0.3,0.15,0.58,0.1,0.1,0.36,0.3,0.6,0.01,0.03,0.15,0.05,0.01,0.2,0.05,0.09,0.3,0.05,0.58,0.08,0.34,0.3,0.82,0.18,0.02,0.08,0.18,0.02,0.03,0.58,0.12,0.07,0.2,0.05,0.02,0.93,0.3,0.07,0.3,0.04,0.03,0.005,0.01,1,0.007291006066650093
2019-05-25,562245054,6.49,1,0.92,0.92,0.6,0.55,0.94,0.9,0.92,0.78,0.22,0.75,0.42,0.4,0.07,0.72,0.91,0.13,0.38,0.4,0.14,0.11,0.57,0.2,0.68,0.97,0.28,0.78,0.9,0.86,0.48,0.42,0.79,0.38,0.68,0.85,0.24,0.28,0.91,0.4,0.5,0.7,0.28,0.25,0.68,0.88,0.7,0.9,0.3,0.36,0.11,0.25,1,0.00934367223093206
2019-06-08,562245054,19.99,2,0.48,0.3,0.2,0.1,0.2,0.85,0.65,0.3,0.15,0.58,0.1,0.1,0.36,0.3,0.6,0.01,0.03,0.15,0.05,0.01,0.2,0.05,0.09,0.3,0.05,0.58,0.08,0.34,0.3,0.82,0.18,0.02,0.08,0.18,0.02,0.03,0.58,0.12,0.07,0.2,0.05,0.02,0.93,0.3,0.07,0.3,0.04,0.03,0.005,0.01,1,0.007291006066650093
2019-07-10,562245054,9.99,1,0.82,0.82,0.45,0.4,0.8,0.72,0.8,0.5,0.32,0.6,0.28,0.3,0.12,0.6,0.86,0.22,0.2,0.3,0.1,0.18,0.4,0.12,0.42,0.92,0.15,0.65,0.75,0.7,0.35,0.6,0.58,0.3,0.45,0.7,0.16,0.15,0.75,0.28,0.3,0.5,0.15,0.12,0.78,0.75,0.45,0.75,0.12,0.22,0.07,0.12,1,0.008320712161982446
2019-07-15,562245054,9.99,0,0.82,0.82,0.45,0.4,0.8,0.72,0.8,0.5,0.32,0.6,0.28,0.3,0.12,0.6,0.86,0.22,0.2,0.3,0.1,0.18,0.4,0.12,0.42,0.92,0.15,0.65,0.75,0.7,0.35,0.6,0.58,0.3,0.45,0.7,0.16,0.15,0.75,0.28,0.3,0.5,0.15,0.12,0.78,0.75,0.45,0.75,0.12,0.22,0.07,0.12,1,0.008320712161982446
2019-07-19,562245054,9.99,2,0.82,0.82,0.45,0.4,0.8,0.72,0.8,0.5,0.32,0.6,0.28,0.3,0.12,0.6,0.86,0.22,0.2,0.3,0.1,0.18,0.4,0.12,0.42,0.92,0.15,0.65,0.75,0.7,0.35,0.6,0.58,0.3,0.45,0.7,0.16,0.15,0.75,0.28,0.3,0.5,0.15,0.12,0.78,0.75,0.45,0.75,0.12,0.22,0.07,0.12,1,0.008320712161982446
2019-07-23,562245054,9.99,3,0.82,0.82,0.45,0.4,0.8,0.72,0.8,0.5,0.32,0.6,0.28,0.3,0.12,0.6,0.86,0.22,0.2,0.3,0.1,0.18,0.4,0.12,0.42,0.92,0.15,0.65,0.75,0.7,0.35,0.6,0.58,0.3,0.45,0.7,0.16,0.15,0.75,0.28,0.3,0.5,0.15,0.12,0.78,0.75,0.45,0.75,0.12,0.22,0.07,0.12,1,0.008320712161982446
2019-07-28,562245054,9.99,2,0.82,0.82,0.45,0.4,0.8,0.72,0.8,0.5,0.32,0.6,0.28,0.3,0.12,0.6,0.86,0.22,0.2,0.3,0.1,0.18,0.4,0.12,0.42,0.92,0.15,0.65,0.75,0.7,0.35,0.6,0.58,0.3,0.45,0.7,0.16,0.15,0.75,0.28,0.3,0.5,0.15,0.12,0.78,0.75,0.45,0.75,0.12,0.22,0.07,0.12,2,0.008320712161982446
2019-08-09,562245054,9.99,6,0.82,0.82,0.45,0.4,0.8,0.72,0.8,0.5,0.32,0.6,0.28,0.3,0.12,0.6,0.86,0.22,0.2,0.3,0.1,0.18,0.4,0.12,0.42,0.92,0.15,0.65,0.75,0.7,0.35,0.6,0.58,0.3,0.45,0.7,0.16,0.15,0.75,0.28,0.3,0.5,0.15,0.12,0.78,0.75,0.45,0.75,0.12,0.22,0.07,0.12,1,0.008320712161982446
2019-08-13,562245054,9.99,3,0.82,0.82,0.45,0.4,0.8,0.72,0.8,0.5,0.32,0.6,0.28,0.3,0.12,0.6,0.86,0.22,0.2,0.3,0.1,0.18,0.4,0.12,0.42,0.92,0.15,0.65,0.75,0.7,0.35,0.6,0.58,0.3,0.45,0.7,0.16,0.15,0.75,0.28,0.3,0.5,0.15,0.12,0.78,0.75,0.45,0.75,0.12,0.22,0.07,0.12,1,0.008320712161982446
2019-08-14,562245054,6.99,2,0.9,0.9,0.58,0.52,0.92,0.88,0.9,0.74,0.24,0.72,0.4,0.38,0.08,0.7,0.9,0.14,0.35,0.38,0.13,0.11,0.55,0.18,0.62,0.97,0.25,0.76,0.88,0.84,0.45,0.45,0.76,0.4,0.65,0.82,0.22,0.25,0.89,0.38,0.45,0.68,0.24,0.22,0.7,0.86,0.65,0.88,0.27,0.33,0.1,0.22,1,0.009099476606637402
2019-08-19,562245054,4.99,3,0.95,0.95,0.65,0.62,0.98,0.95,0.95,0.88,0.18,0.8,0.48,0.45,0.05,0.78,0.93,0.1,0.45,0.45,0.18,0.14,0.6,0.25,0.78,0.95,0.35,0.82,0.95,0.92,0.55,0.35,0.86,0.3,0.75,0.92,0.3,0.4,0.95,0.48,0.6,0.75,0.35,0.3,0.6,0.92,0.8,0.95,0.4,0.45,0.14,0.35,1,0.009964089613707395
