outputs/pricing/split_003/frac_0p5/synthetic_d2_train.csv
date,article_id,offer_price,demand,P001,P002,P003,P004,P005,P006,P007,P008,P009,P010,P011,P012,P013,P014,P015,P016,P017,P018,P019,P020,P021,P022,P023,P024,P025,P026,P027,P028,P029,P030,P031,P032,P033,P034,P035,P036,P037,P038,P039,P040,P041,P042,P043,P044,P045,P046,P047,P048,P049,P050,observed_demand,ground_truth_purchase_prob
2018-09-30,562245058,19.99,6,0.85,0.28,0.4,0.15,0.3,0.95,0.55,0.18,0.1,0.3,0.2,0.06,0.25,0.48,0.4,0.03,0.05,0.3,0.3,0.01,0.3,0.06,0.15,0.04,0.05,0.3,0.12,0.22,0.22,0.28,0.25,0.02,0.12,0.2,0.04,0.02,0.86,0.09,0.02,0.68,0.07,0.05,0.88,0.18,0.18,0.4,0.05,0.04,0.03,0.02,4,0.008220974806362967
2018-10-07,562245058,19.99,2,0.85,0.28,0.4,0.15,0.3,0.95,0.55,0.18,0.1,0.3,0.2,0.06,0.25,0.48,0.4,0.03,0.05,0.3,0.3,0.01,0.3,0.06,0.15,0.04,0.05,0.3,0.12,0.22,0.22,0.28,0.25,0.02,0.12,0.2,0.04,0.02,0.86,0.09,0.02,0.68,0.07,0.05,0.88,0.18,0.18,0.4,0.05,0.04,0.03,0.02,7,0.008220974806362967
2018-10-21,562245058,19.99,2,0.85,0.28,0.4,0.15,0.3,0.95,0.55,0.18,0.1,0.3,0.2,0.06,0.25,0.48,0.4,0.03,0.05,0.3,0.3,0.01,0.3,0.06,0.15,0.04,0.05,0.3,0.12,0.22,0.22,0.28,0.25,0.02,0.12,0.2,0.04,0.02,0.86,0.09,0.02,0.68,0.07,0.05,0.88,0.18,0.18,0.4,0.05,0.04,0.03,0.02,2,0.008220974806362967
2018-11-05,562245058,19.99,5,0.85,0.28,0.4,0.15,0.3,0.95,0.55,0.18,0.1,0.3,0.2,0.06,0.25,0.48,0.4,0.03,0.05,0.3,0.3,0.01,0.3,0.06,0.15,0.04,0.05,0.3,0.12,0.22,0.22,0.28,0.25,0.02,0.12,0.2,0.04,0.02,0.86,0.09,0.02,0.68,0.07,0.05,0.88,0.18,0.18,0.4,0.05,0.04,0.03,0.02,2,0.008220974806362967
2018-11-11,562245058,19.99,1,0.85,0.28,0.4,0.15,0.3,0.95,0.55,0.18,0.1,0.3,0.2,0.06,0.25,0.48,0.4,0.03,0.05,0.3,0.3,0.01,0.3,0.06,0.15,0.04,0.05,0.3,0.12,0.22,0.22,0.28,0.25,0.02,0.12,0.2,0.04,0.02,0.86,0.09,0.02,0.68,0.07,0.05,0.88,0.18,0.18,0.4,0.05,0.04,0.03,0.02,1,0.008220974806362967
2018-11-20,562245058,19.99,1,0.85,0.28,0.4,0.15,0.3,0.95,0.55,0.18,0.1,0.3,0.2,0.06,0.25,0.48,0.4,0.03,0.05,0.3,0.3,0.01,0.3,0.06,0.15,0.04,0.05,0.3,0.12,0.22,0.22,0.28,0.25,0.02,0.12,0.2,0.04,0.02,0.86,0.09,0.02,0.68,0.07,0.05,0.88,0.18,0.18,0.4,0.05,0.04,0.03,0.02,1,0.008220974806362967
2018-11-24,562245058,15.99,2,0.93,0.88,0.52,0.38,0.96,0.65,0.38,0.6,0.3,0.4,0.3,0.12,0.42,0.62,0.6,0.08,0.14,0.38,0.18,0.04,0.4,0.15,0.6,0.2,0.1,0.6,0.4,0.2,0.68,0.38,0.55,0.07,0.35,0.65,0.1,0.07,0.82,0.06,0.12,0.65,0.18,0.14,0.72,0.65,0.55,0.75,0.2,0.1,0.1,0.05,9,0.007997388459732229
2018-11-25,562245058,19.99,1,0.85,0.28,0.4,0.15,0.3,0.95,0.55,0.18,0.1,0.3,0.2,0.06,0.25,0.48,0.4,0.03,0.05,0.3,0.3,0.01,0.3,0.06,0.15,0.04,0.05,0.3,0.12,0.22,0.22,0.28,0.25,0.02,0.12,0.2,0.04,0.02,0.86,0.09,0.02,0.68,0.07,0.05,0.88,0.18,0.18,0.4,0.05,0.04,0.03,0.02,1,0.008220974806362967
2018-11-28,562245058,19.99,6,0.85,0.28,0.4,0.15,0.3,0.95,0.55,0.18,0.1,0.3,0.2,0.06,0.25,0.48,0.4,0.03,0.05,0.3,0.3,0.01,0.3,0.06,0.15,0.04,0.05,0.3,0.12,0.22,0.22,0.28,0.25,0.02,0.12,0.2,0.04,0.02,0.86,0.09,0.02,0.68,0.07,0.05,0.88,0.18,0.18,0.4,0.05,0.04,0.03,0.02,1,0.008220974806362967
2018-12-02,562245058,19.99,5,0.85,0.28,0.4,0.15,0.3,0.95,0.55,0.18,0.1,0.3,0.2,0.06,0.25,0.48,0.4,0.03,0.05,0.3,0.3,0.01,0.3,0.06,0.15,0.04,0.05,0.3,0.12,0.22,0.22,0.28,0.25,0.02,0.12,0.2,0.04,0.02,0.86,0.09,0.02,0.68,0.07,0.05,0.88,0.18,0.18,0.4,0.05,0.04,0.03,0.02,3,0.008220974806362967
2018-12-05,562245058,19.99,0,0.85,0.28,0.4,0.15,0.3,0.95,0.55,0.18,0.1,0.3,0.2,0.06,0.25,0.48,0.4,0.03,0.05,0.3,0.3,0.01,0.3,0.06,0.15,0.04,0.05,0.3,0.12,0.22,0.22,0.28,0.25,0.02,0.12,0.2,0.04,0.02,0.86,0.09,0.02,0.68,0.07,0.05,0.88,0.18,0.18,0.4,0.05,0.04,0.03,0.02,1,0.008220974806362967
2018-12-13,562245058,19.99,1,0.85,0.28,0.4,0.15,0.3,0.95,0.55,0.18,0.1,0.3,0.2,0.06,0.25,0.48,0.4,0.03,0.05,0.3,0.3,0.01,0.3,0.06,0.15,0.04,0.05,0.3,0.12,0.22,0.22,0.28,0.25,0.02,0.12,0.2,0.04,0.02,0.86,0.09,0.02,0.68,0.07,0.05,0.88,0.18,0.18,0.4,0.05,0.04,0.03,0.02,2,0.008220974806362967
2018-12-19,562245058,19.99,3,0.85,0.28,0.4,0.15,0.3,0.95,0.55,0.18,0.1,0.3,0.2,0.06,0.25,0.48,0.4,0.03,0.05,0.3,0.3,0.01,0.3,0.06,0.15,0.04,0.05,0.3,0.12,0.22,0.22,0.28,0.25,0.02,0.12,0.2,0.04,0.02,0.86,0.09,0.02,0.68,0.07,0.05,0.88,0.18,0.18,0.4,0.05,0.04,0.03,0.02,2,0.008220974806362967
2018-12-23,562245058,19.99,3,0.85,0.28,0.4,0.15,0.3,0.95,0.55,0.18,0.1,0.3,0.2,0.06,0.25,0.48,0.4,0.03,0.05,0.3,0.3,0.01,0.3,0.06,0.15,0.04,0.05,0.3,0.12,0.22,0.22,0.28,0.25,0.02,0.12,0.2,0.04,0.02,0.86,0.09,0.02,0.68,0.07,0.05,0.88,0.18,0.18,0.4,0.05,0.04,0.03,0.02,2,0.008220974806362967
2019-01-04,562245058,19.99,0,0.85,0.28,0.4,0.15,0.3,0.95,0.55,0.18,0.1,0.3,0.2,0.06,0.25,0.48,0.4,0.03,0.05,0.3,0.3,0.01,0.3,0.06,0.15,0.04,0.05,0.3,0.12,0.22,0.22,0.28,0.25,0.02,0.12,0.2,0.04,0.02,0.86,0.09,0.02,0.68,0.07,0.05,0.88,0.18,0.18,0.4,0.05,0.04,0.03,0.02,2,0.008220974806362967
2019-01-08,562245058,19.99,3,0.85,0.28,0.4,0.15,0.3,0.95,0.55,0.18,0.1,0.3,0.2,0.06,0.25,0.48,0.4,0.03,0.05,0.3,0.3,0.01,0.3,0.06,0.15,0.04,0.05,0.3,0.12,0.22,0.22,0.28,0.25,0.02,0.12,0.2,0.04,0.02,0.86,0.09,0.02,0.68,0.07,0.05,0.88,0.18,0.18,0.4,0.05,0.04,0.03,0.02,2,0.008220974806362967
2019-01-10,562245058,19.99,2,0.85,0.28,0.4,0.15,0.3,0.95,0.55,0.18,0.1,0.3,0.2,0.06,0.25,0.48,0.4,0.03,0.05,0.3,0.3,0.01,0.3,0.06,0.15,0.04,0.05,0.3,0.12,0.22,0.22,0.28,0.25,0.02,0.12,0.2,0.04,0.02,0.86,0.09,0.02,0.68,0.07,0.05,0.88,0.18,0.18,0.4,0.05,0.04,0.03,0.02,6,0.008220974806362967
2019-01-23,562245058,16.99,4,0.92,0.72,0.48,0.3,0.75,0.75,0.35,0.45,0.25,0.36,0.28,0.1,0.36,0.58,0.55,0.06,0.11,0.35,0.2,0.03,0.36,0.12,0.48,0.1,0.08,0.5,0.3,0.18,0.55,0.34,0.45,0.05,0.3,0.5,0.08,0.05,0.8,0.055,0.07,0.62,0.14,0.11,0.74,0.55,0.42,0.72,0.15,0.08,0.08,0.04,1,0.00790145249863091
2019-01-25,562245058,17.99,3,0.9,0.55,0.45,0.22,0.5,0.85,0.33,0.3,0.18,0.33,0.25,0.08,0.3,0.53,0.5,0.05,0.09,0.32,0.24,0.02,0.33,0.09,0.3,0.05,0.06,0.42,0.2,0.17,0.38,0.3,0.35,0.04,0.2,0.35,0.06,0.03,0.78,0.05,0.04,0.6,0.11,0.08,0.78,0.3,0.3,0.55,0.1,0.07,0.05,0.03,1,0.007875496959678608
2019-02-02,562245058,19.99,4,0.85,0.28,0.4,0.15,0.3,0.95,0.55,0.18,0.1,0.3,0.2,0.06,0.25,0.48,0.4,0.03,0.05,0.3,0.3,0.01,0.3,0.06,0.15,0.04,0.05,0.3,0.12,0.22,0.22,0.28,0.25,0.02,0.12,0.2,0.04,0.02,0.86,0.09,0.02,0.68,0.07,0.05,0.88,0.18,0.18,0.4,0.05,0.04,0.03,0.02,1,0.008220974806362967
2019-02-05,562245058,19.99,1,0.85,0.28,0.4,0.15,0.3,0.95,0.55,0.18,0.1,0.3,0.2,0.06,0.25,0.48,0.4,0.03,0.05,0.3,0.3,0.01,0.3,0.06,0.15,0.04,0.05,0.3,0.12,0.22,0.22,0.28,0.25,0.02,0.12,0.2,0.04,0.02,0.86,0.09,0.02,0.68,0.07,0.05,0.88,0.18,0.18,0.4,0.05,0.04,0.03,0.02,1,0.008220974806362967
2019-02-07,562245058,12.52,2,0.96,0.53,0.62,0.45,0.9,0.45,0.44,0.7,0.4,0.5,0.4,0.16,0.58,0.72,0.74,0.18,0.28,0.45,0.15,0.1,0.48,0.25,0.45,0.07,0.16,0.72,0.88,0.3,0.67,0.52,0.65,0.14,0.18,0.55,0.2,0.12,0.88,0.08,0.06,0.75,0.22,0.22,0.76,0.38,0.65,0.65,0.35,0.2,0.25,0.12,1,0.00833805289325947
2019-02-08,562245058,19.99,2,0.85,0.28,0.4,0.15,0.3,0.95,0.55,0.18,0.1,0.3,0.2,0.06,0.25,0.48,0.4,0.03,0.05,0.3,0.3,0.01,0.3,0.06,0.15,0.04,0.05,0.3,0.12,0.22,0.22,0.28,0.25,0.02,0.12,0.2,0.04,0.02,0.86,0.09,0.02,0.68,0.07,0.05,0.88,0.18,0.18,0.4,0.05,0.04,0.03,0.02,1,0.008220974806362967
2019-02-09,562245058,19.99,0,0.85,0.28,0.4,0.15,0.3,0.95,0.55,0.18,0.1,0.3,0.2,0.06,0.25,0.48,0.4,0.03,0.05,0.3,0.3,0.01,0.3,0.06,0.15,0.04,0.05,0.3,0.12,0.22,0.22,0.28,0.25,0.02,0.12,0.2,0.04,0.02,0.86,0.09,0.02,0.68,0.07,0.05,0.88,0.18,0.18,0.4,0.05,0.04,0.03,0.02,1,0.008220974806362967
2019-02-16,562245058,19.99,5,0.85,0.28,0.4,0.15,0.3,0.95,0.55,0.18,0.1,0.3,0.2,0.06,0.25,0.48,0.4,0.03,0.05,0.3,0.3,0.01,0.3,0.06,0.15,0.04,0.05,0.3,0.12,0.22,0.22,0.28,0.25,0.02,0.12,0.2,0.04,0.02,0.86,0.09,0.02,0.68,0.07,0.05,0.88,0.18,0.18,0.4,0.05,0.04,0.03,0.02,3,0.008220974806362967
2019-02-19,562245058,19.99,1,0.85,0.28,0.4,0.15,0.3,0.95,0.55,0.18,0.1,0.3,0.2,0.06,0.25,0.48,0.4,0.03,0.05,0.3,0.3,0.01,0.3,0.06,0.15,0.04,0.05,0.3,0.12,0.22,0.22,0.28,0.25,0.02,0.12,0.2,0.04,0.02,0.86,0.09,0.02,0.68,0.07,0.05,0.88,0.18,0.18,0.4,0.05,0.04,0.03,0.02,2,0.008220974806362967
2019-02-21,562245058,16.99,2,0.92,0.72,0.48,0.3,0.75,0.75,0.35,0.45,0.25,0.36,0.28,0.1,0.36,0.58,0.55,0.06,0.11,0.35,0.2,0.03,0.36,0.12,0.48,0.1,0.08,0.5,0.3,0.18,0.55,0.34,0.45,0.05,0.3,0.5,0.08,0.05,0.8,0.055,0.07,0.62,0.14,0.11,0.74,0.55,0.42,0.72,0.15,0.08,0.08,0.04,1,0.00790145249863091
2019-02-23,562245058,16.99,4,0.92,0.72,0.48,0.3,0.75,0.75,0.35,0.45,0.25,0.36,0.28,0.1,0.36,0.58,0.55,0.06,0.11,0.35,0.2,0.03,0.36,0.12,0.48,0.1,0.08,0.5,0.3,0.18,0.55,0.34,0.45,0.05,0.3,0.5,0.08,0.05,0.8,0.055,0.07,0.62,0.14,0.11,0.74,0.55,0.42,0.72,0.15,0.08,0.08,0.04,3,0.00790145249863091
2019-03-07,562245058,19.99,1,0.85,0.28,0.4,0.15,0.3,0.95,0.55,0.18,0.1,0.3,0.2,0.06,0.25,0.48,0.4,0.03,0.05,0.3,0.3,0.01,0.3,0.06,0.15,0.04,0.05,0.3,0.12,0.22,0.22,0.28,0.25,0.02,0.12,0.2,0.04,0.02,0.86,0.09,0.02,0.68,0.07,0.05,0.88,0.18,0.18,0.4,0.05,0.04,0.03,0.02,1,0.008220974806362967
2019-03-12,562245058,19.99,2,0.85,0.28,0.4,0.15,0.3,0.95,0.55,0.18,0.1,0.3,0.2,0.06,0.25,0.48,0.4,0.03,0.05,0.3,0.3,0.01,0.3,0.06,0.15,0.04,0.05,0.3,0.12,0.22,0.22,0.28,0.25,0.02,0.12,0.2,0.04,0.02,0.86,0.09,0.02,0.68,0.07,0.05,0.88,0.18,0.18,0.4,0.05,0.04,0.03,0.02,1,0.008220974806362967
2019-03-20,562245058,17.99,1,0.9,0.55,0.45,0.22,0.5,0.85,0.33,0.3,0.18,0.33,0.25,0.08,0.3,0.53,0.5,0.05,0.09,0.32,0.24,0.02,0.33,0.09,0.3,0.05,0.06,0.42,0.2,0.17,0.38,0.3,0.35,0.04,0.2,0.35,0.06,0.03,0.78,0.05,0.04,0.6,0.11,0.08,0.78,0.3,0.3,0.55,0.1,0.07,0.05,0.03,1,0.007875496959678608
2019-03-22,562245058,19.99,1,0.85,0.28,0.4,0.15,0.3,0.95,0.55,0.18,0.1,0.3,0.2,0.06,0.25,0.48,0.4,0.03,0.05,0.3,0.3,0.01,0.3,0.06,0.15,0.04,0.05,0.3,0.12,0.22,0.22,0.28,0.25,0.02,0.12,0.2,0.04,0.02,0.86,0.09,0.02,0.68,0.07,0.05,0.88,0.18,0.18,0.4,0.05,0.04,0.03,0.02,1,0.008220974806362967
2019-03-23,562245058,19.99,2,0.85,0.28,0.4,0.15,0.3,0.95,0.55,0.18,0.1,0.3,0.2,0.06,0.25,0.48,0.4,0.03,0.05,0.3,0.3,0.01,0.3,0.06,0.15,0.04,0.05,0.3,0.12,0.22,0.22,0.28,0.25,0.02,0.12,0.2,0.04,0.02,0.86,0.09,0.02,0.68,0.07,0.05,0.88,0.18,0.18,0.4,0.05,0.04,0.03,0.02,1,0.008220974806362967
2019-03-26,562245058,19.99,1,0.85,0.28,0.4,0.15,0.3,0.95,0.55,0.18,0.1,0.3,0.2,0.06,0.25,0.48,0.4,0.03,0.05,0.3,0.3,0.01,0.3,0.06,0.15,0.04,0.05,0.3,0.12,0.22,0.22,0.28,0.25,0.02,0.12,0.2,0.04,0.02,0.86,0.09,0.02,0.68,0.07,0.05,0.88,0.18,0.18,0.4,0.05,0.04,0.03,0.02,2,0.008220974806362967
2019-04-02,562245058,19.99,2,0.85,0.28,0.4,0.15,0.3,0.95,0.55,0.18,0.1,0.3,0.2,0.06,0.25,0.48,0.4,0.03,0.05,0.3,0.3,0.01,0.3,0.06,0.15,0.04,0.05,0.3,0.12,0.22,0.22,0.28,0.25,0.02,0.12,0.2,0.04,0.02,0.86,0.09,0.02,0.68,0.07,0.05,0.88,0.18,0.18,0.4,0.05,0.04,0.03,0.02,1,0.008220974806362967
2019-04-03,562245058,19.99,1,0.85,0.28,0.4,0.15,0.3,0.95,0.55,0.18,0.1,0.3,0.2,0.06,0.25,0.48,0.4,0.03,0.05,0.3,0.3,0.01,0.3,0.06,0.15,0.04,0.05,0.3,0.12,0.22,0.22,0.28,0.25,0.02,0.12,0.2,0.04,0.02,0.86,0.09,0.02,0.68,0.07,0.05,0.88,0.18,0.18,0.4,0.05,0.04,0.03,0.02,2,0.008220974806362967
2019-04-05,562245058,19.99,5,0.85,0.28,0.4,0.15,0.3,0.95,0.55,0.18,0.1,0.3,0.2,0.06,0.25,0.48,0.4,0.03,0.05,0.3,0.3,0.01,0.3,0.06,0.15,0.04,0.05,0.3,0.12,0.22,0.22,0.28,0.25,0.02,0.12,0.2,0.04,0.02,0.86,0.09,0.02,0.68,0.07,0.05,0.88,0.18,0.18,0.4,0.05,0.04,0.03,0.02,1,0.008220974806362967
2019-04-12,562245058,19.99,1,0.85,0.28,0.4,0.15,0.3,0.95,0.55,0.18,0.1,0.3,0.2,0.06,0.25,0.48,0.4,0.03,0.05,0.3,0.3,0.01,0.3,0.06,0.15,0.04,0.05,0.3,0.12,0.22,0.22,0.28,0.25,0.02,0.12,0.2,0.04,0.02,0.86,0.09,0.02,0.68,0.07,0.05,0.88,0.18,0.18,0.4,0.05,0.04,0.03,0.02,1,0.008220974806362967
2019-04-25,562245058,17.99,4,0.9,0.55,0.45,0.22,0.5,0.85,0.33,0.3,0.18,0.33,0.25,0.08,0.3,0.53,0.5,0.05,0.09,0.32,0.24,0.02,0.33,0.09,0.3,0.05,0.06,0.42,0.2,0.17,0.38,0.3,0.35,0.04,0.2,0.35,0.06,0.03,0.78,0.05,0.04,0.6,0.11,0.08,0.78,0.3,0.3,0.55,0.1,0.07,0.05,0.03,2,0.007875496959678608
2019-04-27,562245058,17.99,1,0.9,0.55,0.45,0.22,0.5,0.85,0.33,0.3,0.18,0.33,0.25,0.08,0.3,0.53,0.5,0.05,0.09,0.32,0.24,0.02,0.33,0.09,0.3,0.05,0.06,0.42,0.2,0.17,0.38,0.3,0.35,0.04,0.2,0.35,0.06,0.03,0.78,0.05,0.04,0.6,0.11,0.08,0.78,0.3,0.3,0.55,0.1,0.07,0.05,0.03,2,0.007875496959678608
2019-05-03,562245058,16.99,1,0.92,0.72,0.48,0.3,0.75,0.75,0.35,0.45,0.25,0.36,0.28,0.1,0.36,0.58,0.55,0.06,0.11,0.35,0.2,0.03,0.36,0.12,0.48,0.1,0.08,0.5,0.3,0.18,0.55,0.34,0.45,0.05,0.3,0.5,0.08,0.05,0.8,0.055,0.07,0.62,0.14,0.11,0.74,0.55,0.42,0.72,0.15,0.08,0.08,0.04,1,0.00790145249863091
2019-05-16,562245058,15.99,4,0.93,0.88,0.52,0.38,0.96,0.65,0.38,0.6,0.3,0.4,0.3,0.12,0.42,0.62,0.6,0.08,0.14,0.38,0.18,0.04,0.4,0.15,0.6,0.2,0.1,0.6,0.4,0.2,0.68,0.38,0.55,0.07,0.35,0.65,0.1,0.07,0.82,0.06,0.12,0.65,0.18,0.14,0.72,0.65,0.55,0.75,0.2,0.1,0.1,0.05,2,0.007997388459732229
2019-05-19,562245058,19.99,2,0.85,0.28,0.4,0.15,0.3,0.95,0.55,0.18,0.1,0.3,0.2,0.06,0.25,0.48,0.4,0.03,0.05,0.3,0.3,0.01,0.3,0.06,0.15,0.04,0.05,0.3,0.12,0.22,0.22,0.28,0.25,0.02,0.12,0.2,0.04,0.02,0.86,0.09,0.02,0.68,0.07,0.05,0.88,0.18,0.18,0.4,0.05,0.04,0.03,0.02,1,0.008220974806362967
2019-05-27,562245058,19.99,3,0.85,0.28,0.4,0.15,0.3,0.95,0.55,0.18,0.1,0.3,0.2,0.06,0.25,0.48,0.4,0.03,0.05,0.3,0.3,0.01,0.3,0.06,0.15,0.04,0.05,0.3,0.12,0.22,0.22,0.28,0.25,0.02,0.12,0.2,0.04,0.02,0.86,0.09,0.02,0.68,0.07,0.05,0.88,0.18,0.18,0.4,0.05,0.04,0.03,0.02,1,0.008220974806362967
2019-05-29,562245058,19.99,5,0.85,0.28,0.4,0.15,0.3,0.95,0.55,0.18,0.1,0.3,0.2,0.06,0.25,0.48,0.4,0.03,0.05,0.3,0.3,0.01,0.3,0.06,0.15,0.04,0.05,0.3,0.12,0.22,0.22,0.28,0.25,0.02,0.12,0.2,0.04,0.02,0.86,0.09,0.02,0.68,0.07,0.05,0.88,0.18,0.18,0.4,0.05,0.04,0.03,0.02,1,0.008220974806362967
2019-05-31,562245058,11.19,2,0.97,0.6,0.68,0.48,0.88,0.4,0.47,0.75,0.45,0.55,0.45,0.18,0.62,0.78,0.78,0.3,0.45,0.48,0.14,0.2,0.52,0.28,0.5,0.08,0.2,0.78,0.95,0.36,0.6,0.58,0.7,0.2,0.22,0.45,0.3,0.14,0.9,0.09,0.075,0.8,0.26,0.3,0.75,0.42,0.72,0.62,0.4,0.3,0.4,0.23,1,0.008488317886748106
2019-06-08,562245058,19.99,1,0.85,0.28,0.4,0.15,0.3,0.95,0.55,0.18,0.1,0.3,0.2,0.06,0.25,0.48,0.4,0.03,0.05,0.3,0.3,0.01,0.3,0.06,0.15,0.04,0.05,0.3,0.12,0.22,0.22,0.28,0.25,0.02,0.12,0.2,0.04,0.02,0.86,0.09,0.02,0.68,0.07,0.05,0.88,0.18,0.18,0.4,0.05,0.04,0.03,0.02,1,0.008220974806362967
2019-06-09,562245058,19.99,0,0.85,0.28,0.4,0.15,0.3,0.95,0.55,0.18,0.1,0.3,0.2,0.06,0.25,0.48,0.4,0.03,0.05,0.3,0.3,0.01,0.3,0.06,0.15,0.04,0.05,0.3,0.12,0.22,0.22,0.28,0.25,0.02,0.12,0.2,0.04,0.02,0.86,0.09,0.02,0.68,0.07,0.05,0.88,0.18,0.18,0.4,0.05,0.04,0.03,0.02,1,0.008220974806362967
2019-06-14,562245058,19.99,1,0.85,0.28,0.4,0.15,0.3,0.95,0.55,0.18,0.1,0.3,0.2,0.06,0.25,0.48,0.4,0.03,0.05,0.3,0.3,0.01,0.3,0.06,0.15,0.04,0.05,0.3,0.12,0.22,0.22,0.28,0.25,0.02,0.12,0.2,0.04,0.02,0.86,0.09,0.02,0.68,0.07,0.05,0.88,0.18,0.18,0.4,0.05,0.04,0.03,0.02,1,0.008220974806362967
2019-06-28,562245058,19.99,0,0.85,0.28,0.4,0.15,0.3,0.95,0.55,0.18,0.1,0.3,0.2,0.06,0.25,0.48,0.4,0.03,0.05,0.3,0.3,0.01,0.3,0.06,0.15,0.04,0.05,0.3,0.12,0.22,0.22,0.28,0.25,0.02,0.12,0.2,0.04,0.02,0.86,0.09,0.02,0.68,0.07,0.05,0.88,0.18,0.18,0.4,0.05,0.04,0.03,0.02,1,0.008220974806362967
2019-07-03,562245058,19.99,2,0.85,0.28,0.4,0.15,0.3,0.95,0.55,0.18,0.1,0.3,0.2,0.06,0.25,0.48,0.4,0.03,0.05,0.3,0.3,0.01,0.3,0.06,0.15,0.04,0.05,0.3,0.12,0.22,0.22,0.28,0.25,0.02,0.12,0.2,0.04,0.02,0.86,0.09,0.02,0.68,0.07,0.05,0.88,0.18,0.18,0.4,0.05,0.04,0.03,0.02,1,0.008220974806362967
2019-07-10,562245058,19.99,4,0.85,0.28,0.4,0.15,0.3,0.95,0.55,0.18,0.1,0.3,0.2,0.06,0.25,0.48,0.4,0.03,0.05,0.3,0.3,0.01,0.3,0.06,0.15,0.04,0.05,0.3,0.12,0.22,0.22,0.28,0.25,0.02,0.12,0.2,0.04,0.02,0.86,0.09,0.02,0.68,0.07,0.05,0.88,0.18,0.18,0.4,0.05,0.04,0.03,0.02,1,0.008220974806362967
2019-07-18,562245058,19.99,1,0.85,0.28,0.4,0.15,0.3,0.95,0.55,0.18,0.1,0.3,0.2,0.06,0.25,0.48,0.4,0.03,0.05,0.3,0.3,0.01,0.3,0.06,0.15,0.04,0.05,0.3,0.12,0.22,0.22,0.28,0.25,0.02,0.12,0.2,0.04,0.02,0.86,0.09,0.02,0.68,0.07,0.05,0.88,0.18,0.18,0.4,0.05,0.04,0.03,0.02,1,0.008220974806362967
2019-07-29,562245058,19.99,2,0.85,0.28,0.4,0.15,0.3,0.95,0.55,0.18,0.1,0.3,0.2,0.06,0.25,0.48,0.4,0.03,0.05,0.3,0.3,0.01,0.3,0.06,0.15,0.04,0.05,0.3,0.12,0.22,0.22,0.28,0.25,0.02,0.12,0.2,0.04,0.02,0.86,0.09,0.02,0.68,0.07,0.05,0.88,0.18,0.18,0.4,0.05,0.04,0.03,0.02,1,0.008220974806362967
2019-08-01,562245058,9.99,0,0.98,0.68,0.75,0.52,0.82,0.35,0.52,0.85,0.55,0.6,0.5,0.2,0.68,0.82,0.82,0.4,0.52,0.52,0.13,0.25,0.56,0.33,0.55,0.1,0.27,0.82,0.92,0.44,0.52,0.63,0.75,0.24,0.28,0.35,0.33,0.18,0.92,0.1,0.085,0.85,0.3,0.37,0.72,0.47,0.8,0.58,0.5,0.35,0.45,0.25,1,0.008726468874654099
2019-08-08,562245058,9.99,1,0.98,0.68,0.75,0.52,0.82,0.35,0.52,0.85,0.55,0.6,0.5,0.2,0.68,0.82,0.82,0.4,0.52,0.52,0.13,0.25,0.56,0.33,0.55,0.1,0.27,0.82,0.92,0.44,0.52,0.63,0.75,0.24,0.28,0.35,0.33,0.18,0.92,0.1,0.085,0.85,0.3,0.37,0.72,0.47,0.8,0.58,0.5,0.35,0.45,0.25,1,0.008726468874654099
2019-08-31,562245058,4.99,3,0.99,0.82,0.85,0.6,0.6,0.2,0.45,0.95,0.7,0.7,0.6,0.25,0.78,0.92,0.92,0.3,0.4,0.6,0.1,0.15,0.62,0.45,0.7,0.18,0.45,0.9,0.75,0.6,0.3,0.7,0.9,0.2,0.4,0.2,0.28,0.28,0.95,0.15,0.1,0.92,0.4,0.52,0.65,0.4,0.92,0.5,0.65,0.45,0.3,0.12,1,0.008977023572226836
