outputs/pricing/split_003/frac_0p5/synthetic_d2_train.csv
date,article_id,offer_price,demand,P001,P002,P003,P004,P005,P006,P007,P008,P009,P010,P011,P012,P013,P014,P015,P016,P017,P018,P019,P020,P021,P022,P023,P024,P025,P026,P027,P028,P029,P030,P031,P032,P033,P034,P035,P036,P037,P038,P039,P040,P041,P042,P043,P044,P045,P046,P047,P048,P049,P050,observed_demand,ground_truth_purchase_prob
2018-11-18,589222005,17.99,4,0.83,0.4,0.28,0.25,0.35,0.78,0.78,0.45,0.3,0.65,0.1,0.1,0.18,0.6,0.5,0.06,0.1,0.32,0.04,0.03,0.14,0.16,0.64,0.6,0.2,0.9,0.22,0.35,0.28,0.38,0.2,0.12,0.22,0.14,0.06,0.18,0.9,0.18,0.05,0.65,0.06,0.12,0.88,0.18,0.4,0.3,0.06,0.15,0.04,0.05,1,0.007825595122382848
2018-12-05,589222005,19.99,1,0.88,0.28,0.22,0.2,0.18,0.75,0.75,0.3,0.12,0.6,0.08,0.09,0.22,0.7,0.45,0.03,0.07,0.35,0.03,0.02,0.12,0.12,0.39,0.45,0.25,0.95,0.12,0.22,0.15,0.45,0.12,0.08,0.15,0.09,0.04,0.12,0.92,0.16,0.03,0.6,0.04,0.08,0.92,0.12,0.25,0.2,0.04,0.1,0.02,0.03,2,0.0076172353744253934
2018-12-11,589222005,19.99,2,0.88,0.28,0.22,0.2,0.18,0.75,0.75,0.3,0.12,0.6,0.08,0.09,0.22,0.7,0.45,0.03,0.07,0.35,0.03,0.02,0.12,0.12,0.39,0.45,0.25,0.95,0.12,0.22,0.15,0.45,0.12,0.08,0.15,0.09,0.04,0.12,0.92,0.16,0.03,0.6,0.04,0.08,0.92,0.12,0.25,0.2,0.04,0.1,0.02,0.03,5,0.0076172353744253934
2018-12-12,589222005,19.99,1,0.88,0.28,0.22,0.2,0.18,0.75,0.75,0.3,0.12,0.6,0.08,0.09,0.22,0.7,0.45,0.03,0.07,0.35,0.03,0.02,0.12,0.12,0.39,0.45,0.25,0.95,0.12,0.22,0.15,0.45,0.12,0.08,0.15,0.09,0.04,0.12,0.92,0.16,0.03,0.6,0.04,0.08,0.92,0.12,0.25,0.2,0.04,0.1,0.02,0.03,3,0.0076172353744253934
2018-12-16,589222005,19.99,4,0.88,0.28,0.22,0.2,0.18,0.75,0.75,0.3,0.12,0.6,0.08,0.09,0.22,0.7,0.45,0.03,0.07,0.35,0.03,0.02,0.12,0.12,0.39,0.45,0.25,0.95,0.12,0.22,0.15,0.45,0.12,0.08,0.15,0.09,0.04,0.12,0.92,0.16,0.03,0.6,0.04,0.08,0.92,0.12,0.25,0.2,0.04,0.1,0.02,0.03,3,0.0076172353744253934
2018-12-22,589222005,19.99,2,0.88,0.28,0.22,0.2,0.18,0.75,0.75,0.3,0.12,0.6,0.08,0.09,0.22,0.7,0.45,0.03,0.07,0.35,0.03,0.02,0.12,0.12,0.39,0.45,0.25,0.95,0.12,0.22,0.15,0.45,0.12,0.08,0.15,0.09,0.04,0.12,0.92,0.16,0.03,0.6,0.04,0.08,0.92,0.12,0.25,0.2,0.04,0.1,0.02,0.03,5,0.0076172353744253934
2018-12-30,589222005,19.99,1,0.88,0.28,0.22,0.2,0.18,0.75,0.75,0.3,0.12,0.6,0.08,0.09,0.22,0.7,0.45,0.03,0.07,0.35,0.03,0.02,0.12,0.12,0.39,0.45,0.25,0.95,0.12,0.22,0.15,0.45,0.12,0.08,0.15,0.09,0.04,0.12,0.92,0.16,0.03,0.6,0.04,0.08,0.92,0.12,0.25,0.2,0.04,0.1,0.02,0.03,3,0.0076172353744253934
2019-01-03,589222005,19.99,2,0.88,0.28,0.22,0.2,0.18,0.75,0.75,0.3,0.12,0.6,0.08,0.09,0.22,0.7,0.45,0.03,0.07,0.35,0.03,0.02,0.12,0.12,0.39,0.45,0.25,0.95,0.12,0.22,0.15,0.45,0.12,0.08,0.15,0.09,0.04,0.12,0.92,0.16,0.03,0.6,0.04,0.08,0.92,0.12,0.25,0.2,0.04,0.1,0.02,0.03,4,0.0076172353744253934
2019-01-05,589222005,19.99,2,0.88,0.28,0.22,0.2,0.18,0.75,0.75,0.3,0.12,0.6,0.08,0.09,0.22,0.7,0.45,0.03,0.07,0.35,0.03,0.02,0.12,0.12,0.39,0.45,0.25,0.95,0.12,0.22,0.15,0.45,0.12,0.08,0.15,0.09,0.04,0.12,0.92,0.16,0.03,0.6,0.04,0.08,0.92,0.12,0.25,0.2,0.04,0.1,0.02,0.03,2,0.0076172353744253934
2019-01-10,589222005,19.99,1,0.88,0.28,0.22,0.2,0.18,0.75,0.75,0.3,0.12,0.6,0.08,0.09,0.22,0.7,0.45,0.03,0.07,0.35,0.03,0.02,0.12,0.12,0.39,0.45,0.25,0.95,0.12,0.22,0.15,0.45,0.12,0.08,0.15,0.09,0.04,0.12,0.92,0.16,0.03,0.6,0.04,0.08,0.92,0.12,0.25,0.2,0.04,0.1,0.02,0.03,3,0.0076172353744253934
2019-01-25,589222005,19.99,2,0.88,0.28,0.22,0.2,0.18,0.75,0.75,0.3,0.12,0.6,0.08,0.09,0.22,0.7,0.45,0.03,0.07,0.35,0.03,0.02,0.12,0.12,0.39,0.45,0.25,0.95,0.12,0.22,0.15,0.45,0.12,0.08,0.15,0.09,0.04,0.12,0.92,0.16,0.03,0.6,0.04,0.08,0.92,0.12,0.25,0.2,0.04,0.1,0.02,0.03,2,0.0076172353744253934
2019-01-26,589222005,19.99,4,0.88,0.28,0.22,0.2,0.18,0.75,0.75,0.3,0.12,0.6,0.08,0.09,0.22,0.7,0.45,0.03,0.07,0.35,0.03,0.02,0.12,0.12,0.39,0.45,0.25,0.95,0.12,0.22,0.15,0.45,0.12,0.08,0.15,0.09,0.04,0.12,0.92,0.16,0.03,0.6,0.04,0.08,0.92,0.12,0.25,0.2,0.04,0.1,0.02,0.03,3,0.0076172353744253934
2019-01-27,589222005,19.99,4,0.88,0.28,0.22,0.2,0.18,0.75,0.75,0.3,0.12,0.6,0.08,0.09,0.22,0.7,0.45,0.03,0.07,0.35,0.03,0.02,0.12,0.12,0.39,0.45,0.25,0.95,0.12,0.22,0.15,0.45,0.12,0.08,0.15,0.09,0.04,0.12,0.92,0.16,0.03,0.6,0.04,0.08,0.92,0.12,0.25,0.2,0.04,0.1,0.02,0.03,1,0.0076172353744253934
2019-01-28,589222005,19.99,4,0.88,0.28,0.22,0.2,0.18,0.75,0.75,0.3,0.12,0.6,0.08,0.09,0.22,0.7,0.45,0.03,0.07,0.35,0.03,0.02,0.12,0.12,0.39,0.45,0.25,0.95,0.12,0.22,0.15,0.45,0.12,0.08,0.15,0.09,0.04,0.12,0.92,0.16,0.03,0.6,0.04,0.08,0.92,0.12,0.25,0.2,0.04,0.1,0.02,0.03,2,0.0076172353744253934
2019-01-31,589222005,19.99,0,0.88,0.28,0.22,0.2,0.18,0.75,0.75,0.3,0.12,0.6,0.08,0.09,0.22,0.7,0.45,0.03,0.07,0.35,0.03,0.02,0.12,0.12,0.39,0.45,0.25,0.95,0.12,0.22,0.15,0.45,0.12,0.08,0.15,0.09,0.04,0.12,0.92,0.16,0.03,0.6,0.04,0.08,0.92,0.12,0.25,0.2,0.04,0.1,0.02,0.03,3,0.0076172353744253934
2019-02-03,589222005,19.99,1,0.88,0.28,0.22,0.2,0.18,0.75,0.75,0.3,0.12,0.6,0.08,0.09,0.22,0.7,0.45,0.03,0.07,0.35,0.03,0.02,0.12,0.12,0.39,0.45,0.25,0.95,0.12,0.22,0.15,0.45,0.12,0.08,0.15,0.09,0.04,0.12,0.92,0.16,0.03,0.6,0.04,0.08,0.92,0.12,0.25,0.2,0.04,0.1,0.02,0.03,2,0.0076172353744253934
2019-02-04,589222005,19.99,2,0.88,0.28,0.22,0.2,0.18,0.75,0.75,0.3,0.12,0.6,0.08,0.09,0.22,0.7,0.45,0.03,0.07,0.35,0.03,0.02,0.12,0.12,0.39,0.45,0.25,0.95,0.12,0.22,0.15,0.45,0.12,0.08,0.15,0.09,0.04,0.12,0.92,0.16,0.03,0.6,0.04,0.08,0.92,0.12,0.25,0.2,0.04,0.1,0.02,0.03,1,0.0076172353744253934
2019-02-05,589222005,19.99,4,0.88,0.28,0.22,0.2,0.18,0.75,0.75,0.3,0.12,0.6,0.08,0.09,0.22,0.7,0.45,0.03,0.07,0.35,0.03,0.02,0.12,0.12,0.39,0.45,0.25,0.95,0.12,0.22,0.15,0.45,0.12,0.08,0.15,0.09,0.04,0.12,0.92,0.16,0.03,0.6,0.04,0.08,0.92,0.12,0.25,0.2,0.04,0.1,0.02,0.03,2,0.0076172353744253934
2019-02-12,589222005,16.99,1,0.85,0.46,0.32,0.28,0.55,0.8,0.8,0.55,0.45,0.68,0.12,0.11,0.16,0.55,0.55,0.09,0.12,0.25,0.05,0.04,0.16,0.18,0.75,0.75,0.18,0.88,0.3,0.45,0.4,0.3,0.3,0.15,0.28,0.18,0.08,0.22,0.88,0.2,0.07,0.68,0.08,0.18,0.85,0.22,0.55,0.4,0.08,0.2,0.06,0.08,1,0.007968995326037858
2019-02-22,589222005,16.99,2,0.85,0.46,0.32,0.28,0.55,0.8,0.8,0.55,0.45,0.68,0.12,0.11,0.16,0.55,0.55,0.09,0.12,0.25,0.05,0.04,0.16,0.18,0.75,0.75,0.18,0.88,0.3,0.45,0.4,0.3,0.3,0.15,0.28,0.18,0.08,0.22,0.88,0.2,0.07,0.68,0.08,0.18,0.85,0.22,0.55,0.4,0.08,0.2,0.06,0.08,6,0.007968995326037858
2019-02-23,589222005,16.99,0,0.85,0.46,0.32,0.28,0.55,0.8,0.8,0.55,0.45,0.68,0.12,0.11,0.16,0.55,0.55,0.09,0.12,0.25,0.05,0.04,0.16,0.18,0.75,0.75,0.18,0.88,0.3,0.45,0.4,0.3,0.3,0.15,0.28,0.18,0.08,0.22,0.88,0.2,0.07,0.68,0.08,0.18,0.85,0.22,0.55,0.4,0.08,0.2,0.06,0.08,7,0.007968995326037858
2019-02-26,589222005,19.99,2,0.88,0.28,0.22,0.2,0.18,0.75,0.75,0.3,0.12,0.6,0.08,0.09,0.22,0.7,0.45,0.03,0.07,0.35,0.03,0.02,0.12,0.12,0.39,0.45,0.25,0.95,0.12,0.22,0.15,0.45,0.12,0.08,0.15,0.09,0.04,0.12,0.92,0.16,0.03,0.6,0.04,0.08,0.92,0.12,0.25,0.2,0.04,0.1,0.02,0.03,3,0.0076172353744253934
2019-02-27,589222005,19.99,1,0.88,0.28,0.22,0.2,0.18,0.75,0.75,0.3,0.12,0.6,0.08,0.09,0.22,0.7,0.45,0.03,0.07,0.35,0.03,0.02,0.12,0.12,0.39,0.45,0.25,0.95,0.12,0.22,0.15,0.45,0.12,0.08,0.15,0.09,0.04,0.12,0.92,0.16,0.03,0.6,0.04,0.08,0.92,0.12,0.25,0.2,0.04,0.1,0.02,0.03,2,0.0076172353744253934
2019-03-05,589222005,16.99,3,0.85,0.46,0.32,0.28,0.55,0.8,0.8,0.55,0.45,0.68,0.12,0.11,0.16,0.55,0.55,0.09,0.12,0.25,0.05,0.04,0.16,0.18,0.75,0.75,0.18,0.88,0.3,0.45,0.4,0.3,0.3,0.15,0.28,0.18,0.08,0.22,0.88,0.2,0.07,0.68,0.08,0.18,0.85,0.22,0.55,0.4,0.08,0.2,0.06,0.08,1,0.007968995326037858
2019-03-09,589222005,19.99,0,0.88,0.28,0.22,0.2,0.18,0.75,0.75,0.3,0.12,0.6,0.08,0.09,0.22,0.7,0.45,0.03,0.07,0.35,0.03,0.02,0.12,0.12,0.39,0.45,0.25,0.95,0.12,0.22,0.15,0.45,0.12,0.08,0.15,0.09,0.04,0.12,0.92,0.16,0.03,0.6,0.04,0.08,0.92,0.12,0.25,0.2,0.04,0.1,0.02,0.03,1,0.0076172353744253934
2019-03-10,589222005,19.99,0,0.88,0.28,0.22,0.2,0.18,0.75,0.75,0.3,0.12,0.6,0.08,0.09,0.22,0.7,0.45,0.03,0.07,0.35,0.03,0.02,0.12,0.12,0.39,0.45,0.25,0.95,0.12,0.22,0.15,0.45,0.12,0.08,0.15,0.09,0.04,0.12,0.92,0.16,0.03,0.6,0.04,0.08,0.92,0.12,0.25,0.2,0.04,0.1,0.02,0.03,1,0.0076172353744253934
2019-03-12,589222005,19.99,0,0.88,0.28,0.22,0.2,0.18,0.75,0.75,0.3,0.12,0.6,0.08,0.09,0.22,0.7,0.45,0.03,0.07,0.35,0.03,0.02,0.12,0.12,0.39,0.45,0.25,0.95,0.12,0.22,0.15,0.45,0.12,0.08,0.15,0.09,0.04,0.12,0.92,0.16,0.03,0.6,0.04,0.08,0.92,0.12,0.25,0.2,0.04,0.1,0.02,0.03,1,0.0076172353744253934
2019-03-13,589222005,9.99,1,0.95,0.76,0.66,0.36,0.84,0.91,0.8,0.89,0.86,0.86,0.25,0.19,0.08,0.2,0.83,0.48,0.54,0.06,0.11,0.29,0.29,0.34,0.39,0.79,0.07,0.65,0.88,0.8,0.62,0.11,0.58,0.6,0.49,0.38,0.32,0.53,0.75,0.34,0.19,0.87,0.24,0.44,0.62,0.44,0.8,0.58,0.14,0.8,0.26,0.3,1,0.008476728925954788
2019-03-16,589222005,19.99,1,0.88,0.28,0.22,0.2,0.18,0.75,0.75,0.3,0.12,0.6,0.08,0.09,0.22,0.7,0.45,0.03,0.07,0.35,0.03,0.02,0.12,0.12,0.39,0.45,0.25,0.95,0.12,0.22,0.15,0.45,0.12,0.08,0.15,0.09,0.04,0.12,0.92,0.16,0.03,0.6,0.04,0.08,0.92,0.12,0.25,0.2,0.04,0.1,0.02,0.03,3,0.0076172353744253934
2019-03-17,589222005,19.99,0,0.88,0.28,0.22,0.2,0.18,0.75,0.75,0.3,0.12,0.6,0.08,0.09,0.22,0.7,0.45,0.03,0.07,0.35,0.03,0.02,0.12,0.12,0.39,0.45,0.25,0.95,0.12,0.22,0.15,0.45,0.12,0.08,0.15,0.09,0.04,0.12,0.92,0.16,0.03,0.6,0.04,0.08,0.92,0.12,0.25,0.2,0.04,0.1,0.02,0.03,2,0.0076172353744253934
2019-03-23,589222005,19.99,2,0.88,0.28,0.22,0.2,0.18,0.75,0.75,0.3,0.12,0.6,0.08,0.09,0.22,0.7,0.45,0.03,0.07,0.35,0.03,0.02,0.12,0.12,0.39,0.45,0.25,0.95,0.12,0.22,0.15,0.45,0.12,0.08,0.15,0.09,0.04,0.12,0.92,0.16,0.03,0.6,0.04,0.08,0.92,0.12,0.25,0.2,0.04,0.1,0.02,0.03,2,0.0076172353744253934
2019-03-24,589222005,19.99,2,0.88,0.28,0.22,0.2,0.18,0.75,0.75,0.3,0.12,0.6,0.08,0.09,0.22,0.7,0.45,0.03,0.07,0.35,0.03,0.02,0.12,0.12,0.39,0.45,0.25,0.95,0.12,0.22,0.15,0.45,0.12,0.08,0.15,0.09,0.04,0.12,0.92,0.16,0.03,0.6,0.04,0.08,0.92,0.12,0.25,0.2,0.04,0.1,0.02,0.03,1,0.0076172353744253934
2019-03-26,589222005,19.99,1,0.88,0.28,0.22,0.2,0.18,0.75,0.75,0.3,0.12,0.6,0.08,0.09,0.22,0.7,0.45,0.03,0.07,0.35,0.03,0.02,0.12,0.12,0.39,0.45,0.25,0.95,0.12,0.22,0.15,0.45,0.12,0.08,0.15,0.09,0.04,0.12,0.92,0.16,0.03,0.6,0.04,0.08,0.92,0.12,0.25,0.2,0.04,0.1,0.02,0.03,1,0.0076172353744253934
2019-03-28,589222005,19.99,6,0.88,0.28,0.22,0.2,0.18,0.75,0.75,0.3,0.12,0.6,0.08,0.09,0.22,0.7,0.45,0.03,0.07,0.35,0.03,0.02,0.12,0.12,0.39,0.45,0.25,0.95,0.12,0.22,0.15,0.45,0.12,0.08,0.15,0.09,0.04,0.12,0.92,0.16,0.03,0.6,0.04,0.08,0.92,0.12,0.25,0.2,0.04,0.1,0.02,0.03,4,0.0076172353744253934
2019-03-29,589222005,19.99,0,0.88,0.28,0.22,0.2,0.18,0.75,0.75,0.3,0.12,0.6,0.08,0.09,0.22,0.7,0.45,0.03,0.07,0.35,0.03,0.02,0.12,0.12,0.39,0.45,0.25,0.95,0.12,0.22,0.15,0.45,0.12,0.08,0.15,0.09,0.04,0.12,0.92,0.16,0.03,0.6,0.04,0.08,0.92,0.12,0.25,0.2,0.04,0.1,0.02,0.03,2,0.0076172353744253934
2019-03-31,589222005,19.99,2,0.88,0.28,0.22,0.2,0.18,0.75,0.75,0.3,0.12,0.6,0.08,0.09,0.22,0.7,0.45,0.03,0.07,0.35,0.03,0.02,0.12,0.12,0.39,0.45,0.25,0.95,0.12,0.22,0.15,0.45,0.12,0.08,0.15,0.09,0.04,0.12,0.92,0.16,0.03,0.6,0.04,0.08,0.92,0.12,0.25,0.2,0.04,0.1,0.02,0.03,1,0.0076172353744253934
2019-04-04,589222005,9.99,3,0.95,0.76,0.66,0.36,0.84,0.91,0.8,0.89,0.86,0.86,0.25,0.19,0.08,0.2,0.83,0.48,0.54,0.06,0.11,0.29,0.29,0.34,0.39,0.79,0.07,0.65,0.88,0.8,0.62,0.11,0.58,0.6,0.49,0.38,0.32,0.53,0.75,0.34,0.19,0.87,0.24,0.44,0.62,0.44,0.8,0.58,0.14,0.8,0.26,0.3,1,0.008476728925954788
2019-04-07,589222005,17.99,5,0.83,0.4,0.28,0.25,0.35,0.78,0.78,0.45,0.3,0.65,0.1,0.1,0.18,0.6,0.5,0.06,0.1,0.32,0.04,0.03,0.14,0.16,0.64,0.6,0.2,0.9,0.22,0.35,0.28,0.38,0.2,0.12,0.22,0.14,0.06,0.18,0.9,0.18,0.05,0.65,0.06,0.12,0.88,0.18,0.4,0.3,0.06,0.15,0.04,0.05,1,0.007825595122382848
2019-04-08,589222005,16.99,2,0.85,0.46,0.32,0.28,0.55,0.8,0.8,0.55,0.45,0.68,0.12,0.11,0.16,0.55,0.55,0.09,0.12,0.25,0.05,0.04,0.16,0.18,0.75,0.75,0.18,0.88,0.3,0.45,0.4,0.3,0.3,0.15,0.28,0.18,0.08,0.22,0.88,0.2,0.07,0.68,0.08,0.18,0.85,0.22,0.55,0.4,0.08,0.2,0.06,0.08,1,0.007968995326037858
2019-04-10,589222005,19.99,3,0.88,0.28,0.22,0.2,0.18,0.75,0.75,0.3,0.12,0.6,0.08,0.09,0.22,0.7,0.45,0.03,0.07,0.35,0.03,0.02,0.12,0.12,0.39,0.45,0.25,0.95,0.12,0.22,0.15,0.45,0.12,0.08,0.15,0.09,0.04,0.12,0.92,0.16,0.03,0.6,0.04,0.08,0.92,0.12,0.25,0.2,0.04,0.1,0.02,0.03,1,0.0076172353744253934
2019-05-14,589222005,19.99,0,0.88,0.28,0.22,0.2,0.18,0.75,0.75,0.3,0.12,0.6,0.08,0.09,0.22,0.7,0.45,0.03,0.07,0.35,0.03,0.02,0.12,0.12,0.39,0.45,0.25,0.95,0.12,0.22,0.15,0.45,0.12,0.08,0.15,0.09,0.04,0.12,0.92,0.16,0.03,0.6,0.04,0.08,0.92,0.12,0.25,0.2,0.04,0.1,0.02,0.03,1,0.0076172353744253934
2019-05-16,589222005,17.99,0,0.83,0.4,0.28,0.25,0.35,0.78,0.78,0.45,0.3,0.65,0.1,0.1,0.18,0.6,0.5,0.06,0.1,0.32,0.04,0.03,0.14,0.16,0.64,0.6,0.2,0.9,0.22,0.35,0.28,0.38,0.2,0.12,0.22,0.14,0.06,0.18,0.9,0.18,0.05,0.65,0.06,0.12,0.88,0.18,0.4,0.3,0.06,0.15,0.04,0.05,1,0.007825595122382848
2019-05-17,589222005,19.99,1,0.88,0.28,0.22,0.2,0.18,0.75,0.75,0.3,0.12,0.6,0.08,0.09,0.22,0.7,0.45,0.03,0.07,0.35,0.03,0.02,0.12,0.12,0.39,0.45,0.25,0.95,0.12,0.22,0.15,0.45,0.12,0.08,0.15,0.09,0.04,0.12,0.92,0.16,0.03,0.6,0.04,0.08,0.92,0.12,0.25,0.2,0.04,0.1,0.02,0.03,1,0.0076172353744253934
2019-05-18,589222005,19.99,2,0.88,0.28,0.22,0.2,0.18,0.75,0.75,0.3,0.12,0.6,0.08,0.09,0.22,0.7,0.45,0.03,0.07,0.35,0.03,0.02,0.12,0.12,0.39,0.45,0.25,0.95,0.12,0.22,0.15,0.45,0.12,0.08,0.15,0.09,0.04,0.12,0.92,0.16,0.03,0.6,0.04,0.08,0.92,0.12,0.25,0.2,0.04,0.1,0.02,0.03,1,0.0076172353744253934
2019-05-19,589222005,19.99,3,0.88,0.28,0.22,0.2,0.18,0.75,0.75,0.3,0.12,0.6,0.08,0.09,0.22,0.7,0.45,0.03,0.07,0.35,0.03,0.02,0.12,0.12,0.39,0.45,0.25,0.95,0.12,0.22,0.15,0.45,0.12,0.08,0.15,0.09,0.04,0.12,0.92,0.16,0.03,0.6,0.04,0.08,0.92,0.12,0.25,0.2,0.04,0.1,0.02,0.03,1,0.0076172353744253934
2019-05-21,589222005,19.99,1,0.88,0.28,0.22,0.2,0.18,0.75,0.75,0.3,0.12,0.6,0.08,0.09,0.22,0.7,0.45,0.03,0.07,0.35,0.03,0.02,0.12,0.12,0.39,0.45,0.25,0.95,0.12,0.22,0.15,0.45,0.12,0.08,0.15,0.09,0.04,0.12,0.92,0.16,0.03,0.6,0.04,0.08,0.92,0.12,0.25,0.2,0.04,0.1,0.02,0.03,1,0.0076172353744253934
2019-05-22,589222005,19.99,1,0.88,0.28,0.22,0.2,0.18,0.75,0.75,0.3,0.12,0.6,0.08,0.09,0.22,0.7,0.45,0.03,0.07,0.35,0.03,0.02,0.12,0.12,0.39,0.45,0.25,0.95,0.12,0.22,0.15,0.45,0.12,0.08,0.15,0.09,0.04,0.12,0.92,0.16,0.03,0.6,0.04,0.08,0.92,0.12,0.25,0.2,0.04,0.1,0.02,0.03,1,0.0076172353744253934
2019-05-26,589222005,19.99,1,0.88,0.28,0.22,0.2,0.18,0.75,0.75,0.3,0.12,0.6,0.08,0.09,0.22,0.7,0.45,0.03,0.07,0.35,0.03,0.02,0.12,0.12,0.39,0.45,0.25,0.95,0.12,0.22,0.15,0.45,0.12,0.08,0.15,0.09,0.04,0.12,0.92,0.16,0.03,0.6,0.04,0.08,0.92,0.12,0.25,0.2,0.04,0.1,0.02,0.03,3,0.0076172353744253934
2019-06-06,589222005,19.99,5,0.88,0.28,0.22,0.2,0.18,0.75,0.75,0.3,0.12,0.6,0.08,0.09,0.22,0.7,0.45,0.03,0.07,0.35,0.03,0.02,0.12,0.12,0.39,0.45,0.25,0.95,0.12,0.22,0.15,0.45,0.12,0.08,0.15,0.09,0.04,0.12,0.92,0.16,0.03,0.6,0.04,0.08,0.92,0.12,0.25,0.2,0.04,0.1,0.02,0.03,1,0.0076172353744253934
2019-06-16,589222005,19.99,0,0.88,0.28,0.22,0.2,0.18,0.75,0.75,0.3,0.12,0.6,0.08,0.09,0.22,0.7,0.45,0.03,0.07,0.35,0.03,0.02,0.12,0.12,0.39,0.45,0.25,0.95,0.12,0.22,0.15,0.45,0.12,0.08,0.15,0.09,0.04,0.12,0.92,0.16,0.03,0.6,0.04,0.08,0.92,0.12,0.25,0.2,0.04,0.1,0.02,0.03,1,0.0076172353744253934
2019-06-17,589222005,12.99,0,0.9,0.64,0.45,0.3,0.7,0.84,0.85,0.8,0.68,0.75,0.16,0.13,0.11,0.4,0.68,0.22,0.3,0.12,0.08,0.1,0.2,0.25,0.75,0.9,0.12,0.78,0.78,0.65,0.5,0.18,0.4,0.35,0.38,0.28,0.22,0.4,0.82,0.25,0.11,0.75,0.15,0.3,0.75,0.3,0.65,0.5,0.1,0.55,0.12,0.18,2,0.008365013685726768
2019-06-18,589222005,12.99,0,0.9,0.64,0.45,0.3,0.7,0.84,0.85,0.8,0.68,0.75,0.16,0.13,0.11,0.4,0.68,0.22,0.3,0.12,0.08,0.1,0.2,0.25,0.75,0.9,0.12,0.78,0.78,0.65,0.5,0.18,0.4,0.35,0.38,0.28,0.22,0.4,0.82,0.25,0.11,0.75,0.15,0.3,0.75,0.3,0.65,0.5,0.1,0.55,0.12,0.18,5,0.008365013685726768
2019-07-06,589222005,10.99,2,0.93,0.7,0.55,0.33,0.78,0.88,0.82,0.86,0.78,0.82,0.2,0.16,0.09,0.28,0.78,0.4,0.45,0.08,0.1,0.22,0.26,0.3,0.51,0.87,0.09,0.7,0.92,0.75,0.55,0.14,0.5,0.55,0.45,0.34,0.3,0.48,0.78,0.3,0.15,0.82,0.2,0.4,0.68,0.38,0.75,0.55,0.12,0.77,0.24,0.28,2,0.008444726986490207
2019-07-10,589222005,10.99,2,0.93,0.7,0.55,0.33,0.78,0.88,0.82,0.86,0.78,0.82,0.2,0.16,0.09,0.28,0.78,0.4,0.45,0.08,0.1,0.22,0.26,0.3,0.51,0.87,0.09,0.7,0.92,0.75,0.55,0.14,0.5,0.55,0.45,0.34,0.3,0.48,0.78,0.3,0.15,0.82,0.2,0.4,0.68,0.38,0.75,0.55,0.12,0.77,0.24,0.28,2,0.008444726986490207
2019-07-18,589222005,10.99,1,0.93,0.7,0.55,0.33,0.78,0.88,0.82,0.86,0.78,0.82,0.2,0.16,0.09,0.28,0.78,0.4,0.45,0.08,0.1,0.22,0.26,0.3,0.51,0.87,0.09,0.7,0.92,0.75,0.55,0.14,0.5,0.55,0.45,0.34,0.3,0.48,0.78,0.3,0.15,0.82,0.2,0.4,0.68,0.38,0.75,0.55,0.12,0.77,0.24,0.28,3,0.008444726986490207
2019-07-24,589222005,10.99,3,0.93,0.7,0.55,0.33,0.78,0.88,0.82,0.86,0.78,0.82,0.2,0.16,0.09,0.28,0.78,0.4,0.45,0.08,0.1,0.22,0.26,0.3,0.51,0.87,0.09,0.7,0.92,0.75,0.55,0.14,0.5,0.55,0.45,0.34,0.3,0.48,0.78,0.3,0.15,0.82,0.2,0.4,0.68,0.38,0.75,0.55,0.12,0.77,0.24,0.28,1,0.008444726986490207
2019-07-28,589222005,10.99,2,0.93,0.7,0.55,0.33,0.78,0.88,0.82,0.86,0.78,0.82,0.2,0.16,0.09,0.28,0.78,0.4,0.45,0.08,0.1,0.22,0.26,0.3,0.51,0.87,0.09,0.7,0.92,0.75,0.55,0.14,0.5,0.55,0.45,0.34,0.3,0.48,0.78,0.3,0.15,0.82,0.2,0.4,0.68,0.38,0.75,0.55,0.12,0.77,0.24,0.28,1,0.008444726986490207
2019-08-03,589222005,10.99,2,0.93,0.7,0.55,0.33,0.78,0.88,0.82,0.86,0.78,0.82,0.2,0.16,0.09,0.28,0.78,0.4,0.45,0.08,0.1,0.22,0.26,0.3,0.51,0.87,0.09,0.7,0.92,0.75,0.55,0.14,0.5,0.55,0.45,0.34,0.3,0.48,0.78,0.3,0.15,0.82,0.2,0.4,0.68,0.38,0.75,0.55,0.12,0.77,0.24,0.28,2,0.008444726986490207
2019-08-04,589222005,8.79,0,0.96,0.82,0.75,0.4,0.9,0.94,0.7,0.92,0.92,0.9,0.3,0.22,0.07,0.15,0.88,0.58,0.6,0.05,0.13,0.36,0.33,0.4,0.25,0.78,0.05,0.55,0.8,0.87,0.75,0.08,0.7,0.65,0.55,0.45,0.25,0.58,0.72,0.38,0.25,0.9,0.28,0.5,0.55,0.48,0.85,0.65,0.18,0.75,0.19,0.25,1,0.008429146332788335
2019-08-05,589222005,6.99,2,0.97,0.88,0.82,0.45,0.92,0.96,0.65,0.94,0.95,0.92,0.33,0.25,0.06,0.12,0.92,0.68,0.7,0.03,0.16,0.4,0.38,0.45,0.11,0.7,0.03,0.45,0.7,0.92,0.85,0.06,0.8,0.5,0.6,0.5,0.22,0.62,0.68,0.42,0.3,0.94,0.35,0.55,0.42,0.52,0.9,0.7,0.24,0.68,0.17,0.2,1,0.008519788749894324
2019-08-12,589222005,10.99,8,0.93,0.7,0.55,0.33,0.78,0.88,0.82,0.86,0.78,0.82,0.2,0.16,0.09,0.28,0.78,0.4,0.45,0.08,0.1,0.22,0.26,0.3,0.51,0.87,0.09,0.7,0.92,0.75,0.55,0.14,0.5,0.55,0.45,0.34,0.3,0.48,0.78,0.3,0.15,0.82,0.2,0.4,0.68,0.38,0.75,0.55,0.12,0.77,0.24,0.28,1,0.008444726986490207
2019-09-03,589222005,10.99,2,0.93,0.7,0.55,0.33,0.78,0.88,0.82,0.86,0.78,0.82,0.2,0.16,0.09,0.28,0.78,0.4,0.45,0.08,0.1,0.22,0.26,0.3,0.51,0.87,0.09,0.7,0.92,0.75,0.55,0.14,0.5,0.55,0.45,0.34,0.3,0.48,0.78,0.3,0.15,0.82,0.2,0.4,0.68,0.38,0.75,0.55,0.12,0.77,0.24,0.28,1,0.008444726986490207
2019-09-10,589222005,10.99,3,0.93,0.7,0.55,0.33,0.78,0.88,0.82,0.86,0.78,0.82,0.2,0.16,0.09,0.28,0.78,0.4,0.45,0.08,0.1,0.22,0.26,0.3,0.51,0.87,0.09,0.7,0.92,0.75,0.55,0.14,0.5,0.55,0.45,0.34,0.3,0.48,0.78,0.3,0.15,0.82,0.2,0.4,0.68,0.38,0.75,0.55,0.12,0.77,0.24,0.28,1,0.008444726986490207
2019-09-17,589222005,10.99,1,0.93,0.7,0.55,0.33,0.78,0.88,0.82,0.86,0.78,0.82,0.2,0.16,0.09,0.28,0.78,0.4,0.45,0.08,0.1,0.22,0.26,0.3,0.51,0.87,0.09,0.7,0.92,0.75,0.55,0.14,0.5,0.55,0.45,0.34,0.3,0.48,0.78,0.3,0.15,0.82,0.2,0.4,0.68,0.38,0.75,0.55,0.12,0.77,0.24,0.28,1,0.008444726986490207
