outputs/pricing/split_003/frac_0p5/synthetic_d2_train.csv
date,article_id,offer_price,demand,P001,P002,P003,P004,P005,P006,P007,P008,P009,P010,P011,P012,P013,P014,P015,P016,P017,P018,P019,P020,P021,P022,P023,P024,P025,P026,P027,P028,P029,P030,P031,P032,P033,P034,P035,P036,P037,P038,P039,P040,P041,P042,P043,P044,P045,P046,P047,P048,P049,P050,observed_demand,ground_truth_purchase_prob
2018-09-23,598859001,31.49,2,0.1,0.05,0.08,0.04,0.07,0.1,0.16,0.05,0.008,0.22,0.03,0.08,0.08,0.1,0.15,0.02,0.03,0.28,0.03,0.01,0.1,0.07,0.035,0.03,0.1,0.12,0.008,0.06,0.015,0.06,0.02,0.01,0.03,0.03,0.03,0.022,0.12,0.1,0.006,0.1,0.01,0.015,0.14,0.03,0.04,0.03,0.01,0.02,0.015,0.01,2,0.006048962285605439
2018-09-25,598859001,34.99,1,0.06,0.03,0.05,0.03,0.03,0.06,0.1,0.03,0.005,0.12,0.02,0.04,0.05,0.06,0.08,0.015,0.02,0.18,0.02,0.005,0.06,0.04,0.02,0.02,0.05,0.06,0.004,0.03,0.01,0.03,0.01,0.005,0.02,0.02,0.02,0.015,0.08,0.06,0.004,0.05,0.005,0.01,0.08,0.02,0.03,0.02,0.01,0.01,0.01,0.005,3,0.005397111637279864
2018-10-01,598859001,34.99,0,0.06,0.03,0.05,0.03,0.03,0.06,0.1,0.03,0.005,0.12,0.02,0.04,0.05,0.06,0.08,0.015,0.02,0.18,0.02,0.005,0.06,0.04,0.02,0.02,0.05,0.06,0.004,0.03,0.01,0.03,0.01,0.005,0.02,0.02,0.02,0.015,0.08,0.06,0.004,0.05,0.005,0.01,0.08,0.02,0.03,0.02,0.01,0.01,0.01,0.005,1,0.005397111637279864
2018-10-02,598859001,34.99,1,0.06,0.03,0.05,0.03,0.03,0.06,0.1,0.03,0.005,0.12,0.02,0.04,0.05,0.06,0.08,0.015,0.02,0.18,0.02,0.005,0.06,0.04,0.02,0.02,0.05,0.06,0.004,0.03,0.01,0.03,0.01,0.005,0.02,0.02,0.02,0.015,0.08,0.06,0.004,0.05,0.005,0.01,0.08,0.02,0.03,0.02,0.01,0.01,0.01,0.005,1,0.005397111637279864
2018-10-13,598859001,27.99,1,0.25,0.1,0.15,0.06,0.14,0.25,0.36,0.1,0.02,0.42,0.08,0.14,0.2,0.28,0.38,0.04,0.07,0.55,0.09,0.03,0.25,0.15,0.06,0.08,0.28,0.33,0.02,0.12,0.05,0.15,0.04,0.02,0.06,0.08,0.05,0.035,0.3,0.25,0.015,0.22,0.03,0.03,0.3,0.08,0.07,0.08,0.03,0.04,0.025,0.03,2,0.0075616366201558885
2018-10-15,598859001,34.99,2,0.06,0.03,0.05,0.03,0.03,0.06,0.1,0.03,0.005,0.12,0.02,0.04,0.05,0.06,0.08,0.015,0.02,0.18,0.02,0.005,0.06,0.04,0.02,0.02,0.05,0.06,0.004,0.03,0.01,0.03,0.01,0.005,0.02,0.02,0.02,0.015,0.08,0.06,0.004,0.05,0.005,0.01,0.08,0.02,0.03,0.02,0.01,0.01,0.01,0.005,1,0.005397111637279864
2018-10-19,598859001,34.99,3,0.06,0.03,0.05,0.03,0.03,0.06,0.1,0.03,0.005,0.12,0.02,0.04,0.05,0.06,0.08,0.015,0.02,0.18,0.02,0.005,0.06,0.04,0.02,0.02,0.05,0.06,0.004,0.03,0.01,0.03,0.01,0.005,0.02,0.02,0.02,0.015,0.08,0.06,0.004,0.05,0.005,0.01,0.08,0.02,0.03,0.02,0.01,0.01,0.01,0.005,1,0.005397111637279864
2018-10-21,598859001,34.99,1,0.06,0.03,0.05,0.03,0.03,0.06,0.1,0.03,0.005,0.12,0.02,0.04,0.05,0.06,0.08,0.015,0.02,0.18,0.02,0.005,0.06,0.04,0.02,0.02,0.05,0.06,0.004,0.03,0.01,0.03,0.01,0.005,0.02,0.02,0.02,0.015,0.08,0.06,0.004,0.05,0.005,0.01,0.08,0.02,0.03,0.02,0.01,0.01,0.01,0.005,1,0.005397111637279864
2018-10-22,598859001,34.99,2,0.06,0.03,0.05,0.03,0.03,0.06,0.1,0.03,0.005,0.12,0.02,0.04,0.05,0.06,0.08,0.015,0.02,0.18,0.02,0.005,0.06,0.04,0.02,0.02,0.05,0.06,0.004,0.03,0.01,0.03,0.01,0.005,0.02,0.02,0.02,0.015,0.08,0.06,0.004,0.05,0.005,0.01,0.08,0.02,0.03,0.02,0.01,0.01,0.01,0.005,1,0.005397111637279864
2018-10-28,598859001,34.99,1,0.06,0.03,0.05,0.03,0.03,0.06,0.1,0.03,0.005,0.12,0.02,0.04,0.05,0.06,0.08,0.015,0.02,0.18,0.02,0.005,0.06,0.04,0.02,0.02,0.05,0.06,0.004,0.03,0.01,0.03,0.01,0.005,0.02,0.02,0.02,0.015,0.08,0.06,0.004,0.05,0.005,0.01,0.08,0.02,0.03,0.02,0.01,0.01,0.01,0.005,1,0.005397111637279864
2018-11-12,598859001,31.49,3,0.1,0.05,0.08,0.04,0.07,0.1,0.16,0.05,0.008,0.22,0.03,0.08,0.08,0.1,0.15,0.02,0.03,0.28,0.03,0.01,0.1,0.07,0.035,0.03,0.1,0.12,0.008,0.06,0.015,0.06,0.02,0.01,0.03,0.03,0.03,0.022,0.12,0.1,0.006,0.1,0.01,0.015,0.14,0.03,0.04,0.03,0.01,0.02,0.015,0.01,1,0.006048962285605439
2018-11-16,598859001,29.34,1,0.18,0.08,0.12,0.05,0.11,0.18,0.26,0.08,0.015,0.38,0.06,0.12,0.12,0.2,0.33,0.035,0.06,0.45,0.07,0.02,0.18,0.13,0.05,0.06,0.22,0.22,0.015,0.1,0.04,0.1,0.03,0.02,0.05,0.06,0.04,0.03,0.22,0.18,0.01,0.18,0.025,0.025,0.22,0.06,0.06,0.06,0.02,0.03,0.02,0.025,1,0.007105738030583982
2018-11-29,598859001,34.99,2,0.06,0.03,0.05,0.03,0.03,0.06,0.1,0.03,0.005,0.12,0.02,0.04,0.05,0.06,0.08,0.015,0.02,0.18,0.02,0.005,0.06,0.04,0.02,0.02,0.05,0.06,0.004,0.03,0.01,0.03,0.01,0.005,0.02,0.02,0.02,0.015,0.08,0.06,0.004,0.05,0.005,0.01,0.08,0.02,0.03,0.02,0.01,0.01,0.01,0.005,1,0.005397111637279864
2018-12-02,598859001,34.99,0,0.06,0.03,0.05,0.03,0.03,0.06,0.1,0.03,0.005,0.12,0.02,0.04,0.05,0.06,0.08,0.015,0.02,0.18,0.02,0.005,0.06,0.04,0.02,0.02,0.05,0.06,0.004,0.03,0.01,0.03,0.01,0.005,0.02,0.02,0.02,0.015,0.08,0.06,0.004,0.05,0.005,0.01,0.08,0.02,0.03,0.02,0.01,0.01,0.01,0.005,1,0.005397111637279864
2018-12-03,598859001,20.99,4,0.8,0.25,0.38,0.12,0.35,0.7,0.8,0.25,0.06,0.58,0.14,0.2,0.65,0.35,0.46,0.08,0.12,0.65,0.14,0.06,0.55,0.24,0.12,0.3,0.4,0.94,0.07,0.5,0.14,0.4,0.12,0.05,0.12,0.18,0.09,0.08,0.82,0.4,0.04,0.6,0.08,0.08,0.72,0.22,0.14,0.25,0.07,0.08,0.05,0.08,1,0.009050808430627309
2018-12-17,598859001,34.99,0,0.06,0.03,0.05,0.03,0.03,0.06,0.1,0.03,0.005,0.12,0.02,0.04,0.05,0.06,0.08,0.015,0.02,0.18,0.02,0.005,0.06,0.04,0.02,0.02,0.05,0.06,0.004,0.03,0.01,0.03,0.01,0.005,0.02,0.02,0.02,0.015,0.08,0.06,0.004,0.05,0.005,0.01,0.08,0.02,0.03,0.02,0.01,0.01,0.01,0.005,1,0.005397111637279864
2018-12-29,598859001,34.99,4,0.06,0.03,0.05,0.03,0.03,0.06,0.1,0.03,0.005,0.12,0.02,0.04,0.05,0.06,0.08,0.015,0.02,0.18,0.02,0.005,0.06,0.04,0.02,0.02,0.05,0.06,0.004,0.03,0.01,0.03,0.01,0.005,0.02,0.02,0.02,0.015,0.08,0.06,0.004,0.05,0.005,0.01,0.08,0.02,0.03,0.02,0.01,0.01,0.01,0.005,7,0.005397111637279864
2019-01-06,598859001,34.99,0,0.06,0.03,0.05,0.03,0.03,0.06,0.1,0.03,0.005,0.12,0.02,0.04,0.05,0.06,0.08,0.015,0.02,0.18,0.02,0.005,0.06,0.04,0.02,0.02,0.05,0.06,0.004,0.03,0.01,0.03,0.01,0.005,0.02,0.02,0.02,0.015,0.08,0.06,0.004,0.05,0.005,0.01,0.08,0.02,0.03,0.02,0.01,0.01,0.01,0.005,3,0.005397111637279864
2019-01-17,598859001,34.99,1,0.06,0.03,0.05,0.03,0.03,0.06,0.1,0.03,0.005,0.12,0.02,0.04,0.05,0.06,0.08,0.015,0.02,0.18,0.02,0.005,0.06,0.04,0.02,0.02,0.05,0.06,0.004,0.03,0.01,0.03,0.01,0.005,0.02,0.02,0.02,0.015,0.08,0.06,0.004,0.05,0.005,0.01,0.08,0.02,0.03,0.02,0.01,0.01,0.01,0.005,3,0.005397111637279864
2019-01-18,598859001,34.99,0,0.06,0.03,0.05,0.03,0.03,0.06,0.1,0.03,0.005,0.12,0.02,0.04,0.05,0.06,0.08,0.015,0.02,0.18,0.02,0.005,0.06,0.04,0.02,0.02,0.05,0.06,0.004,0.03,0.01,0.03,0.01,0.005,0.02,0.02,0.02,0.015,0.08,0.06,0.004,0.05,0.005,0.01,0.08,0.02,0.03,0.02,0.01,0.01,0.01,0.005,2,0.005397111637279864
2019-02-03,598859001,34.99,1,0.06,0.03,0.05,0.03,0.03,0.06,0.1,0.03,0.005,0.12,0.02,0.04,0.05,0.06,0.08,0.015,0.02,0.18,0.02,0.005,0.06,0.04,0.02,0.02,0.05,0.06,0.004,0.03,0.01,0.03,0.01,0.005,0.02,0.02,0.02,0.015,0.08,0.06,0.004,0.05,0.005,0.01,0.08,0.02,0.03,0.02,0.01,0.01,0.01,0.005,1,0.005397111637279864
2019-02-04,598859001,34.99,0,0.06,0.03,0.05,0.03,0.03,0.06,0.1,0.03,0.005,0.12,0.02,0.04,0.05,0.06,0.08,0.015,0.02,0.18,0.02,0.005,0.06,0.04,0.02,0.02,0.05,0.06,0.004,0.03,0.01,0.03,0.01,0.005,0.02,0.02,0.02,0.015,0.08,0.06,0.004,0.05,0.005,0.01,0.08,0.02,0.03,0.02,0.01,0.01,0.01,0.005,1,0.005397111637279864
2019-02-12,598859001,34.99,1,0.06,0.03,0.05,0.03,0.03,0.06,0.1,0.03,0.005,0.12,0.02,0.04,0.05,0.06,0.08,0.015,0.02,0.18,0.02,0.005,0.06,0.04,0.02,0.02,0.05,0.06,0.004,0.03,0.01,0.03,0.01,0.005,0.02,0.02,0.02,0.015,0.08,0.06,0.004,0.05,0.005,0.01,0.08,0.02,0.03,0.02,0.01,0.01,0.01,0.005,3,0.005397111637279864
2019-02-17,598859001,34.99,0,0.06,0.03,0.05,0.03,0.03,0.06,0.1,0.03,0.005,0.12,0.02,0.04,0.05,0.06,0.08,0.015,0.02,0.18,0.02,0.005,0.06,0.04,0.02,0.02,0.05,0.06,0.004,0.03,0.01,0.03,0.01,0.005,0.02,0.02,0.02,0.015,0.08,0.06,0.004,0.05,0.005,0.01,0.08,0.02,0.03,0.02,0.01,0.01,0.01,0.005,1,0.005397111637279864
2019-03-13,598859001,34.99,4,0.06,0.03,0.05,0.03,0.03,0.06,0.1,0.03,0.005,0.12,0.02,0.04,0.05,0.06,0.08,0.015,0.02,0.18,0.02,0.005,0.06,0.04,0.02,0.02,0.05,0.06,0.004,0.03,0.01,0.03,0.01,0.005,0.02,0.02,0.02,0.015,0.08,0.06,0.004,0.05,0.005,0.01,0.08,0.02,0.03,0.02,0.01,0.01,0.01,0.005,3,0.005397111637279864
2019-03-24,598859001,34.99,1,0.06,0.03,0.05,0.03,0.03,0.06,0.1,0.03,0.005,0.12,0.02,0.04,0.05,0.06,0.08,0.015,0.02,0.18,0.02,0.005,0.06,0.04,0.02,0.02,0.05,0.06,0.004,0.03,0.01,0.03,0.01,0.005,0.02,0.02,0.02,0.015,0.08,0.06,0.004,0.05,0.005,0.01,0.08,0.02,0.03,0.02,0.01,0.01,0.01,0.005,1,0.005397111637279864
2019-03-27,598859001,34.99,2,0.06,0.03,0.05,0.03,0.03,0.06,0.1,0.03,0.005,0.12,0.02,0.04,0.05,0.06,0.08,0.015,0.02,0.18,0.02,0.005,0.06,0.04,0.02,0.02,0.05,0.06,0.004,0.03,0.01,0.03,0.01,0.005,0.02,0.02,0.02,0.015,0.08,0.06,0.004,0.05,0.005,0.01,0.08,0.02,0.03,0.02,0.01,0.01,0.01,0.005,9,0.005397111637279864
2019-03-28,598859001,34.99,0,0.06,0.03,0.05,0.03,0.03,0.06,0.1,0.03,0.005,0.12,0.02,0.04,0.05,0.06,0.08,0.015,0.02,0.18,0.02,0.005,0.06,0.04,0.02,0.02,0.05,0.06,0.004,0.03,0.01,0.03,0.01,0.005,0.02,0.02,0.02,0.015,0.08,0.06,0.004,0.05,0.005,0.01,0.08,0.02,0.03,0.02,0.01,0.01,0.01,0.005,9,0.005397111637279864
2019-04-09,598859001,34.99,1,0.06,0.03,0.05,0.03,0.03,0.06,0.1,0.03,0.005,0.12,0.02,0.04,0.05,0.06,0.08,0.015,0.02,0.18,0.02,0.005,0.06,0.04,0.02,0.02,0.05,0.06,0.004,0.03,0.01,0.03,0.01,0.005,0.02,0.02,0.02,0.015,0.08,0.06,0.004,0.05,0.005,0.01,0.08,0.02,0.03,0.02,0.01,0.01,0.01,0.005,3,0.005397111637279864
2019-04-15,598859001,29.74,2,0.16,0.07,0.11,0.05,0.1,0.17,0.24,0.07,0.012,0.36,0.05,0.11,0.11,0.18,0.3,0.03,0.05,0.43,0.06,0.02,0.17,0.12,0.045,0.05,0.2,0.2,0.014,0.09,0.03,0.09,0.03,0.015,0.05,0.05,0.04,0.028,0.2,0.16,0.009,0.16,0.02,0.02,0.2,0.05,0.06,0.06,0.02,0.03,0.02,0.02,1,0.006920254015357865
2019-04-19,598859001,34.99,2,0.06,0.03,0.05,0.03,0.03,0.06,0.1,0.03,0.005,0.12,0.02,0.04,0.05,0.06,0.08,0.015,0.02,0.18,0.02,0.005,0.06,0.04,0.02,0.02,0.05,0.06,0.004,0.03,0.01,0.03,0.01,0.005,0.02,0.02,0.02,0.015,0.08,0.06,0.004,0.05,0.005,0.01,0.08,0.02,0.03,0.02,0.01,0.01,0.01,0.005,3,0.005397111637279864
2019-04-20,598859001,29.74,2,0.16,0.07,0.11,0.05,0.1,0.17,0.24,0.07,0.012,0.36,0.05,0.11,0.11,0.18,0.3,0.03,0.05,0.43,0.06,0.02,0.17,0.12,0.045,0.05,0.2,0.2,0.014,0.09,0.03,0.09,0.03,0.015,0.05,0.05,0.04,0.028,0.2,0.16,0.009,0.16,0.02,0.02,0.2,0.05,0.06,0.06,0.02,0.03,0.02,0.02,1,0.006920254015357865
2019-04-22,598859001,34.99,4,0.06,0.03,0.05,0.03,0.03,0.06,0.1,0.03,0.005,0.12,0.02,0.04,0.05,0.06,0.08,0.015,0.02,0.18,0.02,0.005,0.06,0.04,0.02,0.02,0.05,0.06,0.004,0.03,0.01,0.03,0.01,0.005,0.02,0.02,0.02,0.015,0.08,0.06,0.004,0.05,0.005,0.01,0.08,0.02,0.03,0.02,0.01,0.01,0.01,0.005,1,0.005397111637279864
2019-05-24,598859001,30.99,3,0.12,0.06,0.09,0.04,0.08,0.12,0.18,0.06,0.01,0.25,0.04,0.09,0.09,0.12,0.18,0.025,0.04,0.3,0.04,0.015,0.12,0.08,0.04,0.04,0.12,0.14,0.01,0.07,0.02,0.07,0.02,0.01,0.04,0.04,0.03,0.025,0.15,0.12,0.007,0.12,0.015,0.018,0.16,0.04,0.05,0.04,0.02,0.02,0.015,0.015,1,0.0063209012108066225
2019-05-25,598859001,34.99,2,0.06,0.03,0.05,0.03,0.03,0.06,0.1,0.03,0.005,0.12,0.02,0.04,0.05,0.06,0.08,0.015,0.02,0.18,0.02,0.005,0.06,0.04,0.02,0.02,0.05,0.06,0.004,0.03,0.01,0.03,0.01,0.005,0.02,0.02,0.02,0.015,0.08,0.06,0.004,0.05,0.005,0.01,0.08,0.02,0.03,0.02,0.01,0.01,0.01,0.005,1,0.005397111637279864
2019-06-01,598859001,34.99,3,0.06,0.03,0.05,0.03,0.03,0.06,0.1,0.03,0.005,0.12,0.02,0.04,0.05,0.06,0.08,0.015,0.02,0.18,0.02,0.005,0.06,0.04,0.02,0.02,0.05,0.06,0.004,0.03,0.01,0.03,0.01,0.005,0.02,0.02,0.02,0.015,0.08,0.06,0.004,0.05,0.005,0.01,0.08,0.02,0.03,0.02,0.01,0.01,0.01,0.005,1,0.005397111637279864
2019-06-02,598859001,31.49,2,0.1,0.05,0.08,0.04,0.07,0.1,0.16,0.05,0.008,0.22,0.03,0.08,0.08,0.1,0.15,0.02,0.03,0.28,0.03,0.01,0.1,0.07,0.035,0.03,0.1,0.12,0.008,0.06,0.015,0.06,0.02,0.01,0.03,0.03,0.03,0.022,0.12,0.1,0.006,0.1,0.01,0.015,0.14,0.03,0.04,0.03,0.01,0.02,0.015,0.01,1,0.006048962285605439
2019-06-04,598859001,34.99,2,0.06,0.03,0.05,0.03,0.03,0.06,0.1,0.03,0.005,0.12,0.02,0.04,0.05,0.06,0.08,0.015,0.02,0.18,0.02,0.005,0.06,0.04,0.02,0.02,0.05,0.06,0.004,0.03,0.01,0.03,0.01,0.005,0.02,0.02,0.02,0.015,0.08,0.06,0.004,0.05,0.005,0.01,0.08,0.02,0.03,0.02,0.01,0.01,0.01,0.005,2,0.005397111637279864
2019-06-09,598859001,29.74,1,0.16,0.07,0.11,0.05,0.1,0.17,0.24,0.07,0.012,0.36,0.05,0.11,0.11,0.18,0.3,0.03,0.05,0.43,0.06,0.02,0.17,0.12,0.045,0.05,0.2,0.2,0.014,0.09,0.03,0.09,0.03,0.015,0.05,0.05,0.04,0.028,0.2,0.16,0.009,0.16,0.02,0.02,0.2,0.05,0.06,0.06,0.02,0.03,0.02,0.02,1,0.006920254015357865
2019-06-11,598859001,34.99,0,0.06,0.03,0.05,0.03,0.03,0.06,0.1,0.03,0.005,0.12,0.02,0.04,0.05,0.06,0.08,0.015,0.02,0.18,0.02,0.005,0.06,0.04,0.02,0.02,0.05,0.06,0.004,0.03,0.01,0.03,0.01,0.005,0.02,0.02,0.02,0.015,0.08,0.06,0.004,0.05,0.005,0.01,0.08,0.02,0.03,0.02,0.01,0.01,0.01,0.005,1,0.005397111637279864
2019-06-27,598859001,34.99,1,0.06,0.03,0.05,0.03,0.03,0.06,0.1,0.03,0.005,0.12,0.02,0.04,0.05,0.06,0.08,0.015,0.02,0.18,0.02,0.005,0.06,0.04,0.02,0.02,0.05,0.06,0.004,0.03,0.01,0.03,0.01,0.005,0.02,0.02,0.02,0.015,0.08,0.06,0.004,0.05,0.005,0.01,0.08,0.02,0.03,0.02,0.01,0.01,0.01,0.005,2,0.005397111637279864
2019-07-04,598859001,31.49,3,0.1,0.05,0.08,0.04,0.07,0.1,0.16,0.05,0.008,0.22,0.03,0.08,0.08,0.1,0.15,0.02,0.03,0.28,0.03,0.01,0.1,0.07,0.035,0.03,0.1,0.12,0.008,0.06,0.015,0.06,0.02,0.01,0.03,0.03,0.03,0.022,0.12,0.1,0.006,0.1,0.01,0.015,0.14,0.03,0.04,0.03,0.01,0.02,0.015,0.01,1,0.006048962285605439
2019-07-05,598859001,34.99,0,0.06,0.03,0.05,0.03,0.03,0.06,0.1,0.03,0.005,0.12,0.02,0.04,0.05,0.06,0.08,0.015,0.02,0.18,0.02,0.005,0.06,0.04,0.02,0.02,0.05,0.06,0.004,0.03,0.01,0.03,0.01,0.005,0.02,0.02,0.02,0.015,0.08,0.06,0.004,0.05,0.005,0.01,0.08,0.02,0.03,0.02,0.01,0.01,0.01,0.005,1,0.005397111637279864
2019-07-06,598859001,18.99,5,0.85,0.34,0.34,0.15,0.47,0.65,0.74,0.35,0.08,0.62,0.1,0.13,0.6,0.32,0.5,0.1,0.15,0.52,0.13,0.08,0.62,0.28,0.16,0.45,0.24,0.88,0.1,0.55,0.22,0.45,0.18,0.06,0.18,0.25,0.11,0.1,0.85,0.33,0.06,0.55,0.1,0.1,0.78,0.3,0.18,0.35,0.1,0.1,0.06,0.1,1,0.008760116312132365
2019-07-11,598859001,30.99,4,0.12,0.06,0.09,0.04,0.08,0.12,0.18,0.06,0.01,0.25,0.04,0.09,0.09,0.12,0.18,0.025,0.04,0.3,0.04,0.015,0.12,0.08,0.04,0.04,0.12,0.14,0.01,0.07,0.02,0.07,0.02,0.01,0.04,0.04,0.03,0.025,0.15,0.12,0.007,0.12,0.015,0.018,0.16,0.04,0.05,0.04,0.02,0.02,0.015,0.015,1,0.0063209012108066225
2019-07-30,598859001,34.99,2,0.06,0.03,0.05,0.03,0.03,0.06,0.1,0.03,0.005,0.12,0.02,0.04,0.05,0.06,0.08,0.015,0.02,0.18,0.02,0.005,0.06,0.04,0.02,0.02,0.05,0.06,0.004,0.03,0.01,0.03,0.01,0.005,0.02,0.02,0.02,0.015,0.08,0.06,0.004,0.05,0.005,0.01,0.08,0.02,0.03,0.02,0.01,0.01,0.01,0.005,1,0.005397111637279864
2019-08-01,598859001,34.99,2,0.06,0.03,0.05,0.03,0.03,0.06,0.1,0.03,0.005,0.12,0.02,0.04,0.05,0.06,0.08,0.015,0.02,0.18,0.02,0.005,0.06,0.04,0.02,0.02,0.05,0.06,0.004,0.03,0.01,0.03,0.01,0.005,0.02,0.02,0.02,0.015,0.08,0.06,0.004,0.05,0.005,0.01,0.08,0.02,0.03,0.02,0.01,0.01,0.01,0.005,1,0.005397111637279864
2019-08-03,598859001,34.99,1,0.06,0.03,0.05,0.03,0.03,0.06,0.1,0.03,0.005,0.12,0.02,0.04,0.05,0.06,0.08,0.015,0.02,0.18,0.02,0.005,0.06,0.04,0.02,0.02,0.05,0.06,0.004,0.03,0.01,0.03,0.01,0.005,0.02,0.02,0.02,0.015,0.08,0.06,0.004,0.05,0.005,0.01,0.08,0.02,0.03,0.02,0.01,0.01,0.01,0.005,1,0.005397111637279864
2019-08-19,598859001,31.49,2,0.1,0.05,0.08,0.04,0.07,0.1,0.16,0.05,0.008,0.22,0.03,0.08,0.08,0.1,0.15,0.02,0.03,0.28,0.03,0.01,0.1,0.07,0.035,0.03,0.1,0.12,0.008,0.06,0.015,0.06,0.02,0.01,0.03,0.03,0.03,0.022,0.12,0.1,0.006,0.1,0.01,0.015,0.14,0.03,0.04,0.03,0.01,0.02,0.015,0.01,1,0.006048962285605439
2018-09-22,599502001,29.99,4,0.12,0.04,0.07,0.03,0.06,0.06,0.2,0.03,0.05,0.5,0.09,0.48,0.08,0.25,0.32,0.008,0.02,0.2,0.22,0.02,0.07,0.06,0.03,0.02,0.3,0.2,0.05,0.08,0.01,0.18,0.05,0.03,0.02,0.05,0.02,0.01,0.06,0.08,0.01,0.15,0.01,0.02,0.15,0.03,0.03,0.05,0.01,0.03,0.02,0.02,2,0.007824245267104016
2018-10-08,599502001,26.99,1,0.28,0.09,0.18,0.09,0.12,0.2,0.5,0.08,0.1,0.75,0.16,0.62,0.18,0.35,0.44,0.015,0.05,0.35,0.32,0.04,0.14,0.1,0.05,0.05,0.45,0.45,0.1,0.18,0.04,0.38,0.09,0.05,0.05,0.11,0.03,0.02,0.18,0.2,0.03,0.25,0.04,0.05,0.3,0.07,0.06,0.1,0.03,0.05,0.04,0.04,1,0.009064152895425528
2018-10-19,599502001,29.99,5,0.12,0.04,0.07,0.03,0.06,0.06,0.2,0.03,0.05,0.5,0.09,0.48,0.08,0.25,0.32,0.008,0.02,0.2,0.22,0.02,0.07,0.06,0.03,0.02,0.3,0.2,0.05,0.08,0.01,0.18,0.05,0.03,0.02,0.05,0.02,0.01,0.06,0.08,0.01,0.15,0.01,0.02,0.15,0.03,0.03,0.05,0.01,0.03,0.02,0.02,2,0.007824245267104016
2018-11-10,599502001,29.99,0,0.12,0.04,0.07,0.03,0.06,0.06,0.2,0.03,0.05,0.5,0.09,0.48,0.08,0.25,0.32,0.008,0.02,0.2,0.22,0.02,0.07,0.06,0.03,0.02,0.3,0.2,0.05,0.08,0.01,0.18,0.05,0.03,0.02,0.05,0.02,0.01,0.06,0.08,0.01,0.15,0.01,0.02,0.15,0.03,0.03,0.05,0.01,0.03,0.02,0.02,2,0.007824245267104016
2018-11-11,599502001,29.99,1,0.12,0.04,0.07,0.03,0.06,0.06,0.2,0.03,0.05,0.5,0.09,0.48,0.08,0.25,0.32,0.008,0.02,0.2,0.22,0.02,0.07,0.06,0.03,0.02,0.3,0.2,0.05,0.08,0.01,0.18,0.05,0.03,0.02,0.05,0.02,0.01,0.06,0.08,0.01,0.15,0.01,0.02,0.15,0.03,0.03,0.05,0.01,0.03,0.02,0.02,3,0.007824245267104016
2018-11-16,599502001,29.99,0,0.12,0.04,0.07,0.03,0.06,0.06,0.2,0.03,0.05,0.5,0.09,0.48,0.08,0.25,0.32,0.008,0.02,0.2,0.22,0.02,0.07,0.06,0.03,0.02,0.3,0.2,0.05,0.08,0.01,0.18,0.05,0.03,0.02,0.05,0.02,0.01,0.06,0.08,0.01,0.15,0.01,0.02,0.15,0.03,0.03,0.05,0.01,0.03,0.02,0.02,1,0.007824245267104016
2018-11-20,599502001,26.99,4,0.28,0.09,0.18,0.09,0.12,0.2,0.5,0.08,0.1,0.75,0.16,0.62,0.18,0.35,0.44,0.015,0.05,0.35,0.32,0.04,0.14,0.1,0.05,0.05,0.45,0.45,0.1,0.18,0.04,0.38,0.09,0.05,0.05,0.11,0.03,0.02,0.18,0.2,0.03,0.25,0.04,0.05,0.3,0.07,0.06,0.1,0.03,0.05,0.04,0.04,1,0.009064152895425528
2018-11-30,599502001,29.99,4,0.12,0.04,0.07,0.03,0.06,0.06,0.2,0.03,0.05,0.5,0.09,0.48,0.08,0.25,0.32,0.008,0.02,0.2,0.22,0.02,0.07,0.06,0.03,0.02,0.3,0.2,0.05,0.08,0.01,0.18,0.05,0.03,0.02,0.05,0.02,0.01,0.06,0.08,0.01,0.15,0.01,0.02,0.15,0.03,0.03,0.05,0.01,0.03,0.02,0.02,2,0.007824245267104016
