outputs/pricing/split_003/frac_0p5/synthetic_d2_train.csv
date,article_id,offer_price,demand,P001,P002,P003,P004,P005,P006,P007,P008,P009,P010,P011,P012,P013,P014,P015,P016,P017,P018,P019,P020,P021,P022,P023,P024,P025,P026,P027,P028,P029,P030,P031,P032,P033,P034,P035,P036,P037,P038,P039,P040,P041,P042,P043,P044,P045,P046,P047,P048,P049,P050,observed_demand,ground_truth_purchase_prob
2018-10-17,655784001,19.99,2,0.66,0.25,0.35,0.18,0.25,0.58,0.4,0.18,0.18,0.45,0.1,0.14,0.82,0.25,0.52,0.03,0.02,0.4,0.08,0.03,0.2,0.06,0.25,0.2,0.18,0.9,0.11,0.2,0.1,0.26,0.12,0.03,0.22,0.18,0.02,0.03,0.7,0.07,0.06,0.28,0.1,0.08,0.78,0.25,0.18,0.2,0.05,0.08,0.04,0.05,4,0.007207783937053246
2018-10-18,655784001,19.99,2,0.66,0.25,0.35,0.18,0.25,0.58,0.4,0.18,0.18,0.45,0.1,0.14,0.82,0.25,0.52,0.03,0.02,0.4,0.08,0.03,0.2,0.06,0.25,0.2,0.18,0.9,0.11,0.2,0.1,0.26,0.12,0.03,0.22,0.18,0.02,0.03,0.7,0.07,0.06,0.28,0.1,0.08,0.78,0.25,0.18,0.2,0.05,0.08,0.04,0.05,6,0.007207783937053246
2018-10-23,655784001,19.99,1,0.66,0.25,0.35,0.18,0.25,0.58,0.4,0.18,0.18,0.45,0.1,0.14,0.82,0.25,0.52,0.03,0.02,0.4,0.08,0.03,0.2,0.06,0.25,0.2,0.18,0.9,0.11,0.2,0.1,0.26,0.12,0.03,0.22,0.18,0.02,0.03,0.7,0.07,0.06,0.28,0.1,0.08,0.78,0.25,0.18,0.2,0.05,0.08,0.04,0.05,2,0.007207783937053246
2018-11-05,655784001,19.99,5,0.66,0.25,0.35,0.18,0.25,0.58,0.4,0.18,0.18,0.45,0.1,0.14,0.82,0.25,0.52,0.03,0.02,0.4,0.08,0.03,0.2,0.06,0.25,0.2,0.18,0.9,0.11,0.2,0.1,0.26,0.12,0.03,0.22,0.18,0.02,0.03,0.7,0.07,0.06,0.28,0.1,0.08,0.78,0.25,0.18,0.2,0.05,0.08,0.04,0.05,1,0.007207783937053246
2018-11-09,655784001,19.99,3,0.66,0.25,0.35,0.18,0.25,0.58,0.4,0.18,0.18,0.45,0.1,0.14,0.82,0.25,0.52,0.03,0.02,0.4,0.08,0.03,0.2,0.06,0.25,0.2,0.18,0.9,0.11,0.2,0.1,0.26,0.12,0.03,0.22,0.18,0.02,0.03,0.7,0.07,0.06,0.28,0.1,0.08,0.78,0.25,0.18,0.2,0.05,0.08,0.04,0.05,3,0.007207783937053246
2018-11-10,655784001,19.99,0,0.66,0.25,0.35,0.18,0.25,0.58,0.4,0.18,0.18,0.45,0.1,0.14,0.82,0.25,0.52,0.03,0.02,0.4,0.08,0.03,0.2,0.06,0.25,0.2,0.18,0.9,0.11,0.2,0.1,0.26,0.12,0.03,0.22,0.18,0.02,0.03,0.7,0.07,0.06,0.28,0.1,0.08,0.78,0.25,0.18,0.2,0.05,0.08,0.04,0.05,5,0.007207783937053246
2018-11-11,655784001,19.99,2,0.66,0.25,0.35,0.18,0.25,0.58,0.4,0.18,0.18,0.45,0.1,0.14,0.82,0.25,0.52,0.03,0.02,0.4,0.08,0.03,0.2,0.06,0.25,0.2,0.18,0.9,0.11,0.2,0.1,0.26,0.12,0.03,0.22,0.18,0.02,0.03,0.7,0.07,0.06,0.28,0.1,0.08,0.78,0.25,0.18,0.2,0.05,0.08,0.04,0.05,2,0.007207783937053246
2018-11-12,655784001,17.99,3,0.7,0.4,0.4,0.35,0.45,0.62,0.44,0.32,0.35,0.5,0.12,0.2,0.78,0.3,0.58,0.05,0.03,0.5,0.09,0.05,0.24,0.065,0.4,0.35,0.22,0.93,0.18,0.24,0.18,0.28,0.22,0.04,0.34,0.3,0.035,0.05,0.75,0.09,0.08,0.33,0.18,0.12,0.82,0.38,0.3,0.45,0.1,0.11,0.06,0.07,1,0.007431817162884184
2018-11-19,655784001,19.99,1,0.66,0.25,0.35,0.18,0.25,0.58,0.4,0.18,0.18,0.45,0.1,0.14,0.82,0.25,0.52,0.03,0.02,0.4,0.08,0.03,0.2,0.06,0.25,0.2,0.18,0.9,0.11,0.2,0.1,0.26,0.12,0.03,0.22,0.18,0.02,0.03,0.7,0.07,0.06,0.28,0.1,0.08,0.78,0.25,0.18,0.2,0.05,0.08,0.04,0.05,1,0.007207783937053246
2018-11-23,655784001,15.99,2,0.8,0.9,0.55,0.72,0.88,0.78,0.55,0.68,0.55,0.6,0.18,0.3,0.6,0.38,0.72,0.09,0.06,0.62,0.13,0.08,0.34,0.08,0.68,0.78,0.28,0.92,0.28,0.34,0.4,0.35,0.62,0.07,0.66,0.78,0.05,0.11,0.85,0.13,0.13,0.42,0.5,0.27,0.86,0.7,0.58,0.93,0.27,0.18,0.1,0.12,6,0.008012919030916634
2018-11-27,655784001,19.99,1,0.66,0.25,0.35,0.18,0.25,0.58,0.4,0.18,0.18,0.45,0.1,0.14,0.82,0.25,0.52,0.03,0.02,0.4,0.08,0.03,0.2,0.06,0.25,0.2,0.18,0.9,0.11,0.2,0.1,0.26,0.12,0.03,0.22,0.18,0.02,0.03,0.7,0.07,0.06,0.28,0.1,0.08,0.78,0.25,0.18,0.2,0.05,0.08,0.04,0.05,1,0.007207783937053246
2018-12-02,655784001,19.99,0,0.66,0.25,0.35,0.18,0.25,0.58,0.4,0.18,0.18,0.45,0.1,0.14,0.82,0.25,0.52,0.03,0.02,0.4,0.08,0.03,0.2,0.06,0.25,0.2,0.18,0.9,0.11,0.2,0.1,0.26,0.12,0.03,0.22,0.18,0.02,0.03,0.7,0.07,0.06,0.28,0.1,0.08,0.78,0.25,0.18,0.2,0.05,0.08,0.04,0.05,4,0.007207783937053246
2018-12-05,655784001,19.99,2,0.66,0.25,0.35,0.18,0.25,0.58,0.4,0.18,0.18,0.45,0.1,0.14,0.82,0.25,0.52,0.03,0.02,0.4,0.08,0.03,0.2,0.06,0.25,0.2,0.18,0.9,0.11,0.2,0.1,0.26,0.12,0.03,0.22,0.18,0.02,0.03,0.7,0.07,0.06,0.28,0.1,0.08,0.78,0.25,0.18,0.2,0.05,0.08,0.04,0.05,2,0.007207783937053246
2018-12-12,655784001,19.99,1,0.66,0.25,0.35,0.18,0.25,0.58,0.4,0.18,0.18,0.45,0.1,0.14,0.82,0.25,0.52,0.03,0.02,0.4,0.08,0.03,0.2,0.06,0.25,0.2,0.18,0.9,0.11,0.2,0.1,0.26,0.12,0.03,0.22,0.18,0.02,0.03,0.7,0.07,0.06,0.28,0.1,0.08,0.78,0.25,0.18,0.2,0.05,0.08,0.04,0.05,1,0.007207783937053246
2018-12-13,655784001,19.99,5,0.66,0.25,0.35,0.18,0.25,0.58,0.4,0.18,0.18,0.45,0.1,0.14,0.82,0.25,0.52,0.03,0.02,0.4,0.08,0.03,0.2,0.06,0.25,0.2,0.18,0.9,0.11,0.2,0.1,0.26,0.12,0.03,0.22,0.18,0.02,0.03,0.7,0.07,0.06,0.28,0.1,0.08,0.78,0.25,0.18,0.2,0.05,0.08,0.04,0.05,1,0.007207783937053246
2018-12-14,655784001,19.99,1,0.66,0.25,0.35,0.18,0.25,0.58,0.4,0.18,0.18,0.45,0.1,0.14,0.82,0.25,0.52,0.03,0.02,0.4,0.08,0.03,0.2,0.06,0.25,0.2,0.18,0.9,0.11,0.2,0.1,0.26,0.12,0.03,0.22,0.18,0.02,0.03,0.7,0.07,0.06,0.28,0.1,0.08,0.78,0.25,0.18,0.2,0.05,0.08,0.04,0.05,3,0.007207783937053246
2018-12-18,655784001,19.99,1,0.66,0.25,0.35,0.18,0.25,0.58,0.4,0.18,0.18,0.45,0.1,0.14,0.82,0.25,0.52,0.03,0.02,0.4,0.08,0.03,0.2,0.06,0.25,0.2,0.18,0.9,0.11,0.2,0.1,0.26,0.12,0.03,0.22,0.18,0.02,0.03,0.7,0.07,0.06,0.28,0.1,0.08,0.78,0.25,0.18,0.2,0.05,0.08,0.04,0.05,3,0.007207783937053246
2018-12-23,655784001,19.99,2,0.66,0.25,0.35,0.18,0.25,0.58,0.4,0.18,0.18,0.45,0.1,0.14,0.82,0.25,0.52,0.03,0.02,0.4,0.08,0.03,0.2,0.06,0.25,0.2,0.18,0.9,0.11,0.2,0.1,0.26,0.12,0.03,0.22,0.18,0.02,0.03,0.7,0.07,0.06,0.28,0.1,0.08,0.78,0.25,0.18,0.2,0.05,0.08,0.04,0.05,8,0.007207783937053246
2018-12-26,655784001,19.99,2,0.66,0.25,0.35,0.18,0.25,0.58,0.4,0.18,0.18,0.45,0.1,0.14,0.82,0.25,0.52,0.03,0.02,0.4,0.08,0.03,0.2,0.06,0.25,0.2,0.18,0.9,0.11,0.2,0.1,0.26,0.12,0.03,0.22,0.18,0.02,0.03,0.7,0.07,0.06,0.28,0.1,0.08,0.78,0.25,0.18,0.2,0.05,0.08,0.04,0.05,5,0.007207783937053246
2019-01-02,655784001,19.99,2,0.66,0.25,0.35,0.18,0.25,0.58,0.4,0.18,0.18,0.45,0.1,0.14,0.82,0.25,0.52,0.03,0.02,0.4,0.08,0.03,0.2,0.06,0.25,0.2,0.18,0.9,0.11,0.2,0.1,0.26,0.12,0.03,0.22,0.18,0.02,0.03,0.7,0.07,0.06,0.28,0.1,0.08,0.78,0.25,0.18,0.2,0.05,0.08,0.04,0.05,4,0.007207783937053246
2019-01-08,655784001,19.99,2,0.66,0.25,0.35,0.18,0.25,0.58,0.4,0.18,0.18,0.45,0.1,0.14,0.82,0.25,0.52,0.03,0.02,0.4,0.08,0.03,0.2,0.06,0.25,0.2,0.18,0.9,0.11,0.2,0.1,0.26,0.12,0.03,0.22,0.18,0.02,0.03,0.7,0.07,0.06,0.28,0.1,0.08,0.78,0.25,0.18,0.2,0.05,0.08,0.04,0.05,3,0.007207783937053246
2019-01-16,655784001,19.99,0,0.66,0.25,0.35,0.18,0.25,0.58,0.4,0.18,0.18,0.45,0.1,0.14,0.82,0.25,0.52,0.03,0.02,0.4,0.08,0.03,0.2,0.06,0.25,0.2,0.18,0.9,0.11,0.2,0.1,0.26,0.12,0.03,0.22,0.18,0.02,0.03,0.7,0.07,0.06,0.28,0.1,0.08,0.78,0.25,0.18,0.2,0.05,0.08,0.04,0.05,2,0.007207783937053246
2019-01-17,655784001,19.99,1,0.66,0.25,0.35,0.18,0.25,0.58,0.4,0.18,0.18,0.45,0.1,0.14,0.82,0.25,0.52,0.03,0.02,0.4,0.08,0.03,0.2,0.06,0.25,0.2,0.18,0.9,0.11,0.2,0.1,0.26,0.12,0.03,0.22,0.18,0.02,0.03,0.7,0.07,0.06,0.28,0.1,0.08,0.78,0.25,0.18,0.2,0.05,0.08,0.04,0.05,5,0.007207783937053246
2019-01-31,655784001,19.99,3,0.66,0.25,0.35,0.18,0.25,0.58,0.4,0.18,0.18,0.45,0.1,0.14,0.82,0.25,0.52,0.03,0.02,0.4,0.08,0.03,0.2,0.06,0.25,0.2,0.18,0.9,0.11,0.2,0.1,0.26,0.12,0.03,0.22,0.18,0.02,0.03,0.7,0.07,0.06,0.28,0.1,0.08,0.78,0.25,0.18,0.2,0.05,0.08,0.04,0.05,4,0.007207783937053246
2019-02-03,655784001,15.99,1,0.8,0.9,0.55,0.72,0.88,0.78,0.55,0.68,0.55,0.6,0.18,0.3,0.6,0.38,0.72,0.09,0.06,0.62,0.13,0.08,0.34,0.08,0.68,0.78,0.28,0.92,0.28,0.34,0.4,0.35,0.62,0.07,0.66,0.78,0.05,0.11,0.85,0.13,0.13,0.42,0.5,0.27,0.86,0.7,0.58,0.93,0.27,0.18,0.1,0.12,1,0.008012919030916634
2019-02-04,655784001,19.99,2,0.66,0.25,0.35,0.18,0.25,0.58,0.4,0.18,0.18,0.45,0.1,0.14,0.82,0.25,0.52,0.03,0.02,0.4,0.08,0.03,0.2,0.06,0.25,0.2,0.18,0.9,0.11,0.2,0.1,0.26,0.12,0.03,0.22,0.18,0.02,0.03,0.7,0.07,0.06,0.28,0.1,0.08,0.78,0.25,0.18,0.2,0.05,0.08,0.04,0.05,2,0.007207783937053246
2019-02-10,655784001,19.99,1,0.66,0.25,0.35,0.18,0.25,0.58,0.4,0.18,0.18,0.45,0.1,0.14,0.82,0.25,0.52,0.03,0.02,0.4,0.08,0.03,0.2,0.06,0.25,0.2,0.18,0.9,0.11,0.2,0.1,0.26,0.12,0.03,0.22,0.18,0.02,0.03,0.7,0.07,0.06,0.28,0.1,0.08,0.78,0.25,0.18,0.2,0.05,0.08,0.04,0.05,3,0.007207783937053246
2019-02-16,655784001,19.99,2,0.66,0.25,0.35,0.18,0.25,0.58,0.4,0.18,0.18,0.45,0.1,0.14,0.82,0.25,0.52,0.03,0.02,0.4,0.08,0.03,0.2,0.06,0.25,0.2,0.18,0.9,0.11,0.2,0.1,0.26,0.12,0.03,0.22,0.18,0.02,0.03,0.7,0.07,0.06,0.28,0.1,0.08,0.78,0.25,0.18,0.2,0.05,0.08,0.04,0.05,4,0.007207783937053246
2019-02-17,655784001,19.99,2,0.66,0.25,0.35,0.18,0.25,0.58,0.4,0.18,0.18,0.45,0.1,0.14,0.82,0.25,0.52,0.03,0.02,0.4,0.08,0.03,0.2,0.06,0.25,0.2,0.18,0.9,0.11,0.2,0.1,0.26,0.12,0.03,0.22,0.18,0.02,0.03,0.7,0.07,0.06,0.28,0.1,0.08,0.78,0.25,0.18,0.2,0.05,0.08,0.04,0.05,2,0.007207783937053246
2019-02-24,655784001,19.99,1,0.66,0.25,0.35,0.18,0.25,0.58,0.4,0.18,0.18,0.45,0.1,0.14,0.82,0.25,0.52,0.03,0.02,0.4,0.08,0.03,0.2,0.06,0.25,0.2,0.18,0.9,0.11,0.2,0.1,0.26,0.12,0.03,0.22,0.18,0.02,0.03,0.7,0.07,0.06,0.28,0.1,0.08,0.78,0.25,0.18,0.2,0.05,0.08,0.04,0.05,4,0.007207783937053246
2019-03-10,655784001,19.99,2,0.66,0.25,0.35,0.18,0.25,0.58,0.4,0.18,0.18,0.45,0.1,0.14,0.82,0.25,0.52,0.03,0.02,0.4,0.08,0.03,0.2,0.06,0.25,0.2,0.18,0.9,0.11,0.2,0.1,0.26,0.12,0.03,0.22,0.18,0.02,0.03,0.7,0.07,0.06,0.28,0.1,0.08,0.78,0.25,0.18,0.2,0.05,0.08,0.04,0.05,1,0.007207783937053246
2019-03-12,655784001,19.99,2,0.66,0.25,0.35,0.18,0.25,0.58,0.4,0.18,0.18,0.45,0.1,0.14,0.82,0.25,0.52,0.03,0.02,0.4,0.08,0.03,0.2,0.06,0.25,0.2,0.18,0.9,0.11,0.2,0.1,0.26,0.12,0.03,0.22,0.18,0.02,0.03,0.7,0.07,0.06,0.28,0.1,0.08,0.78,0.25,0.18,0.2,0.05,0.08,0.04,0.05,5,0.007207783937053246
2019-03-13,655784001,19.99,1,0.66,0.25,0.35,0.18,0.25,0.58,0.4,0.18,0.18,0.45,0.1,0.14,0.82,0.25,0.52,0.03,0.02,0.4,0.08,0.03,0.2,0.06,0.25,0.2,0.18,0.9,0.11,0.2,0.1,0.26,0.12,0.03,0.22,0.18,0.02,0.03,0.7,0.07,0.06,0.28,0.1,0.08,0.78,0.25,0.18,0.2,0.05,0.08,0.04,0.05,3,0.007207783937053246
2019-03-25,655784001,17.99,1,0.7,0.4,0.4,0.35,0.45,0.62,0.44,0.32,0.35,0.5,0.12,0.2,0.78,0.3,0.58,0.05,0.03,0.5,0.09,0.05,0.24,0.065,0.4,0.35,0.22,0.93,0.18,0.24,0.18,0.28,0.22,0.04,0.34,0.3,0.035,0.05,0.75,0.09,0.08,0.33,0.18,0.12,0.82,0.38,0.3,0.45,0.1,0.11,0.06,0.07,1,0.007431817162884184
2019-03-31,655784001,19.99,2,0.66,0.25,0.35,0.18,0.25,0.58,0.4,0.18,0.18,0.45,0.1,0.14,0.82,0.25,0.52,0.03,0.02,0.4,0.08,0.03,0.2,0.06,0.25,0.2,0.18,0.9,0.11,0.2,0.1,0.26,0.12,0.03,0.22,0.18,0.02,0.03,0.7,0.07,0.06,0.28,0.1,0.08,0.78,0.25,0.18,0.2,0.05,0.08,0.04,0.05,3,0.007207783937053246
2019-04-01,655784001,19.99,3,0.66,0.25,0.35,0.18,0.25,0.58,0.4,0.18,0.18,0.45,0.1,0.14,0.82,0.25,0.52,0.03,0.02,0.4,0.08,0.03,0.2,0.06,0.25,0.2,0.18,0.9,0.11,0.2,0.1,0.26,0.12,0.03,0.22,0.18,0.02,0.03,0.7,0.07,0.06,0.28,0.1,0.08,0.78,0.25,0.18,0.2,0.05,0.08,0.04,0.05,3,0.007207783937053246
2019-04-07,655784001,19.99,2,0.66,0.25,0.35,0.18,0.25,0.58,0.4,0.18,0.18,0.45,0.1,0.14,0.82,0.25,0.52,0.03,0.02,0.4,0.08,0.03,0.2,0.06,0.25,0.2,0.18,0.9,0.11,0.2,0.1,0.26,0.12,0.03,0.22,0.18,0.02,0.03,0.7,0.07,0.06,0.28,0.1,0.08,0.78,0.25,0.18,0.2,0.05,0.08,0.04,0.05,2,0.007207783937053246
2019-04-08,655784001,19.99,1,0.66,0.25,0.35,0.18,0.25,0.58,0.4,0.18,0.18,0.45,0.1,0.14,0.82,0.25,0.52,0.03,0.02,0.4,0.08,0.03,0.2,0.06,0.25,0.2,0.18,0.9,0.11,0.2,0.1,0.26,0.12,0.03,0.22,0.18,0.02,0.03,0.7,0.07,0.06,0.28,0.1,0.08,0.78,0.25,0.18,0.2,0.05,0.08,0.04,0.05,1,0.007207783937053246
2019-04-09,655784001,19.99,0,0.66,0.25,0.35,0.18,0.25,0.58,0.4,0.18,0.18,0.45,0.1,0.14,0.82,0.25,0.52,0.03,0.02,0.4,0.08,0.03,0.2,0.06,0.25,0.2,0.18,0.9,0.11,0.2,0.1,0.26,0.12,0.03,0.22,0.18,0.02,0.03,0.7,0.07,0.06,0.28,0.1,0.08,0.78,0.25,0.18,0.2,0.05,0.08,0.04,0.05,3,0.007207783937053246
2019-04-16,655784001,19.99,3,0.66,0.25,0.35,0.18,0.25,0.58,0.4,0.18,0.18,0.45,0.1,0.14,0.82,0.25,0.52,0.03,0.02,0.4,0.08,0.03,0.2,0.06,0.25,0.2,0.18,0.9,0.11,0.2,0.1,0.26,0.12,0.03,0.22,0.18,0.02,0.03,0.7,0.07,0.06,0.28,0.1,0.08,0.78,0.25,0.18,0.2,0.05,0.08,0.04,0.05,1,0.007207783937053246
2019-04-23,655784001,17.99,1,0.7,0.4,0.4,0.35,0.45,0.62,0.44,0.32,0.35,0.5,0.12,0.2,0.78,0.3,0.58,0.05,0.03,0.5,0.09,0.05,0.24,0.065,0.4,0.35,0.22,0.93,0.18,0.24,0.18,0.28,0.22,0.04,0.34,0.3,0.035,0.05,0.75,0.09,0.08,0.33,0.18,0.12,0.82,0.38,0.3,0.45,0.1,0.11,0.06,0.07,1,0.007431817162884184
2019-04-25,655784001,19.99,2,0.66,0.25,0.35,0.18,0.25,0.58,0.4,0.18,0.18,0.45,0.1,0.14,0.82,0.25,0.52,0.03,0.02,0.4,0.08,0.03,0.2,0.06,0.25,0.2,0.18,0.9,0.11,0.2,0.1,0.26,0.12,0.03,0.22,0.18,0.02,0.03,0.7,0.07,0.06,0.28,0.1,0.08,0.78,0.25,0.18,0.2,0.05,0.08,0.04,0.05,4,0.007207783937053246
2019-04-28,655784001,17.99,2,0.7,0.4,0.4,0.35,0.45,0.62,0.44,0.32,0.35,0.5,0.12,0.2,0.78,0.3,0.58,0.05,0.03,0.5,0.09,0.05,0.24,0.065,0.4,0.35,0.22,0.93,0.18,0.24,0.18,0.28,0.22,0.04,0.34,0.3,0.035,0.05,0.75,0.09,0.08,0.33,0.18,0.12,0.82,0.38,0.3,0.45,0.1,0.11,0.06,0.07,1,0.007431817162884184
2019-05-12,655784001,15.99,3,0.8,0.9,0.55,0.72,0.88,0.78,0.55,0.68,0.55,0.6,0.18,0.3,0.6,0.38,0.72,0.09,0.06,0.62,0.13,0.08,0.34,0.08,0.68,0.78,0.28,0.92,0.28,0.34,0.4,0.35,0.62,0.07,0.66,0.78,0.05,0.11,0.85,0.13,0.13,0.42,0.5,0.27,0.86,0.7,0.58,0.93,0.27,0.18,0.1,0.12,1,0.008012919030916634
2019-05-13,655784001,19.99,0,0.66,0.25,0.35,0.18,0.25,0.58,0.4,0.18,0.18,0.45,0.1,0.14,0.82,0.25,0.52,0.03,0.02,0.4,0.08,0.03,0.2,0.06,0.25,0.2,0.18,0.9,0.11,0.2,0.1,0.26,0.12,0.03,0.22,0.18,0.02,0.03,0.7,0.07,0.06,0.28,0.1,0.08,0.78,0.25,0.18,0.2,0.05,0.08,0.04,0.05,2,0.007207783937053246
2019-05-16,655784001,17.99,3,0.7,0.4,0.4,0.35,0.45,0.62,0.44,0.32,0.35,0.5,0.12,0.2,0.78,0.3,0.58,0.05,0.03,0.5,0.09,0.05,0.24,0.065,0.4,0.35,0.22,0.93,0.18,0.24,0.18,0.28,0.22,0.04,0.34,0.3,0.035,0.05,0.75,0.09,0.08,0.33,0.18,0.12,0.82,0.38,0.3,0.45,0.1,0.11,0.06,0.07,2,0.007431817162884184
2019-05-31,655784001,14.99,1,0.82,0.95,0.6,0.75,0.85,0.82,0.58,0.76,0.6,0.65,0.2,0.34,0.5,0.42,0.76,0.11,0.08,0.68,0.15,0.1,0.38,0.085,0.7,0.82,0.33,0.9,0.34,0.38,0.48,0.38,0.72,0.09,0.7,0.82,0.06,0.13,0.88,0.16,0.14,0.45,0.55,0.3,0.87,0.72,0.62,0.92,0.3,0.22,0.13,0.16,1,0.008265482914402383
2019-06-04,655784001,15.99,2,0.8,0.9,0.55,0.72,0.88,0.78,0.55,0.68,0.55,0.6,0.18,0.3,0.6,0.38,0.72,0.09,0.06,0.62,0.13,0.08,0.34,0.08,0.68,0.78,0.28,0.92,0.28,0.34,0.4,0.35,0.62,0.07,0.66,0.78,0.05,0.11,0.85,0.13,0.13,0.42,0.5,0.27,0.86,0.7,0.58,0.93,0.27,0.18,0.1,0.12,1,0.008012919030916634
2019-06-07,655784001,19.99,2,0.66,0.25,0.35,0.18,0.25,0.58,0.4,0.18,0.18,0.45,0.1,0.14,0.82,0.25,0.52,0.03,0.02,0.4,0.08,0.03,0.2,0.06,0.25,0.2,0.18,0.9,0.11,0.2,0.1,0.26,0.12,0.03,0.22,0.18,0.02,0.03,0.7,0.07,0.06,0.28,0.1,0.08,0.78,0.25,0.18,0.2,0.05,0.08,0.04,0.05,1,0.007207783937053246
2019-06-17,655784001,8.45,3,0.92,0.5,0.85,0.7,0.3,0.95,0.72,0.92,0.78,0.9,0.35,0.45,0.15,0.55,0.88,0.2,0.3,0.82,0.22,0.35,0.5,0.12,0.55,0.9,0.55,0.65,0.82,0.65,0.6,0.48,0.92,0.18,0.48,0.58,0.13,0.22,0.95,0.3,0.12,0.55,0.18,0.12,0.9,0.45,0.48,0.97,0.35,0.65,0.3,0.35,1,0.009304318145108816
2019-06-24,655784001,19.99,3,0.66,0.25,0.35,0.18,0.25,0.58,0.4,0.18,0.18,0.45,0.1,0.14,0.82,0.25,0.52,0.03,0.02,0.4,0.08,0.03,0.2,0.06,0.25,0.2,0.18,0.9,0.11,0.2,0.1,0.26,0.12,0.03,0.22,0.18,0.02,0.03,0.7,0.07,0.06,0.28,0.1,0.08,0.78,0.25,0.18,0.2,0.05,0.08,0.04,0.05,1,0.007207783937053246
2019-06-28,655784001,19.99,0,0.66,0.25,0.35,0.18,0.25,0.58,0.4,0.18,0.18,0.45,0.1,0.14,0.82,0.25,0.52,0.03,0.02,0.4,0.08,0.03,0.2,0.06,0.25,0.2,0.18,0.9,0.11,0.2,0.1,0.26,0.12,0.03,0.22,0.18,0.02,0.03,0.7,0.07,0.06,0.28,0.1,0.08,0.78,0.25,0.18,0.2,0.05,0.08,0.04,0.05,1,0.007207783937053246
2019-07-09,655784001,19.99,2,0.66,0.25,0.35,0.18,0.25,0.58,0.4,0.18,0.18,0.45,0.1,0.14,0.82,0.25,0.52,0.03,0.02,0.4,0.08,0.03,0.2,0.06,0.25,0.2,0.18,0.9,0.11,0.2,0.1,0.26,0.12,0.03,0.22,0.18,0.02,0.03,0.7,0.07,0.06,0.28,0.1,0.08,0.78,0.25,0.18,0.2,0.05,0.08,0.04,0.05,1,0.007207783937053246
2019-07-13,655784001,16.51,0,0.78,0.75,0.5,0.65,0.8,0.72,0.53,0.62,0.48,0.58,0.16,0.28,0.65,0.35,0.68,0.08,0.05,0.58,0.12,0.07,0.32,0.075,0.6,0.6,0.26,0.93,0.25,0.31,0.32,0.33,0.5,0.06,0.62,0.6,0.045,0.09,0.82,0.12,0.11,0.4,0.36,0.2,0.85,0.62,0.5,0.89,0.2,0.15,0.08,0.1,1,0.007870943430592778
2019-07-20,655784001,17.13,1,0.74,0.55,0.45,0.5,0.6,0.68,0.48,0.45,0.44,0.55,0.14,0.25,0.7,0.32,0.63,0.06,0.04,0.55,0.1,0.06,0.28,0.068,0.5,0.5,0.24,0.94,0.22,0.28,0.25,0.3,0.3,0.05,0.45,0.42,0.04,0.06,0.78,0.1,0.09,0.38,0.25,0.16,0.83,0.5,0.38,0.7,0.15,0.13,0.07,0.08,1,0.007610436181472062
2019-08-04,655784001,19.99,1,0.66,0.25,0.35,0.18,0.25,0.58,0.4,0.18,0.18,0.45,0.1,0.14,0.82,0.25,0.52,0.03,0.02,0.4,0.08,0.03,0.2,0.06,0.25,0.2,0.18,0.9,0.11,0.2,0.1,0.26,0.12,0.03,0.22,0.18,0.02,0.03,0.7,0.07,0.06,0.28,0.1,0.08,0.78,0.25,0.18,0.2,0.05,0.08,0.04,0.05,1,0.007207783937053246
2019-08-10,655784001,16.99,0,0.76,0.6,0.47,0.55,0.65,0.7,0.5,0.5,0.45,0.56,0.15,0.26,0.68,0.33,0.65,0.07,0.04,0.56,0.11,0.06,0.3,0.07,0.55,0.55,0.25,0.94,0.23,0.29,0.28,0.31,0.35,0.05,0.5,0.48,0.04,0.07,0.8,0.11,0.1,0.39,0.28,0.18,0.84,0.55,0.42,0.8,0.17,0.14,0.07,0.09,1,0.007727658699515274
2019-08-25,655784001,17.99,2,0.7,0.4,0.4,0.35,0.45,0.62,0.44,0.32,0.35,0.5,0.12,0.2,0.78,0.3,0.58,0.05,0.03,0.5,0.09,0.05,0.24,0.065,0.4,0.35,0.22,0.93,0.18,0.24,0.18,0.28,0.22,0.04,0.34,0.3,0.035,0.05,0.75,0.09,0.08,0.33,0.18,0.12,0.82,0.38,0.3,0.45,0.1,0.11,0.06,0.07,1,0.007431817162884184
2019-09-02,655784001,19.99,2,0.66,0.25,0.35,0.18,0.25,0.58,0.4,0.18,0.18,0.45,0.1,0.14,0.82,0.25,0.52,0.03,0.02,0.4,0.08,0.03,0.2,0.06,0.25,0.2,0.18,0.9,0.11,0.2,0.1,0.26,0.12,0.03,0.22,0.18,0.02,0.03,0.7,0.07,0.06,0.28,0.1,0.08,0.78,0.25,0.18,0.2,0.05,0.08,0.04,0.05,4,0.007207783937053246
2019-09-03,655784001,19.99,2,0.66,0.25,0.35,0.18,0.25,0.58,0.4,0.18,0.18,0.45,0.1,0.14,0.82,0.25,0.52,0.03,0.02,0.4,0.08,0.03,0.2,0.06,0.25,0.2,0.18,0.9,0.11,0.2,0.1,0.26,0.12,0.03,0.22,0.18,0.02,0.03,0.7,0.07,0.06,0.28,0.1,0.08,0.78,0.25,0.18,0.2,0.05,0.08,0.04,0.05,3,0.007207783937053246
