outputs/pricing/split_003/frac_0p5/synthetic_d2_train.csv
date,article_id,offer_price,demand,P001,P002,P003,P004,P005,P006,P007,P008,P009,P010,P011,P012,P013,P014,P015,P016,P017,P018,P019,P020,P021,P022,P023,P024,P025,P026,P027,P028,P029,P030,P031,P032,P033,P034,P035,P036,P037,P038,P039,P040,P041,P042,P043,P044,P045,P046,P047,P048,P049,P050,observed_demand,ground_truth_purchase_prob
2018-09-27,660308002,13.49,3,0.85,0.78,0.1,0.34,0.78,0.7,0.28,0.55,0.13,0.28,0.1,0.06,0.12,0.12,0.33,0.03,0.3,0.63,0.07,0.03,0.05,0.045,0.54,0.68,0.17,0.6,0.45,0.26,0.3,0.3,0.86,0.03,0.42,0.12,0.06,0.16,0.42,0.05,0.09,0.28,0.12,0.06,0.68,0.55,0.24,0.68,0.07,0.4,0.05,0.05,2,0.0069037818524324765
2018-09-30,660308002,14.99,1,0.8,0.76,0.08,0.3,0.75,0.6,0.25,0.52,0.12,0.2,0.08,0.05,0.1,0.1,0.25,0.02,0.15,0.57,0.06,0.02,0.04,0.04,0.52,0.65,0.12,0.55,0.3,0.22,0.32,0.22,0.88,0.02,0.36,0.1,0.04,0.22,0.32,0.04,0.15,0.2,0.1,0.05,0.6,0.6,0.2,0.6,0.06,0.21,0.03,0.04,4,0.006592037248068564
2018-10-06,660308002,14.99,2,0.8,0.76,0.08,0.3,0.75,0.6,0.25,0.52,0.12,0.2,0.08,0.05,0.1,0.1,0.25,0.02,0.15,0.57,0.06,0.02,0.04,0.04,0.52,0.65,0.12,0.55,0.3,0.22,0.32,0.22,0.88,0.02,0.36,0.1,0.04,0.22,0.32,0.04,0.15,0.2,0.1,0.05,0.6,0.6,0.2,0.6,0.06,0.21,0.03,0.04,4,0.006592037248068564
2018-10-16,660308002,11.99,2,0.9,0.83,0.14,0.38,0.82,0.86,0.33,0.6,0.16,0.42,0.17,0.09,0.16,0.18,0.5,0.06,0.68,0.74,0.09,0.06,0.07,0.055,0.58,0.75,0.24,0.68,0.92,0.35,0.18,0.38,0.82,0.05,0.5,0.2,0.09,0.08,0.55,0.07,0.12,0.42,0.16,0.08,0.75,0.45,0.33,0.75,0.09,0.57,0.1,0.09,1,0.007347845800060393
2018-10-17,660308002,14.99,3,0.8,0.76,0.08,0.3,0.75,0.6,0.25,0.52,0.12,0.2,0.08,0.05,0.1,0.1,0.25,0.02,0.15,0.57,0.06,0.02,0.04,0.04,0.52,0.65,0.12,0.55,0.3,0.22,0.32,0.22,0.88,0.02,0.36,0.1,0.04,0.22,0.32,0.04,0.15,0.2,0.1,0.05,0.6,0.6,0.2,0.6,0.06,0.21,0.03,0.04,2,0.006592037248068564
2018-10-18,660308002,13.49,1,0.85,0.78,0.1,0.34,0.78,0.7,0.28,0.55,0.13,0.28,0.1,0.06,0.12,0.12,0.33,0.03,0.3,0.63,0.07,0.03,0.05,0.045,0.54,0.68,0.17,0.6,0.45,0.26,0.3,0.3,0.86,0.03,0.42,0.12,0.06,0.16,0.42,0.05,0.09,0.28,0.12,0.06,0.68,0.55,0.24,0.68,0.07,0.4,0.05,0.05,1,0.0069037818524324765
2018-10-21,660308002,12.74,2,0.88,0.8,0.12,0.36,0.8,0.8,0.3,0.58,0.14,0.35,0.14,0.07,0.14,0.15,0.42,0.04,0.5,0.7,0.08,0.04,0.06,0.05,0.56,0.72,0.2,0.64,0.6,0.3,0.22,0.36,0.84,0.04,0.47,0.15,0.07,0.11,0.5,0.06,0.1,0.35,0.14,0.07,0.72,0.5,0.28,0.72,0.08,0.49,0.07,0.06,1,0.007130348680636436
2018-10-23,660308002,14.99,1,0.8,0.76,0.08,0.3,0.75,0.6,0.25,0.52,0.12,0.2,0.08,0.05,0.1,0.1,0.25,0.02,0.15,0.57,0.06,0.02,0.04,0.04,0.52,0.65,0.12,0.55,0.3,0.22,0.32,0.22,0.88,0.02,0.36,0.1,0.04,0.22,0.32,0.04,0.15,0.2,0.1,0.05,0.6,0.6,0.2,0.6,0.06,0.21,0.03,0.04,3,0.006592037248068564
2018-10-24,660308002,14.99,2,0.8,0.76,0.08,0.3,0.75,0.6,0.25,0.52,0.12,0.2,0.08,0.05,0.1,0.1,0.25,0.02,0.15,0.57,0.06,0.02,0.04,0.04,0.52,0.65,0.12,0.55,0.3,0.22,0.32,0.22,0.88,0.02,0.36,0.1,0.04,0.22,0.32,0.04,0.15,0.2,0.1,0.05,0.6,0.6,0.2,0.6,0.06,0.21,0.03,0.04,1,0.006592037248068564
2018-10-28,660308002,14.99,2,0.8,0.76,0.08,0.3,0.75,0.6,0.25,0.52,0.12,0.2,0.08,0.05,0.1,0.1,0.25,0.02,0.15,0.57,0.06,0.02,0.04,0.04,0.52,0.65,0.12,0.55,0.3,0.22,0.32,0.22,0.88,0.02,0.36,0.1,0.04,0.22,0.32,0.04,0.15,0.2,0.1,0.05,0.6,0.6,0.2,0.6,0.06,0.21,0.03,0.04,1,0.006592037248068564
2018-10-31,660308002,14.99,1,0.8,0.76,0.08,0.3,0.75,0.6,0.25,0.52,0.12,0.2,0.08,0.05,0.1,0.1,0.25,0.02,0.15,0.57,0.06,0.02,0.04,0.04,0.52,0.65,0.12,0.55,0.3,0.22,0.32,0.22,0.88,0.02,0.36,0.1,0.04,0.22,0.32,0.04,0.15,0.2,0.1,0.05,0.6,0.6,0.2,0.6,0.06,0.21,0.03,0.04,1,0.006592037248068564
2018-11-06,660308002,14.99,1,0.8,0.76,0.08,0.3,0.75,0.6,0.25,0.52,0.12,0.2,0.08,0.05,0.1,0.1,0.25,0.02,0.15,0.57,0.06,0.02,0.04,0.04,0.52,0.65,0.12,0.55,0.3,0.22,0.32,0.22,0.88,0.02,0.36,0.1,0.04,0.22,0.32,0.04,0.15,0.2,0.1,0.05,0.6,0.6,0.2,0.6,0.06,0.21,0.03,0.04,1,0.006592037248068564
2018-11-10,660308002,14.99,1,0.8,0.76,0.08,0.3,0.75,0.6,0.25,0.52,0.12,0.2,0.08,0.05,0.1,0.1,0.25,0.02,0.15,0.57,0.06,0.02,0.04,0.04,0.52,0.65,0.12,0.55,0.3,0.22,0.32,0.22,0.88,0.02,0.36,0.1,0.04,0.22,0.32,0.04,0.15,0.2,0.1,0.05,0.6,0.6,0.2,0.6,0.06,0.21,0.03,0.04,1,0.006592037248068564
2018-11-17,660308002,14.99,1,0.8,0.76,0.08,0.3,0.75,0.6,0.25,0.52,0.12,0.2,0.08,0.05,0.1,0.1,0.25,0.02,0.15,0.57,0.06,0.02,0.04,0.04,0.52,0.65,0.12,0.55,0.3,0.22,0.32,0.22,0.88,0.02,0.36,0.1,0.04,0.22,0.32,0.04,0.15,0.2,0.1,0.05,0.6,0.6,0.2,0.6,0.06,0.21,0.03,0.04,1,0.006592037248068564
2018-12-02,660308002,14.99,0,0.8,0.76,0.08,0.3,0.75,0.6,0.25,0.52,0.12,0.2,0.08,0.05,0.1,0.1,0.25,0.02,0.15,0.57,0.06,0.02,0.04,0.04,0.52,0.65,0.12,0.55,0.3,0.22,0.32,0.22,0.88,0.02,0.36,0.1,0.04,0.22,0.32,0.04,0.15,0.2,0.1,0.05,0.6,0.6,0.2,0.6,0.06,0.21,0.03,0.04,1,0.006592037248068564
2018-12-04,660308002,14.99,3,0.8,0.76,0.08,0.3,0.75,0.6,0.25,0.52,0.12,0.2,0.08,0.05,0.1,0.1,0.25,0.02,0.15,0.57,0.06,0.02,0.04,0.04,0.52,0.65,0.12,0.55,0.3,0.22,0.32,0.22,0.88,0.02,0.36,0.1,0.04,0.22,0.32,0.04,0.15,0.2,0.1,0.05,0.6,0.6,0.2,0.6,0.06,0.21,0.03,0.04,1,0.006592037248068564
2018-12-08,660308002,14.99,1,0.8,0.76,0.08,0.3,0.75,0.6,0.25,0.52,0.12,0.2,0.08,0.05,0.1,0.1,0.25,0.02,0.15,0.57,0.06,0.02,0.04,0.04,0.52,0.65,0.12,0.55,0.3,0.22,0.32,0.22,0.88,0.02,0.36,0.1,0.04,0.22,0.32,0.04,0.15,0.2,0.1,0.05,0.6,0.6,0.2,0.6,0.06,0.21,0.03,0.04,1,0.006592037248068564
2018-12-14,660308002,14.99,2,0.8,0.76,0.08,0.3,0.75,0.6,0.25,0.52,0.12,0.2,0.08,0.05,0.1,0.1,0.25,0.02,0.15,0.57,0.06,0.02,0.04,0.04,0.52,0.65,0.12,0.55,0.3,0.22,0.32,0.22,0.88,0.02,0.36,0.1,0.04,0.22,0.32,0.04,0.15,0.2,0.1,0.05,0.6,0.6,0.2,0.6,0.06,0.21,0.03,0.04,2,0.006592037248068564
2018-12-15,660308002,14.99,4,0.8,0.76,0.08,0.3,0.75,0.6,0.25,0.52,0.12,0.2,0.08,0.05,0.1,0.1,0.25,0.02,0.15,0.57,0.06,0.02,0.04,0.04,0.52,0.65,0.12,0.55,0.3,0.22,0.32,0.22,0.88,0.02,0.36,0.1,0.04,0.22,0.32,0.04,0.15,0.2,0.1,0.05,0.6,0.6,0.2,0.6,0.06,0.21,0.03,0.04,1,0.006592037248068564
2018-12-21,660308002,14.99,1,0.8,0.76,0.08,0.3,0.75,0.6,0.25,0.52,0.12,0.2,0.08,0.05,0.1,0.1,0.25,0.02,0.15,0.57,0.06,0.02,0.04,0.04,0.52,0.65,0.12,0.55,0.3,0.22,0.32,0.22,0.88,0.02,0.36,0.1,0.04,0.22,0.32,0.04,0.15,0.2,0.1,0.05,0.6,0.6,0.2,0.6,0.06,0.21,0.03,0.04,2,0.006592037248068564
2018-12-28,660308002,11.24,1,0.92,0.86,0.15,0.4,0.83,0.88,0.35,0.62,0.18,0.45,0.18,0.1,0.18,0.2,0.55,0.11,0.7,0.76,0.1,0.07,0.08,0.06,0.6,0.78,0.25,0.7,0.95,0.38,0.2,0.3,0.8,0.06,0.52,0.25,0.1,0.06,0.6,0.08,0.14,0.45,0.18,0.1,0.78,0.42,0.36,0.78,0.1,0.63,0.12,0.1,1,0.007439807863548345
2018-12-31,660308002,14.99,2,0.8,0.76,0.08,0.3,0.75,0.6,0.25,0.52,0.12,0.2,0.08,0.05,0.1,0.1,0.25,0.02,0.15,0.57,0.06,0.02,0.04,0.04,0.52,0.65,0.12,0.55,0.3,0.22,0.32,0.22,0.88,0.02,0.36,0.1,0.04,0.22,0.32,0.04,0.15,0.2,0.1,0.05,0.6,0.6,0.2,0.6,0.06,0.21,0.03,0.04,1,0.006592037248068564
2019-01-03,660308002,14.99,2,0.8,0.76,0.08,0.3,0.75,0.6,0.25,0.52,0.12,0.2,0.08,0.05,0.1,0.1,0.25,0.02,0.15,0.57,0.06,0.02,0.04,0.04,0.52,0.65,0.12,0.55,0.3,0.22,0.32,0.22,0.88,0.02,0.36,0.1,0.04,0.22,0.32,0.04,0.15,0.2,0.1,0.05,0.6,0.6,0.2,0.6,0.06,0.21,0.03,0.04,3,0.006592037248068564
2019-01-04,660308002,14.99,2,0.8,0.76,0.08,0.3,0.75,0.6,0.25,0.52,0.12,0.2,0.08,0.05,0.1,0.1,0.25,0.02,0.15,0.57,0.06,0.02,0.04,0.04,0.52,0.65,0.12,0.55,0.3,0.22,0.32,0.22,0.88,0.02,0.36,0.1,0.04,0.22,0.32,0.04,0.15,0.2,0.1,0.05,0.6,0.6,0.2,0.6,0.06,0.21,0.03,0.04,2,0.006592037248068564
2019-01-06,660308002,14.99,2,0.8,0.76,0.08,0.3,0.75,0.6,0.25,0.52,0.12,0.2,0.08,0.05,0.1,0.1,0.25,0.02,0.15,0.57,0.06,0.02,0.04,0.04,0.52,0.65,0.12,0.55,0.3,0.22,0.32,0.22,0.88,0.02,0.36,0.1,0.04,0.22,0.32,0.04,0.15,0.2,0.1,0.05,0.6,0.6,0.2,0.6,0.06,0.21,0.03,0.04,1,0.006592037248068564
2019-01-09,660308002,14.99,1,0.8,0.76,0.08,0.3,0.75,0.6,0.25,0.52,0.12,0.2,0.08,0.05,0.1,0.1,0.25,0.02,0.15,0.57,0.06,0.02,0.04,0.04,0.52,0.65,0.12,0.55,0.3,0.22,0.32,0.22,0.88,0.02,0.36,0.1,0.04,0.22,0.32,0.04,0.15,0.2,0.1,0.05,0.6,0.6,0.2,0.6,0.06,0.21,0.03,0.04,1,0.006592037248068564
2019-01-19,660308002,14.99,0,0.8,0.76,0.08,0.3,0.75,0.6,0.25,0.52,0.12,0.2,0.08,0.05,0.1,0.1,0.25,0.02,0.15,0.57,0.06,0.02,0.04,0.04,0.52,0.65,0.12,0.55,0.3,0.22,0.32,0.22,0.88,0.02,0.36,0.1,0.04,0.22,0.32,0.04,0.15,0.2,0.1,0.05,0.6,0.6,0.2,0.6,0.06,0.21,0.03,0.04,1,0.006592037248068564
2019-01-22,660308002,14.99,3,0.8,0.76,0.08,0.3,0.75,0.6,0.25,0.52,0.12,0.2,0.08,0.05,0.1,0.1,0.25,0.02,0.15,0.57,0.06,0.02,0.04,0.04,0.52,0.65,0.12,0.55,0.3,0.22,0.32,0.22,0.88,0.02,0.36,0.1,0.04,0.22,0.32,0.04,0.15,0.2,0.1,0.05,0.6,0.6,0.2,0.6,0.06,0.21,0.03,0.04,1,0.006592037248068564
2019-01-23,660308002,13.49,1,0.85,0.78,0.1,0.34,0.78,0.7,0.28,0.55,0.13,0.28,0.1,0.06,0.12,0.12,0.33,0.03,0.3,0.63,0.07,0.03,0.05,0.045,0.54,0.68,0.17,0.6,0.45,0.26,0.3,0.3,0.86,0.03,0.42,0.12,0.06,0.16,0.42,0.05,0.09,0.28,0.12,0.06,0.68,0.55,0.24,0.68,0.07,0.4,0.05,0.05,1,0.0069037818524324765
2019-01-31,660308002,14.99,3,0.8,0.76,0.08,0.3,0.75,0.6,0.25,0.52,0.12,0.2,0.08,0.05,0.1,0.1,0.25,0.02,0.15,0.57,0.06,0.02,0.04,0.04,0.52,0.65,0.12,0.55,0.3,0.22,0.32,0.22,0.88,0.02,0.36,0.1,0.04,0.22,0.32,0.04,0.15,0.2,0.1,0.05,0.6,0.6,0.2,0.6,0.06,0.21,0.03,0.04,1,0.006592037248068564
2019-02-01,660308002,14.99,1,0.8,0.76,0.08,0.3,0.75,0.6,0.25,0.52,0.12,0.2,0.08,0.05,0.1,0.1,0.25,0.02,0.15,0.57,0.06,0.02,0.04,0.04,0.52,0.65,0.12,0.55,0.3,0.22,0.32,0.22,0.88,0.02,0.36,0.1,0.04,0.22,0.32,0.04,0.15,0.2,0.1,0.05,0.6,0.6,0.2,0.6,0.06,0.21,0.03,0.04,2,0.006592037248068564
2019-02-24,660308002,14.99,0,0.8,0.76,0.08,0.3,0.75,0.6,0.25,0.52,0.12,0.2,0.08,0.05,0.1,0.1,0.25,0.02,0.15,0.57,0.06,0.02,0.04,0.04,0.52,0.65,0.12,0.55,0.3,0.22,0.32,0.22,0.88,0.02,0.36,0.1,0.04,0.22,0.32,0.04,0.15,0.2,0.1,0.05,0.6,0.6,0.2,0.6,0.06,0.21,0.03,0.04,1,0.006592037248068564
2019-02-25,660308002,14.99,1,0.8,0.76,0.08,0.3,0.75,0.6,0.25,0.52,0.12,0.2,0.08,0.05,0.1,0.1,0.25,0.02,0.15,0.57,0.06,0.02,0.04,0.04,0.52,0.65,0.12,0.55,0.3,0.22,0.32,0.22,0.88,0.02,0.36,0.1,0.04,0.22,0.32,0.04,0.15,0.2,0.1,0.05,0.6,0.6,0.2,0.6,0.06,0.21,0.03,0.04,3,0.006592037248068564
2019-03-05,660308002,14.99,0,0.8,0.76,0.08,0.3,0.75,0.6,0.25,0.52,0.12,0.2,0.08,0.05,0.1,0.1,0.25,0.02,0.15,0.57,0.06,0.02,0.04,0.04,0.52,0.65,0.12,0.55,0.3,0.22,0.32,0.22,0.88,0.02,0.36,0.1,0.04,0.22,0.32,0.04,0.15,0.2,0.1,0.05,0.6,0.6,0.2,0.6,0.06,0.21,0.03,0.04,1,0.006592037248068564
2019-03-27,660308002,14.99,2,0.8,0.76,0.08,0.3,0.75,0.6,0.25,0.52,0.12,0.2,0.08,0.05,0.1,0.1,0.25,0.02,0.15,0.57,0.06,0.02,0.04,0.04,0.52,0.65,0.12,0.55,0.3,0.22,0.32,0.22,0.88,0.02,0.36,0.1,0.04,0.22,0.32,0.04,0.15,0.2,0.1,0.05,0.6,0.6,0.2,0.6,0.06,0.21,0.03,0.04,2,0.006592037248068564
2019-03-31,660308002,14.99,1,0.8,0.76,0.08,0.3,0.75,0.6,0.25,0.52,0.12,0.2,0.08,0.05,0.1,0.1,0.25,0.02,0.15,0.57,0.06,0.02,0.04,0.04,0.52,0.65,0.12,0.55,0.3,0.22,0.32,0.22,0.88,0.02,0.36,0.1,0.04,0.22,0.32,0.04,0.15,0.2,0.1,0.05,0.6,0.6,0.2,0.6,0.06,0.21,0.03,0.04,2,0.006592037248068564
2019-04-01,660308002,14.99,3,0.8,0.76,0.08,0.3,0.75,0.6,0.25,0.52,0.12,0.2,0.08,0.05,0.1,0.1,0.25,0.02,0.15,0.57,0.06,0.02,0.04,0.04,0.52,0.65,0.12,0.55,0.3,0.22,0.32,0.22,0.88,0.02,0.36,0.1,0.04,0.22,0.32,0.04,0.15,0.2,0.1,0.05,0.6,0.6,0.2,0.6,0.06,0.21,0.03,0.04,1,0.006592037248068564
2019-04-11,660308002,14.99,0,0.8,0.76,0.08,0.3,0.75,0.6,0.25,0.52,0.12,0.2,0.08,0.05,0.1,0.1,0.25,0.02,0.15,0.57,0.06,0.02,0.04,0.04,0.52,0.65,0.12,0.55,0.3,0.22,0.32,0.22,0.88,0.02,0.36,0.1,0.04,0.22,0.32,0.04,0.15,0.2,0.1,0.05,0.6,0.6,0.2,0.6,0.06,0.21,0.03,0.04,1,0.006592037248068564
2019-04-20,660308002,14.99,2,0.8,0.76,0.08,0.3,0.75,0.6,0.25,0.52,0.12,0.2,0.08,0.05,0.1,0.1,0.25,0.02,0.15,0.57,0.06,0.02,0.04,0.04,0.52,0.65,0.12,0.55,0.3,0.22,0.32,0.22,0.88,0.02,0.36,0.1,0.04,0.22,0.32,0.04,0.15,0.2,0.1,0.05,0.6,0.6,0.2,0.6,0.06,0.21,0.03,0.04,2,0.006592037248068564
2019-05-05,660308002,14.99,1,0.8,0.76,0.08,0.3,0.75,0.6,0.25,0.52,0.12,0.2,0.08,0.05,0.1,0.1,0.25,0.02,0.15,0.57,0.06,0.02,0.04,0.04,0.52,0.65,0.12,0.55,0.3,0.22,0.32,0.22,0.88,0.02,0.36,0.1,0.04,0.22,0.32,0.04,0.15,0.2,0.1,0.05,0.6,0.6,0.2,0.6,0.06,0.21,0.03,0.04,1,0.006592037248068564
2019-05-08,660308002,14.99,0,0.8,0.76,0.08,0.3,0.75,0.6,0.25,0.52,0.12,0.2,0.08,0.05,0.1,0.1,0.25,0.02,0.15,0.57,0.06,0.02,0.04,0.04,0.52,0.65,0.12,0.55,0.3,0.22,0.32,0.22,0.88,0.02,0.36,0.1,0.04,0.22,0.32,0.04,0.15,0.2,0.1,0.05,0.6,0.6,0.2,0.6,0.06,0.21,0.03,0.04,1,0.006592037248068564
2019-05-11,660308002,14.99,2,0.8,0.76,0.08,0.3,0.75,0.6,0.25,0.52,0.12,0.2,0.08,0.05,0.1,0.1,0.25,0.02,0.15,0.57,0.06,0.02,0.04,0.04,0.52,0.65,0.12,0.55,0.3,0.22,0.32,0.22,0.88,0.02,0.36,0.1,0.04,0.22,0.32,0.04,0.15,0.2,0.1,0.05,0.6,0.6,0.2,0.6,0.06,0.21,0.03,0.04,1,0.006592037248068564
2019-05-16,660308002,14.99,2,0.8,0.76,0.08,0.3,0.75,0.6,0.25,0.52,0.12,0.2,0.08,0.05,0.1,0.1,0.25,0.02,0.15,0.57,0.06,0.02,0.04,0.04,0.52,0.65,0.12,0.55,0.3,0.22,0.32,0.22,0.88,0.02,0.36,0.1,0.04,0.22,0.32,0.04,0.15,0.2,0.1,0.05,0.6,0.6,0.2,0.6,0.06,0.21,0.03,0.04,2,0.006592037248068564
2019-05-20,660308002,14.99,0,0.8,0.76,0.08,0.3,0.75,0.6,0.25,0.52,0.12,0.2,0.08,0.05,0.1,0.1,0.25,0.02,0.15,0.57,0.06,0.02,0.04,0.04,0.52,0.65,0.12,0.55,0.3,0.22,0.32,0.22,0.88,0.02,0.36,0.1,0.04,0.22,0.32,0.04,0.15,0.2,0.1,0.05,0.6,0.6,0.2,0.6,0.06,0.21,0.03,0.04,1,0.006592037248068564
2019-05-21,660308002,14.99,0,0.8,0.76,0.08,0.3,0.75,0.6,0.25,0.52,0.12,0.2,0.08,0.05,0.1,0.1,0.25,0.02,0.15,0.57,0.06,0.02,0.04,0.04,0.52,0.65,0.12,0.55,0.3,0.22,0.32,0.22,0.88,0.02,0.36,0.1,0.04,0.22,0.32,0.04,0.15,0.2,0.1,0.05,0.6,0.6,0.2,0.6,0.06,0.21,0.03,0.04,1,0.006592037248068564
2019-05-22,660308002,14.99,1,0.8,0.76,0.08,0.3,0.75,0.6,0.25,0.52,0.12,0.2,0.08,0.05,0.1,0.1,0.25,0.02,0.15,0.57,0.06,0.02,0.04,0.04,0.52,0.65,0.12,0.55,0.3,0.22,0.32,0.22,0.88,0.02,0.36,0.1,0.04,0.22,0.32,0.04,0.15,0.2,0.1,0.05,0.6,0.6,0.2,0.6,0.06,0.21,0.03,0.04,1,0.006592037248068564
2019-05-25,660308002,14.99,1,0.8,0.76,0.08,0.3,0.75,0.6,0.25,0.52,0.12,0.2,0.08,0.05,0.1,0.1,0.25,0.02,0.15,0.57,0.06,0.02,0.04,0.04,0.52,0.65,0.12,0.55,0.3,0.22,0.32,0.22,0.88,0.02,0.36,0.1,0.04,0.22,0.32,0.04,0.15,0.2,0.1,0.05,0.6,0.6,0.2,0.6,0.06,0.21,0.03,0.04,1,0.006592037248068564
2019-06-01,660308002,11.24,0,0.92,0.86,0.15,0.4,0.83,0.88,0.35,0.62,0.18,0.45,0.18,0.1,0.18,0.2,0.55,0.11,0.7,0.76,0.1,0.07,0.08,0.06,0.6,0.78,0.25,0.7,0.95,0.38,0.2,0.3,0.8,0.06,0.52,0.25,0.1,0.06,0.6,0.08,0.14,0.45,0.18,0.1,0.78,0.42,0.36,0.78,0.1,0.63,0.12,0.1,2,0.007439807863548345
2019-06-07,660308002,14.99,1,0.8,0.76,0.08,0.3,0.75,0.6,0.25,0.52,0.12,0.2,0.08,0.05,0.1,0.1,0.25,0.02,0.15,0.57,0.06,0.02,0.04,0.04,0.52,0.65,0.12,0.55,0.3,0.22,0.32,0.22,0.88,0.02,0.36,0.1,0.04,0.22,0.32,0.04,0.15,0.2,0.1,0.05,0.6,0.6,0.2,0.6,0.06,0.21,0.03,0.04,1,0.006592037248068564
2019-06-24,660308002,8.99,1,0.95,0.9,0.22,0.5,0.85,0.92,0.42,0.7,0.26,0.62,0.28,0.16,0.22,0.28,0.68,0.16,0.55,0.83,0.12,0.1,0.1,0.08,0.65,0.85,0.35,0.78,0.7,0.48,0.26,0.18,0.78,0.08,0.62,0.35,0.07,0.05,0.7,0.12,0.22,0.55,0.3,0.14,0.84,0.35,0.48,0.82,0.14,0.57,0.15,0.12,1,0.007810887148076083
2019-06-29,660308002,8.99,2,0.95,0.9,0.22,0.5,0.85,0.92,0.42,0.7,0.26,0.62,0.28,0.16,0.22,0.28,0.68,0.16,0.55,0.83,0.12,0.1,0.1,0.08,0.65,0.85,0.35,0.78,0.7,0.48,0.26,0.18,0.78,0.08,0.62,0.35,0.07,0.05,0.7,0.12,0.22,0.55,0.3,0.14,0.84,0.35,0.48,0.82,0.14,0.57,0.15,0.12,3,0.007810887148076083
2019-07-05,660308002,8.99,1,0.95,0.9,0.22,0.5,0.85,0.92,0.42,0.7,0.26,0.62,0.28,0.16,0.22,0.28,0.68,0.16,0.55,0.83,0.12,0.1,0.1,0.08,0.65,0.85,0.35,0.78,0.7,0.48,0.26,0.18,0.78,0.08,0.62,0.35,0.07,0.05,0.7,0.12,0.22,0.55,0.3,0.14,0.84,0.35,0.48,0.82,0.14,0.57,0.15,0.12,2,0.007810887148076083
2019-07-12,660308002,4.99,1,0.98,0.97,0.38,0.7,0.89,0.97,0.53,0.82,0.38,0.88,0.42,0.28,0.33,0.43,0.88,0.07,0.12,0.94,0.18,0.22,0.14,0.11,0.78,0.93,0.52,0.88,0.83,0.6,0.38,0.06,0.72,0.13,0.72,0.55,0.07,0.03,0.88,0.22,0.33,0.72,0.55,0.24,0.93,0.22,0.72,0.88,0.26,0.12,0.28,0.28,1,0.008530334282790038
2019-07-24,660308002,7.19,3,0.96,0.92,0.28,0.58,0.87,0.94,0.47,0.75,0.31,0.75,0.33,0.2,0.27,0.34,0.78,0.1,0.35,0.88,0.14,0.14,0.12,0.09,0.7,0.88,0.42,0.82,0.76,0.53,0.3,0.14,0.76,0.1,0.66,0.4,0.06,0.04,0.78,0.16,0.26,0.62,0.4,0.18,0.88,0.3,0.58,0.85,0.18,0.35,0.2,0.18,1,0.008101979785079465
2019-07-31,660308002,8.99,1,0.95,0.9,0.22,0.5,0.85,0.92,0.42,0.7,0.26,0.62,0.28,0.16,0.22,0.28,0.68,0.16,0.55,0.83,0.12,0.1,0.1,0.08,0.65,0.85,0.35,0.78,0.7,0.48,0.26,0.18,0.78,0.08,0.62,0.35,0.07,0.05,0.7,0.12,0.22,0.55,0.3,0.14,0.84,0.35,0.48,0.82,0.14,0.57,0.15,0.12,1,0.007810887148076083
2019-08-09,660308002,8.99,1,0.95,0.9,0.22,0.5,0.85,0.92,0.42,0.7,0.26,0.62,0.28,0.16,0.22,0.28,0.68,0.16,0.55,0.83,0.12,0.1,0.1,0.08,0.65,0.85,0.35,0.78,0.7,0.48,0.26,0.18,0.78,0.08,0.62,0.35,0.07,0.05,0.7,0.12,0.22,0.55,0.3,0.14,0.84,0.35,0.48,0.82,0.14,0.57,0.15,0.12,2,0.007810887148076083
