outputs/pricing/split_003/frac_0p5/synthetic_d2_train.csv
date,article_id,offer_price,demand,P001,P002,P003,P004,P005,P006,P007,P008,P009,P010,P011,P012,P013,P014,P015,P016,P017,P018,P019,P020,P021,P022,P023,P024,P025,P026,P027,P028,P029,P030,P031,P032,P033,P034,P035,P036,P037,P038,P039,P040,P041,P042,P043,P044,P045,P046,P047,P048,P049,P050,observed_demand,ground_truth_purchase_prob
2018-10-04,661306005,9.99,0,0.7,0.3,0.12,0.08,0.62,0.5,0.22,0.6,0.18,0.65,0.18,0.12,0.5,0.3,0.4,0.12,0.12,0.25,0.07,0.12,0.58,0.045,0.14,0.45,0.04,0.28,0.7,0.14,0.13,0.3,0.3,0.12,0.68,0.18,0.09,0.06,0.33,0.18,0.1,0.25,0.14,0.06,0.22,0.3,0.18,0.58,0.12,0.45,0.1,0.09,1,0.006559479300841562
2018-10-05,661306005,9.99,1,0.7,0.3,0.12,0.08,0.62,0.5,0.22,0.6,0.18,0.65,0.18,0.12,0.5,0.3,0.4,0.12,0.12,0.25,0.07,0.12,0.58,0.045,0.14,0.45,0.04,0.28,0.7,0.14,0.13,0.3,0.3,0.12,0.68,0.18,0.09,0.06,0.33,0.18,0.1,0.25,0.14,0.06,0.22,0.3,0.18,0.58,0.12,0.45,0.1,0.09,2,0.006559479300841562
2018-10-14,661306005,7.99,1,0.82,0.6,0.22,0.15,0.79,0.75,0.42,0.8,0.4,0.72,0.35,0.22,0.62,0.38,0.5,0.22,0.2,0.4,0.15,0.28,0.65,0.07,0.26,0.6,0.1,0.52,0.8,0.3,0.24,0.5,0.45,0.18,0.78,0.38,0.13,0.1,0.47,0.25,0.15,0.45,0.25,0.09,0.43,0.45,0.35,0.72,0.25,0.58,0.14,0.14,3,0.007746114471512258
2018-10-15,661306005,9.99,1,0.7,0.3,0.12,0.08,0.62,0.5,0.22,0.6,0.18,0.65,0.18,0.12,0.5,0.3,0.4,0.12,0.12,0.25,0.07,0.12,0.58,0.045,0.14,0.45,0.04,0.28,0.7,0.14,0.13,0.3,0.3,0.12,0.68,0.18,0.09,0.06,0.33,0.18,0.1,0.25,0.14,0.06,0.22,0.3,0.18,0.58,0.12,0.45,0.1,0.09,2,0.006559479300841562
2018-10-29,661306005,9.99,1,0.7,0.3,0.12,0.08,0.62,0.5,0.22,0.6,0.18,0.65,0.18,0.12,0.5,0.3,0.4,0.12,0.12,0.25,0.07,0.12,0.58,0.045,0.14,0.45,0.04,0.28,0.7,0.14,0.13,0.3,0.3,0.12,0.68,0.18,0.09,0.06,0.33,0.18,0.1,0.25,0.14,0.06,0.22,0.3,0.18,0.58,0.12,0.45,0.1,0.09,2,0.006559479300841562
2018-11-11,661306005,9.99,0,0.7,0.3,0.12,0.08,0.62,0.5,0.22,0.6,0.18,0.65,0.18,0.12,0.5,0.3,0.4,0.12,0.12,0.25,0.07,0.12,0.58,0.045,0.14,0.45,0.04,0.28,0.7,0.14,0.13,0.3,0.3,0.12,0.68,0.18,0.09,0.06,0.33,0.18,0.1,0.25,0.14,0.06,0.22,0.3,0.18,0.58,0.12,0.45,0.1,0.09,9,0.006559479300841562
2018-11-19,661306005,9.99,0,0.7,0.3,0.12,0.08,0.62,0.5,0.22,0.6,0.18,0.65,0.18,0.12,0.5,0.3,0.4,0.12,0.12,0.25,0.07,0.12,0.58,0.045,0.14,0.45,0.04,0.28,0.7,0.14,0.13,0.3,0.3,0.12,0.68,0.18,0.09,0.06,0.33,0.18,0.1,0.25,0.14,0.06,0.22,0.3,0.18,0.58,0.12,0.45,0.1,0.09,4,0.006559479300841562
2018-11-23,661306005,7.99,2,0.82,0.6,0.22,0.15,0.79,0.75,0.42,0.8,0.4,0.72,0.35,0.22,0.62,0.38,0.5,0.22,0.2,0.4,0.15,0.28,0.65,0.07,0.26,0.6,0.1,0.52,0.8,0.3,0.24,0.5,0.45,0.18,0.78,0.38,0.13,0.1,0.47,0.25,0.15,0.45,0.25,0.09,0.43,0.45,0.35,0.72,0.25,0.58,0.14,0.14,15,0.007746114471512258
2018-11-25,661306005,9.99,1,0.7,0.3,0.12,0.08,0.62,0.5,0.22,0.6,0.18,0.65,0.18,0.12,0.5,0.3,0.4,0.12,0.12,0.25,0.07,0.12,0.58,0.045,0.14,0.45,0.04,0.28,0.7,0.14,0.13,0.3,0.3,0.12,0.68,0.18,0.09,0.06,0.33,0.18,0.1,0.25,0.14,0.06,0.22,0.3,0.18,0.58,0.12,0.45,0.1,0.09,4,0.006559479300841562
2018-12-03,661306005,9.99,1,0.7,0.3,0.12,0.08,0.62,0.5,0.22,0.6,0.18,0.65,0.18,0.12,0.5,0.3,0.4,0.12,0.12,0.25,0.07,0.12,0.58,0.045,0.14,0.45,0.04,0.28,0.7,0.14,0.13,0.3,0.3,0.12,0.68,0.18,0.09,0.06,0.33,0.18,0.1,0.25,0.14,0.06,0.22,0.3,0.18,0.58,0.12,0.45,0.1,0.09,1,0.006559479300841562
2018-12-10,661306005,9.99,1,0.7,0.3,0.12,0.08,0.62,0.5,0.22,0.6,0.18,0.65,0.18,0.12,0.5,0.3,0.4,0.12,0.12,0.25,0.07,0.12,0.58,0.045,0.14,0.45,0.04,0.28,0.7,0.14,0.13,0.3,0.3,0.12,0.68,0.18,0.09,0.06,0.33,0.18,0.1,0.25,0.14,0.06,0.22,0.3,0.18,0.58,0.12,0.45,0.1,0.09,5,0.006559479300841562
2018-12-14,661306005,9.99,0,0.7,0.3,0.12,0.08,0.62,0.5,0.22,0.6,0.18,0.65,0.18,0.12,0.5,0.3,0.4,0.12,0.12,0.25,0.07,0.12,0.58,0.045,0.14,0.45,0.04,0.28,0.7,0.14,0.13,0.3,0.3,0.12,0.68,0.18,0.09,0.06,0.33,0.18,0.1,0.25,0.14,0.06,0.22,0.3,0.18,0.58,0.12,0.45,0.1,0.09,13,0.006559479300841562
2018-12-19,661306005,9.99,0,0.7,0.3,0.12,0.08,0.62,0.5,0.22,0.6,0.18,0.65,0.18,0.12,0.5,0.3,0.4,0.12,0.12,0.25,0.07,0.12,0.58,0.045,0.14,0.45,0.04,0.28,0.7,0.14,0.13,0.3,0.3,0.12,0.68,0.18,0.09,0.06,0.33,0.18,0.1,0.25,0.14,0.06,0.22,0.3,0.18,0.58,0.12,0.45,0.1,0.09,9,0.006559479300841562
2018-12-26,661306005,9.99,2,0.7,0.3,0.12,0.08,0.62,0.5,0.22,0.6,0.18,0.65,0.18,0.12,0.5,0.3,0.4,0.12,0.12,0.25,0.07,0.12,0.58,0.045,0.14,0.45,0.04,0.28,0.7,0.14,0.13,0.3,0.3,0.12,0.68,0.18,0.09,0.06,0.33,0.18,0.1,0.25,0.14,0.06,0.22,0.3,0.18,0.58,0.12,0.45,0.1,0.09,2,0.006559479300841562
2019-01-04,661306005,9.99,2,0.7,0.3,0.12,0.08,0.62,0.5,0.22,0.6,0.18,0.65,0.18,0.12,0.5,0.3,0.4,0.12,0.12,0.25,0.07,0.12,0.58,0.045,0.14,0.45,0.04,0.28,0.7,0.14,0.13,0.3,0.3,0.12,0.68,0.18,0.09,0.06,0.33,0.18,0.1,0.25,0.14,0.06,0.22,0.3,0.18,0.58,0.12,0.45,0.1,0.09,5,0.006559479300841562
2019-01-05,661306005,9.99,1,0.7,0.3,0.12,0.08,0.62,0.5,0.22,0.6,0.18,0.65,0.18,0.12,0.5,0.3,0.4,0.12,0.12,0.25,0.07,0.12,0.58,0.045,0.14,0.45,0.04,0.28,0.7,0.14,0.13,0.3,0.3,0.12,0.68,0.18,0.09,0.06,0.33,0.18,0.1,0.25,0.14,0.06,0.22,0.3,0.18,0.58,0.12,0.45,0.1,0.09,4,0.006559479300841562
2019-01-09,661306005,9.99,2,0.7,0.3,0.12,0.08,0.62,0.5,0.22,0.6,0.18,0.65,0.18,0.12,0.5,0.3,0.4,0.12,0.12,0.25,0.07,0.12,0.58,0.045,0.14,0.45,0.04,0.28,0.7,0.14,0.13,0.3,0.3,0.12,0.68,0.18,0.09,0.06,0.33,0.18,0.1,0.25,0.14,0.06,0.22,0.3,0.18,0.58,0.12,0.45,0.1,0.09,5,0.006559479300841562
2019-01-11,661306005,9.99,1,0.7,0.3,0.12,0.08,0.62,0.5,0.22,0.6,0.18,0.65,0.18,0.12,0.5,0.3,0.4,0.12,0.12,0.25,0.07,0.12,0.58,0.045,0.14,0.45,0.04,0.28,0.7,0.14,0.13,0.3,0.3,0.12,0.68,0.18,0.09,0.06,0.33,0.18,0.1,0.25,0.14,0.06,0.22,0.3,0.18,0.58,0.12,0.45,0.1,0.09,2,0.006559479300841562
2019-01-15,661306005,9.99,3,0.7,0.3,0.12,0.08,0.62,0.5,0.22,0.6,0.18,0.65,0.18,0.12,0.5,0.3,0.4,0.12,0.12,0.25,0.07,0.12,0.58,0.045,0.14,0.45,0.04,0.28,0.7,0.14,0.13,0.3,0.3,0.12,0.68,0.18,0.09,0.06,0.33,0.18,0.1,0.25,0.14,0.06,0.22,0.3,0.18,0.58,0.12,0.45,0.1,0.09,2,0.006559479300841562
2019-01-16,661306005,9.99,3,0.7,0.3,0.12,0.08,0.62,0.5,0.22,0.6,0.18,0.65,0.18,0.12,0.5,0.3,0.4,0.12,0.12,0.25,0.07,0.12,0.58,0.045,0.14,0.45,0.04,0.28,0.7,0.14,0.13,0.3,0.3,0.12,0.68,0.18,0.09,0.06,0.33,0.18,0.1,0.25,0.14,0.06,0.22,0.3,0.18,0.58,0.12,0.45,0.1,0.09,2,0.006559479300841562
2019-01-18,661306005,9.99,2,0.7,0.3,0.12,0.08,0.62,0.5,0.22,0.6,0.18,0.65,0.18,0.12,0.5,0.3,0.4,0.12,0.12,0.25,0.07,0.12,0.58,0.045,0.14,0.45,0.04,0.28,0.7,0.14,0.13,0.3,0.3,0.12,0.68,0.18,0.09,0.06,0.33,0.18,0.1,0.25,0.14,0.06,0.22,0.3,0.18,0.58,0.12,0.45,0.1,0.09,3,0.006559479300841562
2019-01-20,661306005,9.99,2,0.7,0.3,0.12,0.08,0.62,0.5,0.22,0.6,0.18,0.65,0.18,0.12,0.5,0.3,0.4,0.12,0.12,0.25,0.07,0.12,0.58,0.045,0.14,0.45,0.04,0.28,0.7,0.14,0.13,0.3,0.3,0.12,0.68,0.18,0.09,0.06,0.33,0.18,0.1,0.25,0.14,0.06,0.22,0.3,0.18,0.58,0.12,0.45,0.1,0.09,1,0.006559479300841562
2019-01-25,661306005,9.99,2,0.7,0.3,0.12,0.08,0.62,0.5,0.22,0.6,0.18,0.65,0.18,0.12,0.5,0.3,0.4,0.12,0.12,0.25,0.07,0.12,0.58,0.045,0.14,0.45,0.04,0.28,0.7,0.14,0.13,0.3,0.3,0.12,0.68,0.18,0.09,0.06,0.33,0.18,0.1,0.25,0.14,0.06,0.22,0.3,0.18,0.58,0.12,0.45,0.1,0.09,3,0.006559479300841562
2019-01-27,661306005,9.99,1,0.7,0.3,0.12,0.08,0.62,0.5,0.22,0.6,0.18,0.65,0.18,0.12,0.5,0.3,0.4,0.12,0.12,0.25,0.07,0.12,0.58,0.045,0.14,0.45,0.04,0.28,0.7,0.14,0.13,0.3,0.3,0.12,0.68,0.18,0.09,0.06,0.33,0.18,0.1,0.25,0.14,0.06,0.22,0.3,0.18,0.58,0.12,0.45,0.1,0.09,2,0.006559479300841562
2019-02-01,661306005,9.99,1,0.7,0.3,0.12,0.08,0.62,0.5,0.22,0.6,0.18,0.65,0.18,0.12,0.5,0.3,0.4,0.12,0.12,0.25,0.07,0.12,0.58,0.045,0.14,0.45,0.04,0.28,0.7,0.14,0.13,0.3,0.3,0.12,0.68,0.18,0.09,0.06,0.33,0.18,0.1,0.25,0.14,0.06,0.22,0.3,0.18,0.58,0.12,0.45,0.1,0.09,3,0.006559479300841562
2019-02-04,661306005,9.99,1,0.7,0.3,0.12,0.08,0.62,0.5,0.22,0.6,0.18,0.65,0.18,0.12,0.5,0.3,0.4,0.12,0.12,0.25,0.07,0.12,0.58,0.045,0.14,0.45,0.04,0.28,0.7,0.14,0.13,0.3,0.3,0.12,0.68,0.18,0.09,0.06,0.33,0.18,0.1,0.25,0.14,0.06,0.22,0.3,0.18,0.58,0.12,0.45,0.1,0.09,1,0.006559479300841562
2019-02-11,661306005,9.99,0,0.7,0.3,0.12,0.08,0.62,0.5,0.22,0.6,0.18,0.65,0.18,0.12,0.5,0.3,0.4,0.12,0.12,0.25,0.07,0.12,0.58,0.045,0.14,0.45,0.04,0.28,0.7,0.14,0.13,0.3,0.3,0.12,0.68,0.18,0.09,0.06,0.33,0.18,0.1,0.25,0.14,0.06,0.22,0.3,0.18,0.58,0.12,0.45,0.1,0.09,2,0.006559479300841562
2019-02-16,661306005,9.99,0,0.7,0.3,0.12,0.08,0.62,0.5,0.22,0.6,0.18,0.65,0.18,0.12,0.5,0.3,0.4,0.12,0.12,0.25,0.07,0.12,0.58,0.045,0.14,0.45,0.04,0.28,0.7,0.14,0.13,0.3,0.3,0.12,0.68,0.18,0.09,0.06,0.33,0.18,0.1,0.25,0.14,0.06,0.22,0.3,0.18,0.58,0.12,0.45,0.1,0.09,4,0.006559479300841562
2019-02-17,661306005,9.99,1,0.7,0.3,0.12,0.08,0.62,0.5,0.22,0.6,0.18,0.65,0.18,0.12,0.5,0.3,0.4,0.12,0.12,0.25,0.07,0.12,0.58,0.045,0.14,0.45,0.04,0.28,0.7,0.14,0.13,0.3,0.3,0.12,0.68,0.18,0.09,0.06,0.33,0.18,0.1,0.25,0.14,0.06,0.22,0.3,0.18,0.58,0.12,0.45,0.1,0.09,2,0.006559479300841562
2019-02-22,661306005,8.49,3,0.78,0.5,0.18,0.12,0.74,0.68,0.35,0.75,0.32,0.69,0.3,0.18,0.58,0.35,0.46,0.18,0.17,0.35,0.12,0.22,0.62,0.06,0.22,0.55,0.08,0.45,0.78,0.25,0.2,0.45,0.4,0.16,0.74,0.32,0.11,0.08,0.43,0.22,0.13,0.4,0.2,0.08,0.36,0.4,0.28,0.68,0.2,0.53,0.13,0.12,2,0.007374334276989233
2019-02-23,661306005,8.49,1,0.78,0.5,0.18,0.12,0.74,0.68,0.35,0.75,0.32,0.69,0.3,0.18,0.58,0.35,0.46,0.18,0.17,0.35,0.12,0.22,0.62,0.06,0.22,0.55,0.08,0.45,0.78,0.25,0.2,0.45,0.4,0.16,0.74,0.32,0.11,0.08,0.43,0.22,0.13,0.4,0.2,0.08,0.36,0.4,0.28,0.68,0.2,0.53,0.13,0.12,2,0.007374334276989233
2019-02-25,661306005,8.49,2,0.78,0.5,0.18,0.12,0.74,0.68,0.35,0.75,0.32,0.69,0.3,0.18,0.58,0.35,0.46,0.18,0.17,0.35,0.12,0.22,0.62,0.06,0.22,0.55,0.08,0.45,0.78,0.25,0.2,0.45,0.4,0.16,0.74,0.32,0.11,0.08,0.43,0.22,0.13,0.4,0.2,0.08,0.36,0.4,0.28,0.68,0.2,0.53,0.13,0.12,1,0.007374334276989233
2019-02-26,661306005,8.49,4,0.78,0.5,0.18,0.12,0.74,0.68,0.35,0.75,0.32,0.69,0.3,0.18,0.58,0.35,0.46,0.18,0.17,0.35,0.12,0.22,0.62,0.06,0.22,0.55,0.08,0.45,0.78,0.25,0.2,0.45,0.4,0.16,0.74,0.32,0.11,0.08,0.43,0.22,0.13,0.4,0.2,0.08,0.36,0.4,0.28,0.68,0.2,0.53,0.13,0.12,1,0.007374334276989233
2019-02-28,661306005,9.99,3,0.7,0.3,0.12,0.08,0.62,0.5,0.22,0.6,0.18,0.65,0.18,0.12,0.5,0.3,0.4,0.12,0.12,0.25,0.07,0.12,0.58,0.045,0.14,0.45,0.04,0.28,0.7,0.14,0.13,0.3,0.3,0.12,0.68,0.18,0.09,0.06,0.33,0.18,0.1,0.25,0.14,0.06,0.22,0.3,0.18,0.58,0.12,0.45,0.1,0.09,1,0.006559479300841562
2019-03-12,661306005,9.99,0,0.7,0.3,0.12,0.08,0.62,0.5,0.22,0.6,0.18,0.65,0.18,0.12,0.5,0.3,0.4,0.12,0.12,0.25,0.07,0.12,0.58,0.045,0.14,0.45,0.04,0.28,0.7,0.14,0.13,0.3,0.3,0.12,0.68,0.18,0.09,0.06,0.33,0.18,0.1,0.25,0.14,0.06,0.22,0.3,0.18,0.58,0.12,0.45,0.1,0.09,1,0.006559479300841562
2019-03-29,661306005,9.99,0,0.7,0.3,0.12,0.08,0.62,0.5,0.22,0.6,0.18,0.65,0.18,0.12,0.5,0.3,0.4,0.12,0.12,0.25,0.07,0.12,0.58,0.045,0.14,0.45,0.04,0.28,0.7,0.14,0.13,0.3,0.3,0.12,0.68,0.18,0.09,0.06,0.33,0.18,0.1,0.25,0.14,0.06,0.22,0.3,0.18,0.58,0.12,0.45,0.1,0.09,1,0.006559479300841562
2019-03-30,661306005,9.99,2,0.7,0.3,0.12,0.08,0.62,0.5,0.22,0.6,0.18,0.65,0.18,0.12,0.5,0.3,0.4,0.12,0.12,0.25,0.07,0.12,0.58,0.045,0.14,0.45,0.04,0.28,0.7,0.14,0.13,0.3,0.3,0.12,0.68,0.18,0.09,0.06,0.33,0.18,0.1,0.25,0.14,0.06,0.22,0.3,0.18,0.58,0.12,0.45,0.1,0.09,2,0.006559479300841562
2019-04-20,661306005,2.99,5,0.98,0.95,0.6,0.5,0.97,0.98,0.86,0.98,0.88,0.95,0.75,0.68,0.86,0.65,0.78,0.55,0.6,0.7,0.55,0.88,0.85,0.18,0.72,0.92,0.35,0.9,0.95,0.58,0.65,0.9,0.9,0.35,0.95,0.88,0.36,0.34,0.88,0.6,0.4,0.9,0.7,0.28,0.88,0.9,0.85,0.95,0.65,0.8,0.35,0.4,1,0.011287091525156162
2019-05-21,661306005,4.99,1,0.92,0.85,0.42,0.35,0.9,0.92,0.7,0.92,0.7,0.88,0.55,0.48,0.75,0.55,0.64,0.38,0.42,0.6,0.35,0.6,0.75,0.12,0.5,0.78,0.22,0.75,0.89,0.44,0.47,0.75,0.72,0.25,0.89,0.7,0.24,0.2,0.76,0.4,0.25,0.75,0.48,0.18,0.72,0.72,0.6,0.85,0.45,0.68,0.22,0.28,1,0.009558348239047984
2019-05-29,661306005,7.99,0,0.82,0.6,0.22,0.15,0.79,0.75,0.42,0.8,0.4,0.72,0.35,0.22,0.62,0.38,0.5,0.22,0.2,0.4,0.15,0.28,0.65,0.07,0.26,0.6,0.1,0.52,0.8,0.3,0.24,0.5,0.45,0.18,0.78,0.38,0.13,0.1,0.47,0.25,0.15,0.45,0.25,0.09,0.43,0.45,0.35,0.72,0.25,0.58,0.14,0.14,1,0.007746114471512258
2019-05-31,661306005,9.99,3,0.7,0.3,0.12,0.08,0.62,0.5,0.22,0.6,0.18,0.65,0.18,0.12,0.5,0.3,0.4,0.12,0.12,0.25,0.07,0.12,0.58,0.045,0.14,0.45,0.04,0.28,0.7,0.14,0.13,0.3,0.3,0.12,0.68,0.18,0.09,0.06,0.33,0.18,0.1,0.25,0.14,0.06,0.22,0.3,0.18,0.58,0.12,0.45,0.1,0.09,1,0.006559479300841562
2019-06-24,661306005,7.99,0,0.82,0.6,0.22,0.15,0.79,0.75,0.42,0.8,0.4,0.72,0.35,0.22,0.62,0.38,0.5,0.22,0.2,0.4,0.15,0.28,0.65,0.07,0.26,0.6,0.1,0.52,0.8,0.3,0.24,0.5,0.45,0.18,0.78,0.38,0.13,0.1,0.47,0.25,0.15,0.45,0.25,0.09,0.43,0.45,0.35,0.72,0.25,0.58,0.14,0.14,1,0.007746114471512258
2019-07-03,661306005,6.99,4,0.88,0.7,0.3,0.2,0.84,0.85,0.55,0.85,0.55,0.78,0.45,0.34,0.68,0.45,0.55,0.3,0.28,0.5,0.2,0.38,0.68,0.09,0.36,0.68,0.15,0.62,0.85,0.36,0.32,0.6,0.55,0.2,0.82,0.5,0.17,0.12,0.58,0.3,0.18,0.55,0.32,0.12,0.55,0.55,0.45,0.78,0.35,0.62,0.16,0.18,1,0.008387336740906956
2019-07-05,661306005,6.99,1,0.88,0.7,0.3,0.2,0.84,0.85,0.55,0.85,0.55,0.78,0.45,0.34,0.68,0.45,0.55,0.3,0.28,0.5,0.2,0.38,0.68,0.09,0.36,0.68,0.15,0.62,0.85,0.36,0.32,0.6,0.55,0.2,0.82,0.5,0.17,0.12,0.58,0.3,0.18,0.55,0.32,0.12,0.55,0.55,0.45,0.78,0.35,0.62,0.16,0.18,1,0.008387336740906956
2019-08-14,661306005,3.3,3,0.97,0.93,0.57,0.48,0.96,0.97,0.84,0.97,0.86,0.94,0.72,0.65,0.84,0.63,0.75,0.5,0.57,0.68,0.52,0.82,0.83,0.17,0.7,0.9,0.33,0.88,0.94,0.55,0.62,0.88,0.88,0.33,0.94,0.84,0.34,0.31,0.86,0.58,0.38,0.88,0.66,0.26,0.86,0.88,0.8,0.94,0.62,0.78,0.32,0.38,1,0.010995584412653761
2018-09-27,672127002,4.99,2,0.8,0.84,0.38,0.75,0.85,0.95,0.73,0.96,0.64,0.8,0.25,0.32,0.87,0.25,0.83,0.54,0.55,0.62,0.43,0.22,0.8,0.25,0.75,0.76,0.75,0.85,0.78,0.75,0.68,0.75,0.58,0.35,0.18,0.6,0.6,0.15,0.85,0.28,0.22,0.75,0.62,0.5,0.88,0.78,0.47,0.86,0.17,0.5,0.35,0.3,1,0.01088355978622198
2018-11-10,672127002,4.99,1,0.8,0.84,0.38,0.75,0.85,0.95,0.73,0.96,0.64,0.8,0.25,0.32,0.87,0.25,0.83,0.54,0.55,0.62,0.43,0.22,0.8,0.25,0.75,0.76,0.75,0.85,0.78,0.75,0.68,0.75,0.58,0.35,0.18,0.6,0.6,0.15,0.85,0.28,0.22,0.75,0.62,0.5,0.88,0.78,0.47,0.86,0.17,0.5,0.35,0.3,15,0.01088355978622198
2018-11-11,672127002,4.99,4,0.8,0.84,0.38,0.75,0.85,0.95,0.73,0.96,0.64,0.8,0.25,0.32,0.87,0.25,0.83,0.54,0.55,0.62,0.43,0.22,0.8,0.25,0.75,0.76,0.75,0.85,0.78,0.75,0.68,0.75,0.58,0.35,0.18,0.6,0.6,0.15,0.85,0.28,0.22,0.75,0.62,0.5,0.88,0.78,0.47,0.86,0.17,0.5,0.35,0.3,2,0.01088355978622198
2018-11-12,672127002,4.28,0,0.84,0.88,0.35,0.82,0.88,0.97,0.78,0.975,0.68,0.86,0.3,0.37,0.9,0.2,0.88,0.57,0.6,0.66,0.47,0.28,0.85,0.28,0.8,0.83,0.82,0.9,0.76,0.8,0.72,0.82,0.63,0.4,0.22,0.72,0.68,0.2,0.9,0.32,0.27,0.8,0.68,0.6,0.93,0.84,0.53,0.9,0.2,0.55,0.45,0.36,1,0.011458242138481487
2018-11-14,672127002,4.99,3,0.8,0.84,0.38,0.75,0.85,0.95,0.73,0.96,0.64,0.8,0.25,0.32,0.87,0.25,0.83,0.54,0.55,0.62,0.43,0.22,0.8,0.25,0.75,0.76,0.75,0.85,0.78,0.75,0.68,0.75,0.58,0.35,0.18,0.6,0.6,0.15,0.85,0.28,0.22,0.75,0.62,0.5,0.88,0.78,0.47,0.86,0.17,0.5,0.35,0.3,5,0.01088355978622198
2018-11-15,672127002,4.99,2,0.8,0.84,0.38,0.75,0.85,0.95,0.73,0.96,0.64,0.8,0.25,0.32,0.87,0.25,0.83,0.54,0.55,0.62,0.43,0.22,0.8,0.25,0.75,0.76,0.75,0.85,0.78,0.75,0.68,0.75,0.58,0.35,0.18,0.6,0.6,0.15,0.85,0.28,0.22,0.75,0.62,0.5,0.88,0.78,0.47,0.86,0.17,0.5,0.35,0.3,10,0.01088355978622198
2018-11-17,672127002,4.99,5,0.8,0.84,0.38,0.75,0.85,0.95,0.73,0.96,0.64,0.8,0.25,0.32,0.87,0.25,0.83,0.54,0.55,0.62,0.43,0.22,0.8,0.25,0.75,0.76,0.75,0.85,0.78,0.75,0.68,0.75,0.58,0.35,0.18,0.6,0.6,0.15,0.85,0.28,0.22,0.75,0.62,0.5,0.88,0.78,0.47,0.86,0.17,0.5,0.35,0.3,15,0.01088355978622198
2018-11-19,672127002,4.99,1,0.8,0.84,0.38,0.75,0.85,0.95,0.73,0.96,0.64,0.8,0.25,0.32,0.87,0.25,0.83,0.54,0.55,0.62,0.43,0.22,0.8,0.25,0.75,0.76,0.75,0.85,0.78,0.75,0.68,0.75,0.58,0.35,0.18,0.6,0.6,0.15,0.85,0.28,0.22,0.75,0.62,0.5,0.88,0.78,0.47,0.86,0.17,0.5,0.35,0.3,1,0.01088355978622198
2018-11-25,672127002,4.99,1,0.8,0.84,0.38,0.75,0.85,0.95,0.73,0.96,0.64,0.8,0.25,0.32,0.87,0.25,0.83,0.54,0.55,0.62,0.43,0.22,0.8,0.25,0.75,0.76,0.75,0.85,0.78,0.75,0.68,0.75,0.58,0.35,0.18,0.6,0.6,0.15,0.85,0.28,0.22,0.75,0.62,0.5,0.88,0.78,0.47,0.86,0.17,0.5,0.35,0.3,1,0.01088355978622198
2018-11-29,672127002,9.99,4,0.55,0.56,0.65,0.35,0.66,0.88,0.4,0.88,0.35,0.5,0.08,0.12,0.77,0.7,0.6,0.65,0.3,0.5,0.25,0.06,0.45,0.13,0.5,0.5,0.43,0.74,0.9,0.4,0.38,0.48,0.3,0.18,0.09,0.25,0.35,0.06,0.55,0.15,0.08,0.42,0.35,0.25,0.65,0.58,0.3,0.62,0.09,0.45,0.12,0.12,3,0.008776173109334711
2018-12-09,672127002,9.99,1,0.55,0.56,0.65,0.35,0.66,0.88,0.4,0.88,0.35,0.5,0.08,0.12,0.77,0.7,0.6,0.65,0.3,0.5,0.25,0.06,0.45,0.13,0.5,0.5,0.43,0.74,0.9,0.4,0.38,0.48,0.3,0.18,0.09,0.25,0.35,0.06,0.55,0.15,0.08,0.42,0.35,0.25,0.65,0.58,0.3,0.62,0.09,0.45,0.12,0.12,1,0.008776173109334711
2018-12-12,672127002,9.99,0,0.55,0.56,0.65,0.35,0.66,0.88,0.4,0.88,0.35,0.5,0.08,0.12,0.77,0.7,0.6,0.65,0.3,0.5,0.25,0.06,0.45,0.13,0.5,0.5,0.43,0.74,0.9,0.4,0.38,0.48,0.3,0.18,0.09,0.25,0.35,0.06,0.55,0.15,0.08,0.42,0.35,0.25,0.65,0.58,0.3,0.62,0.09,0.45,0.12,0.12,1,0.008776173109334711
2018-12-17,672127002,9.99,2,0.55,0.56,0.65,0.35,0.66,0.88,0.4,0.88,0.35,0.5,0.08,0.12,0.77,0.7,0.6,0.65,0.3,0.5,0.25,0.06,0.45,0.13,0.5,0.5,0.43,0.74,0.9,0.4,0.38,0.48,0.3,0.18,0.09,0.25,0.35,0.06,0.55,0.15,0.08,0.42,0.35,0.25,0.65,0.58,0.3,0.62,0.09,0.45,0.12,0.12,2,0.008776173109334711
2018-12-20,672127002,9.99,4,0.55,0.56,0.65,0.35,0.66,0.88,0.4,0.88,0.35,0.5,0.08,0.12,0.77,0.7,0.6,0.65,0.3,0.5,0.25,0.06,0.45,0.13,0.5,0.5,0.43,0.74,0.9,0.4,0.38,0.48,0.3,0.18,0.09,0.25,0.35,0.06,0.55,0.15,0.08,0.42,0.35,0.25,0.65,0.58,0.3,0.62,0.09,0.45,0.12,0.12,5,0.008776173109334711
2018-12-21,672127002,9.99,0,0.55,0.56,0.65,0.35,0.66,0.88,0.4,0.88,0.35,0.5,0.08,0.12,0.77,0.7,0.6,0.65,0.3,0.5,0.25,0.06,0.45,0.13,0.5,0.5,0.43,0.74,0.9,0.4,0.38,0.48,0.3,0.18,0.09,0.25,0.35,0.06,0.55,0.15,0.08,0.42,0.35,0.25,0.65,0.58,0.3,0.62,0.09,0.45,0.12,0.12,4,0.008776173109334711
